Archive member included to satisfy reference by file (symbol)

c:/nxp/s32ds_arm_v2.2/s32ds/build_tools/gcc_v6.3/gcc-6.3-arm32-eabi/bin/../lib/gcc/arm-none-eabi/6.3.1/thumb/v7e-m/fpv4-sp/hard\libgcc.a(_arm_addsubsf3.o)
                              ./Sources/middle_layer/communication_stack/src/can_dbc.o (__aeabi_ul2f)
c:/nxp/s32ds_arm_v2.2/s32ds/build_tools/gcc_v6.3/gcc-6.3-arm32-eabi/bin/../lib/gcc/arm-none-eabi/6.3.1/thumb/v7e-m/fpv4-sp/hard\libgcc.a(_aeabi_uldivmod.o)
                              ./SDK/platform/pal/src/timing/timing_pal.o (__aeabi_uldivmod)
c:/nxp/s32ds_arm_v2.2/s32ds/build_tools/gcc_v6.3/gcc-6.3-arm32-eabi/bin/../lib/gcc/arm-none-eabi/6.3.1/thumb/v7e-m/fpv4-sp/hard\libgcc.a(_udivmoddi4.o)
                              c:/nxp/s32ds_arm_v2.2/s32ds/build_tools/gcc_v6.3/gcc-6.3-arm32-eabi/bin/../lib/gcc/arm-none-eabi/6.3.1/thumb/v7e-m/fpv4-sp/hard\libgcc.a(_aeabi_uldivmod.o) (__udivmoddi4)
c:/nxp/s32ds_arm_v2.2/s32ds/build_tools/gcc_v6.3/gcc-6.3-arm32-eabi/bin/../lib/gcc/arm-none-eabi/6.3.1/thumb/v7e-m/fpv4-sp/hard\libgcc.a(_dvmd_tls.o)
                              c:/nxp/s32ds_arm_v2.2/s32ds/build_tools/gcc_v6.3/gcc-6.3-arm32-eabi/bin/../lib/gcc/arm-none-eabi/6.3.1/thumb/v7e-m/fpv4-sp/hard\libgcc.a(_aeabi_uldivmod.o) (__aeabi_ldiv0)
C:/NXP/S32DS_ARM_v2.2/S32DS/build_tools/gcc_v6.3/gcc-6.3-arm32-eabi/arm-none-eabi/newlib/lib/thumb/v7e-m/fpv4-sp/hard\libc_nano.a(lib_a-assert.o)
                              ./Sources/middle_layer/communication_stack/src/uds_can_transport.o (__assert_func)
C:/NXP/S32DS_ARM_v2.2/S32DS/build_tools/gcc_v6.3/gcc-6.3-arm32-eabi/arm-none-eabi/newlib/lib/thumb/v7e-m/fpv4-sp/hard\libc_nano.a(lib_a-exit.o)
                              C:/NXP/S32DS_ARM_v2.2/S32DS/build_tools/gcc_v6.3/gcc-6.3-arm32-eabi/arm-none-eabi/newlib/lib/thumb/v7e-m/fpv4-sp/hard/crt0.o (exit)
C:/NXP/S32DS_ARM_v2.2/S32DS/build_tools/gcc_v6.3/gcc-6.3-arm32-eabi/arm-none-eabi/newlib/lib/thumb/v7e-m/fpv4-sp/hard\libc_nano.a(lib_a-fprintf.o)
                              C:/NXP/S32DS_ARM_v2.2/S32DS/build_tools/gcc_v6.3/gcc-6.3-arm32-eabi/arm-none-eabi/newlib/lib/thumb/v7e-m/fpv4-sp/hard\libc_nano.a(lib_a-assert.o) (fiprintf)
C:/NXP/S32DS_ARM_v2.2/S32DS/build_tools/gcc_v6.3/gcc-6.3-arm32-eabi/arm-none-eabi/newlib/lib/thumb/v7e-m/fpv4-sp/hard\libc_nano.a(lib_a-impure.o)
                              C:/NXP/S32DS_ARM_v2.2/S32DS/build_tools/gcc_v6.3/gcc-6.3-arm32-eabi/arm-none-eabi/newlib/lib/thumb/v7e-m/fpv4-sp/hard\libc_nano.a(lib_a-exit.o) (_global_impure_ptr)
C:/NXP/S32DS_ARM_v2.2/S32DS/build_tools/gcc_v6.3/gcc-6.3-arm32-eabi/arm-none-eabi/newlib/lib/thumb/v7e-m/fpv4-sp/hard\libc_nano.a(lib_a-init.o)
                              C:/NXP/S32DS_ARM_v2.2/S32DS/build_tools/gcc_v6.3/gcc-6.3-arm32-eabi/arm-none-eabi/newlib/lib/thumb/v7e-m/fpv4-sp/hard/crt0.o (__libc_init_array)
C:/NXP/S32DS_ARM_v2.2/S32DS/build_tools/gcc_v6.3/gcc-6.3-arm32-eabi/arm-none-eabi/newlib/lib/thumb/v7e-m/fpv4-sp/hard\libc_nano.a(lib_a-memset.o)
                              C:/NXP/S32DS_ARM_v2.2/S32DS/build_tools/gcc_v6.3/gcc-6.3-arm32-eabi/arm-none-eabi/newlib/lib/thumb/v7e-m/fpv4-sp/hard/crt0.o (memset)
C:/NXP/S32DS_ARM_v2.2/S32DS/build_tools/gcc_v6.3/gcc-6.3-arm32-eabi/arm-none-eabi/newlib/lib/thumb/v7e-m/fpv4-sp/hard\libc_nano.a(lib_a-nano-vfprintf.o)
                              C:/NXP/S32DS_ARM_v2.2/S32DS/build_tools/gcc_v6.3/gcc-6.3-arm32-eabi/arm-none-eabi/newlib/lib/thumb/v7e-m/fpv4-sp/hard\libc_nano.a(lib_a-fprintf.o) (_vfprintf_r)
C:/NXP/S32DS_ARM_v2.2/S32DS/build_tools/gcc_v6.3/gcc-6.3-arm32-eabi/arm-none-eabi/newlib/lib/thumb/v7e-m/fpv4-sp/hard\libc_nano.a(lib_a-wbuf.o)
                              C:/NXP/S32DS_ARM_v2.2/S32DS/build_tools/gcc_v6.3/gcc-6.3-arm32-eabi/arm-none-eabi/newlib/lib/thumb/v7e-m/fpv4-sp/hard\libc_nano.a(lib_a-nano-vfprintf.o) (__swbuf_r)
C:/NXP/S32DS_ARM_v2.2/S32DS/build_tools/gcc_v6.3/gcc-6.3-arm32-eabi/arm-none-eabi/newlib/lib/thumb/v7e-m/fpv4-sp/hard\libc_nano.a(lib_a-wsetup.o)
                              C:/NXP/S32DS_ARM_v2.2/S32DS/build_tools/gcc_v6.3/gcc-6.3-arm32-eabi/arm-none-eabi/newlib/lib/thumb/v7e-m/fpv4-sp/hard\libc_nano.a(lib_a-nano-vfprintf.o) (__swsetup_r)
C:/NXP/S32DS_ARM_v2.2/S32DS/build_tools/gcc_v6.3/gcc-6.3-arm32-eabi/arm-none-eabi/newlib/lib/thumb/v7e-m/fpv4-sp/hard\libc_nano.a(lib_a-abort.o)
                              C:/NXP/S32DS_ARM_v2.2/S32DS/build_tools/gcc_v6.3/gcc-6.3-arm32-eabi/arm-none-eabi/newlib/lib/thumb/v7e-m/fpv4-sp/hard\libc_nano.a(lib_a-assert.o) (abort)
C:/NXP/S32DS_ARM_v2.2/S32DS/build_tools/gcc_v6.3/gcc-6.3-arm32-eabi/arm-none-eabi/newlib/lib/thumb/v7e-m/fpv4-sp/hard\libc_nano.a(lib_a-fflush.o)
                              C:/NXP/S32DS_ARM_v2.2/S32DS/build_tools/gcc_v6.3/gcc-6.3-arm32-eabi/arm-none-eabi/newlib/lib/thumb/v7e-m/fpv4-sp/hard\libc_nano.a(lib_a-wbuf.o) (_fflush_r)
C:/NXP/S32DS_ARM_v2.2/S32DS/build_tools/gcc_v6.3/gcc-6.3-arm32-eabi/arm-none-eabi/newlib/lib/thumb/v7e-m/fpv4-sp/hard\libc_nano.a(lib_a-findfp.o)
[...]
Memory Configuration

Name             Origin             Length             Attributes
m_interrupts     0x00000000         0x00000400         xr
m_flash_config   0x00000400         0x00000010         xr
m_text           0x00000410         0x0007fbf0         xr
m_data           0x1fff8000         0x00008000         rw
m_data_2         0x20000000         0x00007000         rw
*default*        0x00000000         0xffffffff

Linker script and memory map

LOAD c:/nxp/s32ds_arm_v2.2/s32ds/build_tools/gcc_v6.3/gcc-6.3-arm32-eabi/bin/../lib/gcc/arm-none-eabi/6.3.1/thumb/v7e-m/fpv4-sp/hard/crti.o
LOAD c:/nxp/s32ds_arm_v2.2/s32ds/build_tools/gcc_v6.3/gcc-6.3-arm32-eabi/bin/../lib/gcc/arm-none-eabi/6.3.1/thumb/v7e-m/fpv4-sp/hard/crtbegin.o
LOAD C:/NXP/S32DS_ARM_v2.2/S32DS/build_tools/gcc_v6.3/gcc-6.3-arm32-eabi/arm-none-eabi/newlib/lib/thumb/v7e-m/fpv4-sp/hard/crt0.o
LOAD ./Generated_Code/Cpu.o
LOAD ./Generated_Code/Flash1.o
LOAD ./Generated_Code/can_pal_0.o
LOAD ./Generated_Code/clockMan1.o
LOAD ./Generated_Code/crc1.o
LOAD ./Generated_Code/dmaController1.o
LOAD ./Generated_Code/pin_mux.o
LOAD ./Generated_Code/pwrMan1.o
LOAD ./Generated_Code/timing_pal1.o
LOAD ./Generated_Code/wdg_pal1.o
LOAD ./Project_Settings/Startup_Code/startup_S32K144.o
LOAD ./SDK/platform/devices/S32K144/startup/system_S32K144.o
LOAD ./SDK/platform/devices/startup.o
LOAD ./SDK/platform/drivers/src/clock/S32K1xx/clock_S32K1xx.o
LOAD ./SDK/platform/drivers/src/crc/crc_driver.o
LOAD ./SDK/platform/drivers/src/crc/crc_hw_access.o
LOAD ./SDK/platform/drivers/src/edma/edma_driver.o
LOAD ./SDK/platform/drivers/src/edma/edma_hw_access.o
LOAD ./SDK/platform/drivers/src/edma/edma_irq.o
LOAD ./SDK/platform/drivers/src/ewm/ewm_driver.o
LOAD ./SDK/platform/drivers/src/flash/flash_driver.o
LOAD ./SDK/platform/drivers/src/flexcan/flexcan_driver.o
LOAD ./SDK/platform/drivers/src/flexcan/flexcan_hw_access.o
LOAD ./SDK/platform/drivers/src/flexcan/flexcan_irq.o
LOAD ./SDK/platform/drivers/src/ftm/ftm_common.o
LOAD ./SDK/platform/drivers/src/ftm/ftm_hw_access.o
LOAD ./SDK/platform/drivers/src/ftm/ftm_mc_driver.o
LOAD ./SDK/platform/drivers/src/ftm/ftm_oc_driver.o
LOAD ./SDK/platform/drivers/src/interrupt/interrupt_manager.o
LOAD ./SDK/platform/drivers/src/pins/pins_driver.o
LOAD ./SDK/platform/drivers/src/pins/pins_port_hw_access.o
LOAD ./SDK/platform/drivers/src/power/S32K1xx/power_manager_S32K1xx.o
LOAD ./SDK/platform/drivers/src/power/S32K1xx/power_smc_hw_access.o
LOAD ./SDK/platform/drivers/src/power/power_manager.o
LOAD ./SDK/platform/pal/src/can/can_pal.o
LOAD ./SDK/platform/pal/src/timing/timing_irq.o
LOAD ./SDK/platform/pal/src/timing/timing_pal.o
LOAD ./SDK/platform/pal/src/wdg/wdg_pal.o
LOAD ./SDK/rtos/osif/osif_baremetal.o
LOAD ./Sources/application_layer/app_main/src/app_main.o
LOAD ./Sources/application_layer/app_uds/src/boot_metadata.o
LOAD ./Sources/application_layer/app_uds/src/uds.o
LOAD ./Sources/core_layer/bsp/nxp/src/rr_can_nxp.o
LOAD ./Sources/core_layer/bsp/nxp/src/rr_crc_nxp.o
LOAD ./Sources/core_layer/bsp/nxp/src/rr_gpio_nxp.o
LOAD ./Sources/core_layer/bsp/nxp/src/rr_iflash_nxp.o
LOAD ./Sources/core_layer/bsp/nxp/src/rr_timer_nxp.o
LOAD ./Sources/core_layer/bsp/nxp/src/rr_watchdog_nxp.o
LOAD ./Sources/core_layer/drivers/src/rr_can.o
LOAD ./Sources/core_layer/drivers/src/rr_crc.o
LOAD ./Sources/core_layer/drivers/src/rr_gpio.o
LOAD ./Sources/core_layer/drivers/src/rr_iflash.o
LOAD ./Sources/core_layer/drivers/src/rr_memory.o
LOAD ./Sources/core_layer/drivers/src/rr_timer.o
LOAD ./Sources/core_layer/drivers/src/rr_watchdog.o
LOAD ./Sources/main.o
LOAD ./Sources/middle_layer/communication_stack/src/can_dbc.o
LOAD ./Sources/middle_layer/communication_stack/src/can_rx_comm.o
LOAD ./Sources/middle_layer/communication_stack/src/uds_can_transport.o
LOAD ./Sources/middle_layer/communication_stack/src/uds_timer_lib.o
LOAD ./Sources/middle_layer/services/src/service_can.o
LOAD ./Sources/middle_layer/services/src/service_iflash.o
LOAD ./Sources/middle_layer/services/src/service_timer.o
LOAD ./Sources/middle_layer/services/src/service_wdog.o
START GROUP
LOAD c:/nxp/s32ds_arm_v2.2/s32ds/build_tools/gcc_v6.3/gcc-6.3-arm32-eabi/bin/../lib/gcc/arm-none-eabi/6.3.1/thumb/v7e-m/fpv4-sp/hard\libgcc.a
LOAD C:/NXP/S32DS_ARM_v2.2/S32DS/build_tools/gcc_v6.3/gcc-6.3-arm32-eabi/arm-none-eabi/newlib/lib/thumb/v7e-m/fpv4-sp/hard\libc_nano.a
END GROUP
START GROUP
LOAD c:/nxp/s32ds_arm_v2.2/s32ds/build_tools/gcc_v6.3/gcc-6.3-arm32-eabi/bin/../lib/gcc/arm-none-eabi/6.3.1/thumb/v7e-m/fpv4-sp/hard\libgcc.a
LOAD C:/NXP/S32DS_ARM_v2.2/S32DS/build_tools/gcc_v6.3/gcc-6.3-arm32-eabi/arm-none-eabi/newlib/lib/thumb/v7e-m/fpv4-sp/hard\libc_nano.a
LOAD C:/NXP/S32DS_ARM_v2.2/S32DS/build_tools/gcc_v6.3/gcc-6.3-arm32-eabi/arm-none-eabi/newlib/lib/thumb/v7e-m/fpv4-sp/hard\libnosys.a
END GROUP
START GROUP
LOAD c:/nxp/s32ds_arm_v2.2/s32ds/build_tools/gcc_v6.3/gcc-6.3-arm32-eabi/bin/../lib/gcc/arm-none-eabi/6.3.1/thumb/v7e-m/fpv4-sp/hard\libgcc.a
LOAD C:/NXP/S32DS_ARM_v2.2/S32DS/build_tools/gcc_v6.3/gcc-6.3-arm32-eabi/arm-none-eabi/newlib/lib/thumb/v7e-m/fpv4-sp/hard\libc_nano.a
LOAD C:/NXP/S32DS_ARM_v2.2/S32DS/build_tools/gcc_v6.3/gcc-6.3-arm32-eabi/arm-none-eabi/newlib/lib/thumb/v7e-m/fpv4-sp/hard\libnosys.a
END GROUP
LOAD c:/nxp/s32ds_arm_v2.2/s32ds/build_tools/gcc_v6.3/gcc-6.3-arm32-eabi/bin/../lib/gcc/arm-none-eabi/6.3.1/thumb/v7e-m/fpv4-sp/hard/crtend.o
LOAD c:/nxp/s32ds_arm_v2.2/s32ds/build_tools/gcc_v6.3/gcc-6.3-arm32-eabi/bin/../lib/gcc/arm-none-eabi/6.3.1/thumb/v7e-m/fpv4-sp/hard/crtn.o
                0x00000400                HEAP_SIZE = DEFINED (__heap_size__)?__heap_size__:0x400
                0x00000400                STACK_SIZE = DEFINED (__stack_size__)?__stack_size__:0x400
                0x00000400                M_VECTOR_RAM_SIZE = DEFINED (__flash_vector_table__)?0x0:0x400

.interrupts     0x00000000      0x400
                0x00000000                __VECTOR_TABLE = .
                0x00000000                __interrupts_start__ = .
                0x00000000                . = ALIGN (0x4)
 *(.isr_vector)
 .isr_vector    0x00000000      0x400 ./Project_Settings/Startup_Code/startup_S32K144.o
                0x00000000                __isr_vector
                0x00000400                __interrupts_end__ = .
                0x00000400                . = ALIGN (0x4)

.flash_config   0x00000400       0x10
                0x00000400                . = ALIGN (0x4)
 *(.FlashConfig)
 .FlashConfig   0x00000400       0x10 ./Project_Settings/Startup_Code/startup_S32K144.o
                0x00000410                . = ALIGN (0x4)

.text           0x00000410     0x9048
                0x00000410                . = ALIGN (0x4)
 *(.text)
 .text          0x00000410       0x4c ./Project_Settings/Startup_Code/startup_S32K144.o
                0x00000410                Reset_Handler
                0x00000458                DebugMon_Handler
                0x00000458                Reserved88_IRQHandler
                0x00000458                HardFault_Handler
                0x00000458                Reserved86_IRQHandler
                0x00000458                Reserved103_IRQHandler
                0x00000458                FTM2_Ovf_Reload_IRQHandler
                0x00000458                Reserved50_IRQHandler
                0x00000458                FTFC_Fault_IRQHandler
                0x00000458                FTM0_Ch6_Ch7_IRQHandler
                0x00000458                Reserved114_IRQHandler
                0x00000458                PendSV_Handler
                0x00000458                NMI_Handler
                0x00000458                Reserved89_IRQHandler
                0x00000458                ERM_double_fault_IRQHandler
                0x00000458                Reserved59_IRQHandler
                0x00000458                LPIT0_Ch0_IRQHandler
                0x00000458                Reserved99_IRQHandler
                0x00000458                FTM3_Ch6_Ch7_IRQHandler
                0x00000458                LPIT0_Ch3_IRQHandler
                0x00000458                Reserved92_IRQHandler
                0x00000458                FTM0_Ch4_Ch5_IRQHandler
                0x00000458                FTM3_Ch0_Ch1_IRQHandler
                0x00000458                SWI_IRQHandler
                0x00000458                ADC0_IRQHandler
                0x00000458                FTM2_Ch4_Ch5_IRQHandler
                0x00000458                UsageFault_Handler
                0x00000458                FTM0_Ovf_Reload_IRQHandler
                0x00000458                DefaultISR
                0x00000458                Reserved58_IRQHandler
                0x00000458                FTM1_Ch2_Ch3_IRQHandler
                0x00000458                Reserved82_IRQHandler
                0x00000458                LPI2C0_Slave_IRQHandler
                0x00000458                Reserved71_IRQHandler
                0x00000458                PORTD_IRQHandler
                0x00000458                Reserved69_IRQHandler
                0x00000458                PORTB_IRQHandler
                0x00000458                Reserved70_IRQHandler
                0x00000458                ADC1_IRQHandler
                0x00000458                FTM2_Ch2_Ch3_IRQHandler
                0x00000458                Reserved53_IRQHandler
                0x00000458                RTC_IRQHandler
                0x00000458                PDB0_IRQHandler
                0x00000458                Reserved54_IRQHandler
                0x00000458                FTM2_Ch6_Ch7_IRQHandler
                0x00000458                FTM3_Ch2_Ch3_IRQHandler
                0x00000458                FTM2_Ch0_Ch1_IRQHandler
                0x00000458                LPSPI1_IRQHandler
                0x00000458                LPUART1_RxTx_IRQHandler
                0x00000458                RTC_Seconds_IRQHandler
                0x00000458                Reserved72_IRQHandler
                0x00000458                Reserved110_IRQHandler
                0x00000458                Reserved107_IRQHandler
                0x00000458                Read_Collision_IRQHandler
                0x00000458                FTFC_IRQHandler
                0x00000458                FTM1_Ch6_Ch7_IRQHandler
                0x00000458                Reserved105_IRQHandler
                0x00000458                LPIT0_Ch1_IRQHandler
                0x00000458                FTM1_Ch4_Ch5_IRQHandler
                0x00000458                FTM3_Ovf_Reload_IRQHandler
                0x00000458                LPUART2_RxTx_IRQHandler
                0x00000458                LPSPI0_IRQHandler
                0x00000458                WDOG_EWM_IRQHandler
                0x00000458                MemManage_Handler
                0x00000458                Reserved90_IRQHandler
                0x00000458                Reserved83_IRQHandler
                0x00000458                FTM0_Fault_IRQHandler
                0x00000458                Reserved48_IRQHandler
                0x00000458                SVC_Handler
                0x00000458                ERM_single_fault_IRQHandler
                0x00000458                FTM2_Fault_IRQHandler
                0x00000458                FTM0_Ch2_Ch3_IRQHandler
                0x00000458                FTM0_Ch0_Ch1_IRQHandler
                0x00000458                FTM3_Fault_IRQHandler
                0x00000458                RCM_IRQHandler
                0x00000458                Reserved100_IRQHandler
                0x00000458                Reserved91_IRQHandler
                0x00000458                SCG_IRQHandler
                0x00000458                PDB1_IRQHandler
                0x00000458                Reserved81_IRQHandler
                0x00000458                Reserved46_IRQHandler
                0x00000458                Reserved45_IRQHandler
                0x00000458                Reserved112_IRQHandler
                0x00000458                LPI2C0_Master_IRQHandler
                0x00000458                FTM1_Fault_IRQHandler
                0x00000458                Reserved106_IRQHandler
                0x00000458                LVD_LVW_IRQHandler
                0x00000458                LPIT0_Ch2_IRQHandler
                0x00000458                PORTA_IRQHandler
                0x00000458                MCM_IRQHandler
                0x00000458                LPSPI2_IRQHandler
                0x00000458                FTM3_Ch4_Ch5_IRQHandler
                0x00000458                PORTE_IRQHandler
                0x00000458                LPUART0_RxTx_IRQHandler
                0x00000458                LPTMR0_IRQHandler
                0x00000458                BusFault_Handler
                0x00000458                Reserved87_IRQHandler
                0x00000458                FTM1_Ovf_Reload_IRQHandler
                0x00000458                Reserved93_IRQHandler
                0x00000458                CMP0_IRQHandler
                0x00000458                Reserved52_IRQHandler
                0x00000458                PORTC_IRQHandler
                0x00000458                FTM1_Ch0_Ch1_IRQHandler
                0x00000458                FLEXIO_IRQHandler
                0x00000458                Reserved113_IRQHandler
 .text          0x0000045c       0x30 c:/nxp/s32ds_arm_v2.2/s32ds/build_tools/gcc_v6.3/gcc-6.3-arm32-eabi/bin/../lib/gcc/arm-none-eabi/6.3.1/thumb/v7e-m/fpv4-sp/hard\libgcc.a(_aeabi_uldivmod.o)
                0x0000045c                __aeabi_uldivmod
 .text          0x0000048c      0x2e4 c:/nxp/s32ds_arm_v2.2/s32ds/build_tools/gcc_v6.3/gcc-6.3-arm32-eabi/bin/../lib/gcc/arm-none-eabi/6.3.1/thumb/v7e-m/fpv4-sp/hard\libgcc.a(_udivmoddi4.o)
                0x0000048c                __udivmoddi4
 .text          0x00000770        0x4 c:/nxp/s32ds_arm_v2.2/s32ds/build_tools/gcc_v6.3/gcc-6.3-arm32-eabi/bin/../lib/gcc/arm-none-eabi/6.3.1/thumb/v7e-m/fpv4-sp/hard\libgcc.a(_dvmd_tls.o)
                0x00000770                __aeabi_idiv0
                0x00000770                __aeabi_ldiv0
 *fill*         0x00000774        0xc 
 .text          0x00000780       0xa0 C:/NXP/S32DS_ARM_v2.2/S32DS/build_tools/gcc_v6.3/gcc-6.3-arm32-eabi/arm-none-eabi/newlib/lib/thumb/v7e-m/fpv4-sp/hard\libc_nano.a(lib_a-memchr.o)
                0x00000780                memchr
 *(.text*)
 .text.SystemInit
                0x00000820       0x3c ./SDK/platform/devices/S32K144/startup/system_S32K144.o
                0x00000820                SystemInit
 .text.SystemCoreClockUpdate
                0x0000085c       0x80 ./SDK/platform/devices/S32K144/startup/system_S32K144.o
                0x0000085c                SystemCoreClockUpdate
 .text.SystemSoftwareReset
                0x000008dc       0x18 ./SDK/platform/devices/S32K144/startup/system_S32K144.o
                0x000008dc                SystemSoftwareReset
 .text.init_data_bss
                0x000008f4       0xd8 ./SDK/platform/devices/startup.o
                0x000008f4                init_data_bss
 .text.CLOCK_SYS_GetCurrentRunMode
                0x000009cc       0x24 ./SDK/platform/drivers/src/clock/S32K1xx/clock_S32K1xx.o
 .text.CLOCK_SYS_GetSysOscFreq
                0x000009f0       0x1c ./SDK/platform/drivers/src/clock/S32K1xx/clock_S32K1xx.o
 .text.CLOCK_SYS_ConfigureSOSC
                0x00000a0c      0x12c ./SDK/platform/drivers/src/clock/S32K1xx/clock_S32K1xx.o
 .text.CLOCK_SYS_GetSircFreq
                0x00000b38       0x2c ./SDK/platform/drivers/src/clock/S32K1xx/clock_S32K1xx.o
 .text.CLOCK_SYS_ConfigureSIRC
                0x00000b64       0xc4 ./SDK/platform/drivers/src/clock/S32K1xx/clock_S32K1xx.o
 .text.CLOCK_SYS_GetFircFreq
                0x00000c28       0x20 ./SDK/platform/drivers/src/clock/S32K1xx/clock_S32K1xx.o
 .text.CLOCK_SYS_ConfigureFIRC
                0x00000c48       0xb4 ./SDK/platform/drivers/src/clock/S32K1xx/clock_S32K1xx.o
 .text.CLOCK_SYS_GetSysPllFreq
                0x00000cfc       0x44 ./SDK/platform/drivers/src/clock/S32K1xx/clock_S32K1xx.o
 .text.CLOCK_SYS_ConfigureSPLL
                0x00000d40      0x104 ./SDK/platform/drivers/src/clock/S32K1xx/clock_S32K1xx.o
 .text.CLOCK_SYS_SetSystemClockConfig
                0x00000e44      0x1e4 ./SDK/platform/drivers/src/clock/S32K1xx/clock_S32K1xx.o
 .text.CLOCK_SYS_TransitionSystemClock
                0x00001028       0x3c ./SDK/platform/drivers/src/clock/S32K1xx/clock_S32K1xx.o
 .text.CLOCK_SYS_GetSystemClockFreq
                0x00001064       0x78 ./SDK/platform/drivers/src/clock/S32K1xx/clock_S32K1xx.o
 .text.CLOCK_SYS_GetScgClkOutFreq
                0x000010dc       0x44 ./SDK/platform/drivers/src/clock/S32K1xx/clock_S32K1xx.o
 .text.CLOCK_SYS_GetSysAsyncFreq
                0x00001120       0xd4 ./SDK/platform/drivers/src/clock/S32K1xx/clock_S32K1xx.o
 .text.CLOCK_SYS_GetSimRtcClkFreq
                0x000011f4       0x50 ./SDK/platform/drivers/src/clock/S32K1xx/clock_S32K1xx.o
 .text.CLOCK_SYS_GetPeripheralClock
                0x00001244       0x78 ./SDK/platform/drivers/src/clock/S32K1xx/clock_S32K1xx.o
 .text.CLOCK_SYS_GetLpoFreq
                0x000012bc       0x44 ./SDK/platform/drivers/src/clock/S32K1xx/clock_S32K1xx.o
 .text.CLOCK_SYS_GetSimClkOutFreq
                0x00001300       0x98 ./SDK/platform/drivers/src/clock/S32K1xx/clock_S32K1xx.o
 .text.CLOCK_DRV_Init
                0x00001398      0x598 ./SDK/platform/drivers/src/clock/S32K1xx/clock_S32K1xx.o
                0x00001398                CLOCK_DRV_Init
 .text.CLOCK_DRV_GetFreq
                0x00001930      0x3a0 ./SDK/platform/drivers/src/clock/S32K1xx/clock_S32K1xx.o
                0x00001930                CLOCK_DRV_GetFreq
 .text.CLOCK_SYS_Init
                0x00001cd0       0x1c ./SDK/platform/drivers/src/clock/S32K1xx/clock_S32K1xx.o
                0x00001cd0                CLOCK_SYS_Init
 .text.CLOCK_SYS_UpdateConfiguration
                0x00001cec       0xe8 ./SDK/platform/drivers/src/clock/S32K1xx/clock_S32K1xx.o
                0x00001cec                CLOCK_SYS_UpdateConfiguration
 .text.CLOCK_SYS_GetFreq
                0x00001dd4        0x8 ./SDK/platform/drivers/src/clock/S32K1xx/clock_S32K1xx.o
                0x00001dd4                CLOCK_SYS_GetFreq
 .text.CRC_DRV_WriteData
                0x00001ddc       0x18 ./SDK/platform/drivers/src/crc/crc_driver.o
                0x00001ddc                CRC_DRV_WriteData
 .text.CRC_DRV_GetCrcResult
                0x00001df4       0x10 ./SDK/platform/drivers/src/crc/crc_driver.o
                0x00001df4                CRC_DRV_GetCrcResult
 .text.CRC_DRV_Configure
                0x00001e04       0x60 ./SDK/platform/drivers/src/crc/crc_driver.o
                0x00001e04                CRC_DRV_Configure
 .text.CRC_SetSeedReg
                0x00001e64       0x14 ./SDK/platform/drivers/src/crc/crc_hw_access.o
                0x00001e64                CRC_SetSeedReg
 .text.CRC_GetCrcResult
                0x00001e78       0x24 ./SDK/platform/drivers/src/crc/crc_hw_access.o
                0x00001e78                CRC_GetCrcResult
 .text.EDMA_DRV_InstallCallback
                0x00001e9c       0x20 ./SDK/platform/drivers/src/edma/edma_driver.o
                0x00001e9c                EDMA_DRV_InstallCallback
 .text.EDMA_DRV_IRQHandler
                0x00001ebc       0x2c ./SDK/platform/drivers/src/edma/edma_driver.o
                0x00001ebc                EDMA_DRV_IRQHandler
 .text.EDMA_DRV_ErrorIRQHandler
                0x00001ee8       0x3c ./SDK/platform/drivers/src/edma/edma_driver.o
                0x00001ee8                EDMA_DRV_ErrorIRQHandler
 .text.EDMA_DRV_ConfigSingleBlockTransfer
                0x00001f24      0x148 ./SDK/platform/drivers/src/edma/edma_driver.o
                0x00001f24                EDMA_DRV_ConfigSingleBlockTransfer
 .text.EDMA_DRV_StartChannel
                0x0000206c       0x18 ./SDK/platform/drivers/src/edma/edma_driver.o
                0x0000206c                EDMA_DRV_StartChannel
 .text.EDMA_DRV_StopChannel
                0x00002084       0x18 ./SDK/platform/drivers/src/edma/edma_driver.o
                0x00002084                EDMA_DRV_StopChannel
 .text.EDMA_DRV_DisableRequestsOnTransferComplete
                0x0000209c       0x38 ./SDK/platform/drivers/src/edma/edma_driver.o
                0x0000209c                EDMA_DRV_DisableRequestsOnTransferComplete
 .text.EDMA_DRV_GetDmaRegBaseAddr
                0x000020d4        0x8 ./SDK/platform/drivers/src/edma/edma_driver.o
                0x000020d4                EDMA_DRV_GetDmaRegBaseAddr
 .text.EDMA_SetDmaRequestCmd
                0x000020dc        0xa ./SDK/platform/drivers/src/edma/edma_hw_access.o
                0x000020dc                EDMA_SetDmaRequestCmd
 .text.EDMA_TCDClearReg
                0x000020e6       0x4a ./SDK/platform/drivers/src/edma/edma_hw_access.o
                0x000020e6                EDMA_TCDClearReg
 .text.EDMA_TCDSetAttribute
                0x00002130       0x30 ./SDK/platform/drivers/src/edma/edma_hw_access.o
                0x00002130                EDMA_TCDSetAttribute
 .text.EDMA_TCDSetNbytes
                0x00002160       0x5c ./SDK/platform/drivers/src/edma/edma_hw_access.o
                0x00002160                EDMA_TCDSetNbytes
 .text.EDMA_TCDSetMajorCount
                0x000021bc       0x5e ./SDK/platform/drivers/src/edma/edma_hw_access.o
                0x000021bc                EDMA_TCDSetMajorCount
 .text.DMA0_IRQHandler
                0x0000221a        0xa ./SDK/platform/drivers/src/edma/edma_irq.o
                0x0000221a                DMA0_IRQHandler
 .text.DMA1_IRQHandler
                0x00002224        0xa ./SDK/platform/drivers/src/edma/edma_irq.o
                0x00002224                DMA1_IRQHandler
 .text.DMA2_IRQHandler
                0x0000222e        0xa ./SDK/platform/drivers/src/edma/edma_irq.o
                0x0000222e                DMA2_IRQHandler
 .text.DMA3_IRQHandler
                0x00002238        0xa ./SDK/platform/drivers/src/edma/edma_irq.o
                0x00002238                DMA3_IRQHandler
 .text.DMA4_IRQHandler
                0x00002242        0xa ./SDK/platform/drivers/src/edma/edma_irq.o
                0x00002242                DMA4_IRQHandler
 .text.DMA5_IRQHandler
                0x0000224c        0xa ./SDK/platform/drivers/src/edma/edma_irq.o
                0x0000224c                DMA5_IRQHandler
 .text.DMA6_IRQHandler
                0x00002256        0xa ./SDK/platform/drivers/src/edma/edma_irq.o
                0x00002256                DMA6_IRQHandler
 .text.DMA7_IRQHandler
                0x00002260        0xa ./SDK/platform/drivers/src/edma/edma_irq.o
                0x00002260                DMA7_IRQHandler
 .text.DMA8_IRQHandler
                0x0000226a        0xa ./SDK/platform/drivers/src/edma/edma_irq.o
                0x0000226a                DMA8_IRQHandler
 .text.DMA9_IRQHandler
                0x00002274        0xa ./SDK/platform/drivers/src/edma/edma_irq.o
                0x00002274                DMA9_IRQHandler
 .text.DMA10_IRQHandler
                0x0000227e        0xa ./SDK/platform/drivers/src/edma/edma_irq.o
                0x0000227e                DMA10_IRQHandler
 .text.DMA11_IRQHandler
                0x00002288        0xa ./SDK/platform/drivers/src/edma/edma_irq.o
                0x00002288                DMA11_IRQHandler
 .text.DMA12_IRQHandler
                0x00002292        0xa ./SDK/platform/drivers/src/edma/edma_irq.o
                0x00002292                DMA12_IRQHandler
 .text.DMA13_IRQHandler
                0x0000229c        0xa ./SDK/platform/drivers/src/edma/edma_irq.o
                0x0000229c                DMA13_IRQHandler
 .text.DMA14_IRQHandler
                0x000022a6        0xa ./SDK/platform/drivers/src/edma/edma_irq.o
                0x000022a6                DMA14_IRQHandler
 .text.DMA15_IRQHandler
                0x000022b0        0xa ./SDK/platform/drivers/src/edma/edma_irq.o
                0x000022b0                DMA15_IRQHandler
 .text.DMA_Error_IRQHandler
                0x000022ba       0x28 ./SDK/platform/drivers/src/edma/edma_irq.o
                0x000022ba                DMA_Error_IRQHandler
 *fill*         0x000022e2        0x2 
 .text.FLASH_DRV_Init
                0x000022e4       0xcc ./SDK/platform/drivers/src/flash/flash_driver.o
                0x000022e4                FLASH_DRV_Init
 .text.FLASH_DRV_EraseSector
                0x000023b0       0x98 ./SDK/platform/drivers/src/flash/flash_driver.o
                0x000023b0                FLASH_DRV_EraseSector
 .text.FLASH_DRV_Program
                0x00002448       0xb8 ./SDK/platform/drivers/src/flash/flash_driver.o
                0x00002448                FLASH_DRV_Program
 .text.FLASH_DRV_SetFlexRamFunction
                0x00002500       0x68 ./SDK/platform/drivers/src/flash/flash_driver.o
                0x00002500                FLASH_DRV_SetFlexRamFunction
 .text.FLASH_DRV_EEEWrite
                0x00002568       0xdc ./SDK/platform/drivers/src/flash/flash_driver.o
                0x00002568                FLASH_DRV_EEEWrite
 .text.FLEXCAN_StartSendData
                0x00002644       0xa4 ./SDK/platform/drivers/src/flexcan/flexcan_driver.o
 .text.FLEXCAN_StartRxMessageBufferData
                0x000026e8       0x80 ./SDK/platform/drivers/src/flexcan/flexcan_driver.o
 .text.FLEXCAN_StartRxMessageFifoData
                0x00002768      0x110 ./SDK/platform/drivers/src/flexcan/flexcan_driver.o
 .text.FLEXCAN_CompleteRxMessageFifoData
                0x00002878       0xa0 ./SDK/platform/drivers/src/flexcan/flexcan_driver.o
 .text.FLEXCAN_CompleteRxFifoDataDMA
                0x00002918       0x30 ./SDK/platform/drivers/src/flexcan/flexcan_driver.o
 .text.FLEXCAN_CompleteTransfer
                0x00002948       0x38 ./SDK/platform/drivers/src/flexcan/flexcan_driver.o
 .text.FLEXCAN_DRV_SetRxMaskType
                0x00002980       0x30 ./SDK/platform/drivers/src/flexcan/flexcan_driver.o
                0x00002980                FLEXCAN_DRV_SetRxMaskType
 .text.FLEXCAN_DRV_SetRxIndividualMask
                0x000029b0      0x118 ./SDK/platform/drivers/src/flexcan/flexcan_driver.o
                0x000029b0                FLEXCAN_DRV_SetRxIndividualMask
 .text.FLEXCAN_DRV_Init
                0x00002ac8      0x2c4 ./SDK/platform/drivers/src/flexcan/flexcan_driver.o
                0x00002ac8                FLEXCAN_DRV_Init
 .text.FLEXCAN_DRV_ConfigTxMb
                0x00002d8c       0x40 ./SDK/platform/drivers/src/flexcan/flexcan_driver.o
                0x00002d8c                FLEXCAN_DRV_ConfigTxMb
 .text.FLEXCAN_DRV_SendBlocking
                0x00002dcc       0xbc ./SDK/platform/drivers/src/flexcan/flexcan_driver.o
                0x00002dcc                FLEXCAN_DRV_SendBlocking
 .text.FLEXCAN_DRV_Send
                0x00002e88       0x34 ./SDK/platform/drivers/src/flexcan/flexcan_driver.o
                0x00002e88                FLEXCAN_DRV_Send
 .text.FLEXCAN_DRV_ConfigRxMb
                0x00002ebc       0x68 ./SDK/platform/drivers/src/flexcan/flexcan_driver.o
                0x00002ebc                FLEXCAN_DRV_ConfigRxMb
 .text.FLEXCAN_DRV_ConfigRxFifo
                0x00002f24       0x28 ./SDK/platform/drivers/src/flexcan/flexcan_driver.o
                0x00002f24                FLEXCAN_DRV_ConfigRxFifo
 .text.FLEXCAN_DRV_Receive
                0x00002f4c        0xa ./SDK/platform/drivers/src/flexcan/flexcan_driver.o
                0x00002f4c                FLEXCAN_DRV_Receive
 .text.FLEXCAN_DRV_RxFifo
                0x00002f56        0xa ./SDK/platform/drivers/src/flexcan/flexcan_driver.o
                0x00002f56                FLEXCAN_DRV_RxFifo
 .text.FLEXCAN_Error_IRQHandler
                0x00002f60       0x28 ./SDK/platform/drivers/src/flexcan/flexcan_driver.o
                0x00002f60                FLEXCAN_Error_IRQHandler
 .text.FLEXCAN_WakeUpHandler
                0x00002f88       0x6c ./SDK/platform/drivers/src/flexcan/flexcan_driver.o
                0x00002f88                FLEXCAN_WakeUpHandler
 .text.FLEXCAN_IRQHandler
                0x00002ff4      0x1b8 ./SDK/platform/drivers/src/flexcan/flexcan_driver.o
                0x00002ff4                FLEXCAN_IRQHandler
 .text.FLEXCAN_DRV_GetErrorStatus
                0x000031ac       0x10 ./SDK/platform/drivers/src/flexcan/flexcan_driver.o
                0x000031ac                FLEXCAN_DRV_GetErrorStatus
 .text.FLEXCAN_DRV_AbortTransfer
                0x000031bc      0x154 ./SDK/platform/drivers/src/flexcan/flexcan_driver.o
                0x000031bc                FLEXCAN_DRV_AbortTransfer
 .text.FLEXCAN_DRV_InstallEventCallback
                0x00003310       0x14 ./SDK/platform/drivers/src/flexcan/flexcan_driver.o
                0x00003310                FLEXCAN_DRV_InstallEventCallback
 .text.FLEXCAN_DRV_InstallErrorCallback
                0x00003324       0x94 ./SDK/platform/drivers/src/flexcan/flexcan_driver.o
                0x00003324                FLEXCAN_DRV_InstallErrorCallback
 .text.FLEXCAN_ComputePayloadSize
                0x000033b8       0x36 ./SDK/platform/drivers/src/flexcan/flexcan_hw_access.o
 *fill*         0x000033ee        0x2 
 .text.FLEXCAN_GetRxFifoMask
                0x000033f0       0x60 ./SDK/platform/drivers/src/flexcan/flexcan_hw_access.o
                0x000033f0                FLEXCAN_GetRxFifoMask
 .text.FLEXCAN_GetMaxMbNum
                0x00003450       0x2c ./SDK/platform/drivers/src/flexcan/flexcan_hw_access.o
                0x00003450                FLEXCAN_GetMaxMbNum
 .text.FLEXCAN_Enable
                0x0000347c       0x2a ./SDK/platform/drivers/src/flexcan/flexcan_hw_access.o
                0x0000347c                FLEXCAN_Enable
 .text.FLEXCAN_Disable
                0x000034a6       0x18 ./SDK/platform/drivers/src/flexcan/flexcan_hw_access.o
                0x000034a6                FLEXCAN_Disable
 *fill*         0x000034be        0x2 
 .text.FLEXCAN_Init
                0x000034c0       0x68 ./SDK/platform/drivers/src/flexcan/flexcan_hw_access.o
                0x000034c0                FLEXCAN_Init
 .text.FLEXCAN_EnableRxFifo
                0x00003528       0x54 ./SDK/platform/drivers/src/flexcan/flexcan_hw_access.o
                0x00003528                FLEXCAN_EnableRxFifo
 .text.FLEXCAN_SetRxFifoFilter
                0x0000357c      0x1d8 ./SDK/platform/drivers/src/flexcan/flexcan_hw_access.o
                0x0000357c                FLEXCAN_SetRxFifoFilter
 .text.FLEXCAN_SetMsgBuffIntCmd
                0x00003754       0x3c ./SDK/platform/drivers/src/flexcan/flexcan_hw_access.o
                0x00003754                FLEXCAN_SetMsgBuffIntCmd
 .text.FLEXCAN_SetErrIntCmd
                0x00003790       0x5a ./SDK/platform/drivers/src/flexcan/flexcan_hw_access.o
                0x00003790                FLEXCAN_SetErrIntCmd
 .text.FLEXCAN_ExitFreezeMode
                0x000037ea       0x1a ./SDK/platform/drivers/src/flexcan/flexcan_hw_access.o
                0x000037ea                FLEXCAN_ExitFreezeMode
 .text.FLEXCAN_EnterFreezeMode
                0x00003804       0x40 ./SDK/platform/drivers/src/flexcan/flexcan_hw_access.o
                0x00003804                FLEXCAN_EnterFreezeMode
 .text.FLEXCAN_ClearErrIntStatusFlag
                0x00003844       0x14 ./SDK/platform/drivers/src/flexcan/flexcan_hw_access.o
                0x00003844                FLEXCAN_ClearErrIntStatusFlag
 .text.FLEXCAN_ReadRxFifo
                0x00003858       0x56 ./SDK/platform/drivers/src/flexcan/flexcan_hw_access.o
                0x00003858                FLEXCAN_ReadRxFifo
 .text.FLEXCAN_SetOperationMode
                0x000038ae       0x5e ./SDK/platform/drivers/src/flexcan/flexcan_hw_access.o
                0x000038ae                FLEXCAN_SetOperationMode
 .text.FLEXCAN_SetPayloadSize
                0x0000390c       0x1a ./SDK/platform/drivers/src/flexcan/flexcan_hw_access.o
                0x0000390c                FLEXCAN_SetPayloadSize
 .text.FLEXCAN_GetPayloadSize
                0x00003926       0x20 ./SDK/platform/drivers/src/flexcan/flexcan_hw_access.o
                0x00003926                FLEXCAN_GetPayloadSize
 .text.FLEXCAN_GetMsgBuffRegion
                0x00003946       0x30 ./SDK/platform/drivers/src/flexcan/flexcan_hw_access.o
                0x00003946                FLEXCAN_GetMsgBuffRegion
 *fill*         0x00003976        0x2 
 .text.FLEXCAN_SetTxMsgBuff
                0x00003978      0x180 ./SDK/platform/drivers/src/flexcan/flexcan_hw_access.o
                0x00003978                FLEXCAN_SetTxMsgBuff
 .text.FLEXCAN_AbortTxMsgBuff
                0x00003af8       0x14 ./SDK/platform/drivers/src/flexcan/flexcan_hw_access.o
                0x00003af8                FLEXCAN_AbortTxMsgBuff
 .text.FLEXCAN_ResetRxMsgBuff
                0x00003b0c       0x16 ./SDK/platform/drivers/src/flexcan/flexcan_hw_access.o
                0x00003b0c                FLEXCAN_ResetRxMsgBuff
 *fill*         0x00003b22        0x2 
 .text.FLEXCAN_SetRxMsgBuff
                0x00003b24       0xc8 ./SDK/platform/drivers/src/flexcan/flexcan_hw_access.o
                0x00003b24                FLEXCAN_SetRxMsgBuff
 .text.FLEXCAN_GetMsgBuff
                0x00003bec       0x96 ./SDK/platform/drivers/src/flexcan/flexcan_hw_access.o
                0x00003bec                FLEXCAN_GetMsgBuff
 .text.FLEXCAN_LockRxMsgBuff
                0x00003c82        0xa ./SDK/platform/drivers/src/flexcan/flexcan_hw_access.o
                0x00003c82                FLEXCAN_LockRxMsgBuff
 .text.FLEXCAN_SetMaxMsgBuffNum
                0x00003c8c       0x9c ./SDK/platform/drivers/src/flexcan/flexcan_hw_access.o
                0x00003c8c                FLEXCAN_SetMaxMsgBuffNum
 .text.CAN0_ORed_IRQHandler
                0x00003d28        0xa ./SDK/platform/drivers/src/flexcan/flexcan_irq.o
                0x00003d28                CAN0_ORed_IRQHandler
 .text.CAN0_Error_IRQHandler
                0x00003d32        0xa ./SDK/platform/drivers/src/flexcan/flexcan_irq.o
                0x00003d32                CAN0_Error_IRQHandler
 .text.CAN0_Wake_Up_IRQHandler
                0x00003d3c        0xa ./SDK/platform/drivers/src/flexcan/flexcan_irq.o
                0x00003d3c                CAN0_Wake_Up_IRQHandler
 .text.CAN0_ORed_0_15_MB_IRQHandler
                0x00003d46        0xa ./SDK/platform/drivers/src/flexcan/flexcan_irq.o
                0x00003d46                CAN0_ORed_0_15_MB_IRQHandler
 .text.CAN0_ORed_16_31_MB_IRQHandler
                0x00003d50        0xa ./SDK/platform/drivers/src/flexcan/flexcan_irq.o
                0x00003d50                CAN0_ORed_16_31_MB_IRQHandler
 .text.CAN1_ORed_IRQHandler
                0x00003d5a        0xa ./SDK/platform/drivers/src/flexcan/flexcan_irq.o
                0x00003d5a                CAN1_ORed_IRQHandler
 .text.CAN1_Error_IRQHandler
                0x00003d64        0xa ./SDK/platform/drivers/src/flexcan/flexcan_irq.o
                0x00003d64                CAN1_Error_IRQHandler
 .text.CAN1_ORed_0_15_MB_IRQHandler
                0x00003d6e        0xa ./SDK/platform/drivers/src/flexcan/flexcan_irq.o
                0x00003d6e                CAN1_ORed_0_15_MB_IRQHandler
 .text.CAN2_ORed_IRQHandler
                0x00003d78        0xa ./SDK/platform/drivers/src/flexcan/flexcan_irq.o
                0x00003d78                CAN2_ORed_IRQHandler
 .text.CAN2_Error_IRQHandler
                0x00003d82        0xa ./SDK/platform/drivers/src/flexcan/flexcan_irq.o
                0x00003d82                CAN2_Error_IRQHandler
 .text.CAN2_ORed_0_15_MB_IRQHandler
                0x00003d8c        0xa ./SDK/platform/drivers/src/flexcan/flexcan_irq.o
                0x00003d8c                CAN2_ORed_0_15_MB_IRQHandler
 *fill*         0x00003d96        0x2 
 .text.FTM_DRV_SetSync
                0x00003d98      0x1bc ./SDK/platform/drivers/src/ftm/ftm_common.o
                0x00003d98                FTM_DRV_SetSync
 .text.FTM_DRV_EnableInterrupts
                0x00003f54       0xa8 ./SDK/platform/drivers/src/ftm/ftm_common.o
                0x00003f54                FTM_DRV_EnableInterrupts
 .text.FTM_DRV_DisableInterrupts
                0x00003ffc       0xa4 ./SDK/platform/drivers/src/ftm/ftm_common.o
                0x00003ffc                FTM_DRV_DisableInterrupts
 .text.FTM_DRV_GetFrequency
                0x000040a0       0x80 ./SDK/platform/drivers/src/ftm/ftm_common.o
                0x000040a0                FTM_DRV_GetFrequency
 .text.FTM_DRV_Init
                0x00004120       0xdc ./SDK/platform/drivers/src/ftm/ftm_common.o
                0x00004120                FTM_DRV_Init
 .text.FTM_DRV_InitModule
                0x000041fc       0x18 ./SDK/platform/drivers/src/ftm/ftm_hw_access.o
                0x000041fc                FTM_DRV_InitModule
 .text.FTM_DRV_Reset
                0x00004214       0x66 ./SDK/platform/drivers/src/ftm/ftm_hw_access.o
                0x00004214                FTM_DRV_Reset
 .text.FTM_DRV_SetChnTriggerCmd
                0x0000427a       0x32 ./SDK/platform/drivers/src/ftm/ftm_hw_access.o
                0x0000427a                FTM_DRV_SetChnTriggerCmd
 .text.FTM_DRV_InitOutputCompare
                0x000042ac      0x15c ./SDK/platform/drivers/src/ftm/ftm_oc_driver.o
                0x000042ac                FTM_DRV_InitOutputCompare
 .text.FTM_DRV_UpdateOutputCompareChannel
                0x00004408       0x44 ./SDK/platform/drivers/src/ftm/ftm_oc_driver.o
                0x00004408                FTM_DRV_UpdateOutputCompareChannel
 .text.INT_SYS_InstallHandler
                0x0000444c       0x30 ./SDK/platform/drivers/src/interrupt/interrupt_manager.o
                0x0000444c                INT_SYS_InstallHandler
 .text.INT_SYS_EnableIRQ
                0x0000447c       0x18 ./SDK/platform/drivers/src/interrupt/interrupt_manager.o
                0x0000447c                INT_SYS_EnableIRQ
 .text.INT_SYS_DisableIRQ
                0x00004494       0x1c ./SDK/platform/drivers/src/interrupt/interrupt_manager.o
                0x00004494                INT_SYS_DisableIRQ
 .text.INT_SYS_EnableIRQGlobal
                0x000044b0       0x1c ./SDK/platform/drivers/src/interrupt/interrupt_manager.o
                0x000044b0                INT_SYS_EnableIRQGlobal
 .text.INT_SYS_DisableIRQGlobal
                0x000044cc       0x10 ./SDK/platform/drivers/src/interrupt/interrupt_manager.o
                0x000044cc                INT_SYS_DisableIRQGlobal
 .text.INT_SYS_SetPriority
                0x000044dc       0x58 ./SDK/platform/drivers/src/interrupt/interrupt_manager.o
                0x000044dc                INT_SYS_SetPriority
 .text.PINS_DRV_Init
                0x00004534       0x20 ./SDK/platform/drivers/src/pins/pins_driver.o
                0x00004534                PINS_DRV_Init
 .text.PINS_DRV_SetPins
                0x00004554        0x4 ./SDK/platform/drivers/src/pins/pins_driver.o
                0x00004554                PINS_DRV_SetPins
 .text.PINS_DRV_ClearPins
                0x00004558        0x4 ./SDK/platform/drivers/src/pins/pins_driver.o
                0x00004558                PINS_DRV_ClearPins
 .text.PINS_GetAdcInterleaveVal
                0x0000455c       0x70 ./SDK/platform/drivers/src/pins/pins_port_hw_access.o
 .text.PINS_Init
                0x000045cc      0x114 ./SDK/platform/drivers/src/pins/pins_port_hw_access.o
                0x000045cc                PINS_Init
 .text.POWER_SYS_DoInit
                0x000046e0       0x94 ./SDK/platform/drivers/src/power/S32K1xx/power_manager_S32K1xx.o
                0x000046e0                POWER_SYS_DoInit
 .text.SMC_SetProtectionMode
                0x00004774       0x16 ./SDK/platform/drivers/src/power/S32K1xx/power_smc_hw_access.o
                0x00004774                SMC_SetProtectionMode
 *fill*         0x0000478a        0x2 
 .text.POWER_SYS_Init
                0x0000478c       0x2c ./SDK/platform/drivers/src/power/power_manager.o
                0x0000478c                POWER_SYS_Init
 .text.CAN_FindFlexCANState
                0x000047b8        0x4 ./SDK/platform/pal/src/can/can_pal.o
 .text.CAN_Init
                0x000047bc       0xe8 ./SDK/platform/pal/src/can/can_pal.o
                0x000047bc                CAN_Init
 .text.CAN_ConfigTxBuff
                0x000048a4       0x74 ./SDK/platform/pal/src/can/can_pal.o
                0x000048a4                CAN_ConfigTxBuff
 .text.CAN_ConfigRxBuff
                0x00004918       0x7c ./SDK/platform/pal/src/can/can_pal.o
                0x00004918                CAN_ConfigRxBuff
 .text.CAN_Send
                0x00004994       0x78 ./SDK/platform/pal/src/can/can_pal.o
                0x00004994                CAN_Send
 .text.CAN_SendBlocking
                0x00004a0c       0x7c ./SDK/platform/pal/src/can/can_pal.o
                0x00004a0c                CAN_SendBlocking
 .text.CAN_Receive
                0x00004a88       0x48 ./SDK/platform/pal/src/can/can_pal.o
                0x00004a88                CAN_Receive
 .text.CAN_SetRxFilter
                0x00004ad0       0x28 ./SDK/platform/pal/src/can/can_pal.o
                0x00004ad0                CAN_SetRxFilter
 .text.FTM0_Ch0_Ch1_IrqHandler
                0x00004af8       0x40 ./SDK/platform/pal/src/timing/timing_irq.o
                0x00004af8                FTM0_Ch0_Ch1_IrqHandler
 .text.FTM0_Ch2_Ch3_IrqHandler
                0x00004b38       0x40 ./SDK/platform/pal/src/timing/timing_irq.o
                0x00004b38                FTM0_Ch2_Ch3_IrqHandler
 .text.FTM0_Ch4_Ch5_IrqHandler
                0x00004b78       0x40 ./SDK/platform/pal/src/timing/timing_irq.o
                0x00004b78                FTM0_Ch4_Ch5_IrqHandler
 .text.FTM0_Ch6_Ch7_IrqHandler
                0x00004bb8       0x40 ./SDK/platform/pal/src/timing/timing_irq.o
                0x00004bb8                FTM0_Ch6_Ch7_IrqHandler
 .text.FTM1_Ch0_Ch1_IrqHandler
                0x00004bf8       0x40 ./SDK/platform/pal/src/timing/timing_irq.o
                0x00004bf8                FTM1_Ch0_Ch1_IrqHandler
 .text.FTM1_Ch2_Ch3_IrqHandler
                0x00004c38       0x40 ./SDK/platform/pal/src/timing/timing_irq.o
                0x00004c38                FTM1_Ch2_Ch3_IrqHandler
 .text.FTM1_Ch4_Ch5_IrqHandler
                0x00004c78       0x40 ./SDK/platform/pal/src/timing/timing_irq.o
                0x00004c78                FTM1_Ch4_Ch5_IrqHandler
 .text.FTM1_Ch6_Ch7_IrqHandler
                0x00004cb8       0x40 ./SDK/platform/pal/src/timing/timing_irq.o
                0x00004cb8                FTM1_Ch6_Ch7_IrqHandler
 .text.FTM2_Ch0_Ch1_IrqHandler
                0x00004cf8       0x40 ./SDK/platform/pal/src/timing/timing_irq.o
                0x00004cf8                FTM2_Ch0_Ch1_IrqHandler
 .text.FTM2_Ch2_Ch3_IrqHandler
                0x00004d38       0x40 ./SDK/platform/pal/src/timing/timing_irq.o
                0x00004d38                FTM2_Ch2_Ch3_IrqHandler
 .text.FTM2_Ch4_Ch5_IrqHandler
                0x00004d78       0x40 ./SDK/platform/pal/src/timing/timing_irq.o
                0x00004d78                FTM2_Ch4_Ch5_IrqHandler
 .text.FTM2_Ch6_Ch7_IrqHandler
                0x00004db8       0x40 ./SDK/platform/pal/src/timing/timing_irq.o
                0x00004db8                FTM2_Ch6_Ch7_IrqHandler
 .text.FTM3_Ch0_Ch1_IrqHandler
                0x00004df8       0x40 ./SDK/platform/pal/src/timing/timing_irq.o
                0x00004df8                FTM3_Ch0_Ch1_IrqHandler
 .text.FTM3_Ch2_Ch3_IrqHandler
                0x00004e38       0x40 ./SDK/platform/pal/src/timing/timing_irq.o
                0x00004e38                FTM3_Ch2_Ch3_IrqHandler
 .text.FTM3_Ch4_Ch5_IrqHandler
                0x00004e78       0x40 ./SDK/platform/pal/src/timing/timing_irq.o
                0x00004e78                FTM3_Ch4_Ch5_IrqHandler
 .text.FTM3_Ch6_Ch7_IrqHandler
                0x00004eb8       0x40 ./SDK/platform/pal/src/timing/timing_irq.o
                0x00004eb8                FTM3_Ch6_Ch7_IrqHandler
 .text.TIMING_Init
                0x00004ef8      0x17c ./SDK/platform/pal/src/timing/timing_pal.o
                0x00004ef8                TIMING_Init
 .text.TIMING_StartChannel
                0x00005074       0x84 ./SDK/platform/pal/src/timing/timing_pal.o
                0x00005074                TIMING_StartChannel
 .text.TIMING_GetResolution
                0x000050f8       0x84 ./SDK/platform/pal/src/timing/timing_pal.o
                0x000050f8                TIMING_GetResolution
 .text.TIMING_Ftm_IrqHandler
                0x0000517c       0xf0 ./SDK/platform/pal/src/timing/timing_pal.o
                0x0000517c                TIMING_Ftm_IrqHandler
 .text.SysTick_Handler
                0x0000526c       0x10 ./SDK/rtos/osif/osif_baremetal.o
                0x0000526c                SysTick_Handler
 .text.OSIF_SemaWait
                0x0000527c       0x74 ./SDK/rtos/osif/osif_baremetal.o
                0x0000527c                OSIF_SemaWait
 .text.OSIF_SemaPost
                0x000052f0       0x26 ./SDK/rtos/osif/osif_baremetal.o
                0x000052f0                OSIF_SemaPost
 .text.OSIF_SemaCreate
                0x00005316       0x14 ./SDK/rtos/osif/osif_baremetal.o
                0x00005316                OSIF_SemaCreate
 .text.OSIF_SemaDestroy
                0x0000532a        0x4 ./SDK/rtos/osif/osif_baremetal.o
                0x0000532a                OSIF_SemaDestroy
 *fill*         0x0000532e        0x2 
 .text.app_main_v
                0x00005330      0x204 ./Sources/application_layer/app_main/src/app_main.o
                0x00005330                app_main_v
 .text.crc32_running
                0x00005534       0x38 ./Sources/application_layer/app_uds/src/boot_metadata.o
                0x00005534                crc32_running
 .text.crc32_compute
                0x0000556c       0x12 ./Sources/application_layer/app_uds/src/boot_metadata.o
                0x0000556c                crc32_compute
 *fill*         0x0000557e        0x2 
 .text.boot_metadata_read
                0x00005580       0x3c ./Sources/application_layer/app_uds/src/boot_metadata.o
                0x00005580                boot_metadata_read
 .text.boot_metadata_write
                0x000055bc       0x4e ./Sources/application_layer/app_uds/src/boot_metadata.o
                0x000055bc                boot_metadata_write
 *fill*         0x0000560a        0x2 
 .text.boot_metadata_init
                0x0000560c       0x44 ./Sources/application_layer/app_uds/src/boot_metadata.o
                0x0000560c                boot_metadata_init
 .text.PersistBootState
                0x00005650       0x44 ./Sources/application_layer/app_uds/src/boot_metadata.o
                0x00005650                PersistBootState
 .text.Read_Reboot_Reason
                0x00005694       0x1c ./Sources/application_layer/app_uds/src/boot_metadata.o
                0x00005694                Read_Reboot_Reason
 .text.EraseFlashMemory
                0x000056b0       0x22 ./Sources/application_layer/app_uds/src/boot_metadata.o
                0x000056b0                EraseFlashMemory
 .text.check_AddressRangeValid
                0x000056d2       0x10 ./Sources/application_layer/app_uds/src/boot_metadata.o
                0x000056d2                check_AddressRangeValid
 .text.verify_app_crc
                0x000056e2       0x26 ./Sources/application_layer/app_uds/src/boot_metadata.o
                0x000056e2                verify_app_crc
 .text.jump_to_app
                0x00005708       0x40 ./Sources/application_layer/app_uds/src/boot_metadata.o
                0x00005708                jump_to_app
 .text.try_boot_app
                0x00005748       0x2c ./Sources/application_layer/app_uds/src/boot_metadata.o
                0x00005748                try_boot_app
 .text.ResetTransfer
                0x00005774       0x20 ./Sources/application_layer/app_uds/src/uds.o
 .text._0x27_SecurityAccess
                0x00005794      0x1dc ./Sources/application_layer/app_uds/src/uds.o
 .text._0x31_RoutineControl
                0x00005970      0x26c ./Sources/application_layer/app_uds/src/uds.o
 .text._0x36_TransferData
                0x00005bdc      0x1bc ./Sources/application_layer/app_uds/src/uds.o
 .text._0x23_ReadMemoryByAddress
                0x00005d98      0x1ac ./Sources/application_layer/app_uds/src/uds.o
 .text._0x37_RequestTransferExit
                0x00005f44       0xd8 ./Sources/application_layer/app_uds/src/uds.o
 .text.evaluateServiceResponse
                0x0000601c      0x1e4 ./Sources/application_layer/app_uds/src/uds.o
 .text._0x10_DiagnosticSessionControl
                0x00006200       0xc4 ./Sources/application_layer/app_uds/src/uds.o
 .text._0x11_ECUReset
                0x000062c4       0x80 ./Sources/application_layer/app_uds/src/uds.o
 .text._0x3E_TesterPresent
                0x00006344       0x82 ./Sources/application_layer/app_uds/src/uds.o
 *fill*         0x000063c6        0x2 
 .text._0x35_RequestUpload
                0x000063c8      0x20c ./Sources/application_layer/app_uds/src/uds.o
 .text._0x85_ControlDTCSetting
                0x000065d4       0x4e ./Sources/application_layer/app_uds/src/uds.o
 *fill*         0x00006622        0x2 
 .text._0x34_RequestDownload
                0x00006624      0x168 ./Sources/application_layer/app_uds/src/uds.o
 .text._0x28_CommunicationControl
                0x0000678c       0x60 ./Sources/application_layer/app_uds/src/uds.o
 .text._0x2E_WriteDataByIdentifier
                0x000067ec       0xcc ./Sources/application_layer/app_uds/src/uds.o
 .text._0x22_ReadDataByIdentifier
                0x000068b8      0x108 ./Sources/application_layer/app_uds/src/uds.o
 .text.UDS_Bootloader_state_machine
                0x000069c0       0xf0 ./Sources/application_layer/app_uds/src/uds.o
                0x000069c0                UDS_Bootloader_state_machine
 .text.UDS_Bootloader_Initialize
                0x00006ab0       0x44 ./Sources/application_layer/app_uds/src/uds.o
                0x00006ab0                UDS_Bootloader_Initialize
 .text.can_0_callback_error_v
                0x00006af4       0x20 ./Sources/core_layer/bsp/nxp/src/rr_can_nxp.o
 .text.can_0_callback_event_v
                0x00006b14       0x10 ./Sources/core_layer/bsp/nxp/src/rr_can_nxp.o
 .text.rr_can_nxp_initialize
                0x00006b24       0xac ./Sources/core_layer/bsp/nxp/src/rr_can_nxp.o
                0x00006b24                rr_can_nxp_initialize
 .text.rr_can_nxp_configMailbox
                0x00006bd0       0xec ./Sources/core_layer/bsp/nxp/src/rr_can_nxp.o
                0x00006bd0                rr_can_nxp_configMailbox
 .text.rr_can_nxp_start
                0x00006cbc       0x5c ./Sources/core_layer/bsp/nxp/src/rr_can_nxp.o
                0x00006cbc                rr_can_nxp_start
 .text.rr_can_nxp_stop
                0x00006d18       0x60 ./Sources/core_layer/bsp/nxp/src/rr_can_nxp.o
                0x00006d18                rr_can_nxp_stop
 .text.rr_can_nxp_transmit
                0x00006d78      0x108 ./Sources/core_layer/bsp/nxp/src/rr_can_nxp.o
                0x00006d78                rr_can_nxp_transmit
 .text.rr_can_nxp_receive
                0x00006e80       0x74 ./Sources/core_layer/bsp/nxp/src/rr_can_nxp.o
                0x00006e80                rr_can_nxp_receive
 .text.rr_can_nxp_abortTx
                0x00006ef4       0x5c ./Sources/core_layer/bsp/nxp/src/rr_can_nxp.o
                0x00006ef4                rr_can_nxp_abortTx
 .text.rr_can_nxp_error_decode
                0x00006f50       0x1c ./Sources/core_layer/bsp/nxp/src/rr_can_nxp.o
                0x00006f50                rr_can_nxp_error_decode
 .text.rr_crc_nxp_hw_ready
                0x00006f6c        0xc ./Sources/core_layer/bsp/nxp/src/rr_crc_nxp.o
                0x00006f6c                rr_crc_nxp_hw_ready
 .text.rr_crc_nxp_compute32
                0x00006f78       0x24 ./Sources/core_layer/bsp/nxp/src/rr_crc_nxp.o
                0x00006f78                rr_crc_nxp_compute32
 .text.rr_iflash_nxp_check
                0x00006f9c       0x60 ./Sources/core_layer/bsp/nxp/src/rr_iflash_nxp.o
 .text.rr_iflash_nxp_initialize
                0x00006ffc       0x64 ./Sources/core_layer/bsp/nxp/src/rr_iflash_nxp.o
                0x00006ffc                rr_iflash_nxp_initialize
 .text.rr_iflash_nxp_read
                0x00007060       0x3e ./Sources/core_layer/bsp/nxp/src/rr_iflash_nxp.o
                0x00007060                rr_iflash_nxp_read
 *fill*         0x0000709e        0x2 
 .text.rr_iflash_nxp_erase
                0x000070a0       0x40 ./Sources/core_layer/bsp/nxp/src/rr_iflash_nxp.o
                0x000070a0                rr_iflash_nxp_erase
 .text.rr_iflash_nxp_program
                0x000070e0       0x5c ./Sources/core_layer/bsp/nxp/src/rr_iflash_nxp.o
                0x000070e0                rr_iflash_nxp_program
 .text.rr_timer_nxp_pal_cb
                0x0000713c       0x20 ./Sources/core_layer/bsp/nxp/src/rr_timer_nxp.o
 .text.rr_timer_nxp_initialize
                0x0000715c      0x1f0 ./Sources/core_layer/bsp/nxp/src/rr_timer_nxp.o
                0x0000715c                rr_timer_nxp_initialize
 .text.rr_timer_nxp_start_base_v
                0x0000734c       0x58 ./Sources/core_layer/bsp/nxp/src/rr_timer_nxp.o
                0x0000734c                rr_timer_nxp_start_base_v
 .text.rr_can_initialize
                0x000073a4       0x34 ./Sources/core_layer/drivers/src/rr_can.o
                0x000073a4                rr_can_initialize
 .text.rr_can_configMailbox
                0x000073d8       0x14 ./Sources/core_layer/drivers/src/rr_can.o
                0x000073d8                rr_can_configMailbox
 .text.rr_can_start
                0x000073ec        0xe ./Sources/core_layer/drivers/src/rr_can.o
                0x000073ec                rr_can_start
 .text.rr_can_stop
                0x000073fa        0xe ./Sources/core_layer/drivers/src/rr_can.o
                0x000073fa                rr_can_stop
 .text.rr_can_transmit
                0x00007408       0x1c ./Sources/core_layer/drivers/src/rr_can.o
                0x00007408                rr_can_transmit
 .text.rr_can_receive
                0x00007424       0x2c ./Sources/core_layer/drivers/src/rr_can.o
                0x00007424                rr_can_receive
 .text.rr_can_error_callback
                0x00007450       0x44 ./Sources/core_layer/drivers/src/rr_can.o
                0x00007450                rr_can_error_callback
 .text.rr_crc_compute32
                0x00007494       0x60 ./Sources/core_layer/drivers/src/rr_crc.o
                0x00007494                rr_crc_compute32
 .text.rr_iflash_initialize
                0x000074f4       0x28 ./Sources/core_layer/drivers/src/rr_iflash.o
                0x000074f4                rr_iflash_initialize
 .text.rr_iflash_read
                0x0000751c       0x2c ./Sources/core_layer/drivers/src/rr_iflash.o
                0x0000751c                rr_iflash_read
 .text.rr_iflash_erase
                0x00007548       0x24 ./Sources/core_layer/drivers/src/rr_iflash.o
                0x00007548                rr_iflash_erase
 .text.rr_iflash_program
                0x0000756c       0x2c ./Sources/core_layer/drivers/src/rr_iflash.o
                0x0000756c                rr_iflash_program
 .text.rr_memory_copy_u8
                0x00007598       0x20 ./Sources/core_layer/drivers/src/rr_memory.o
                0x00007598                rr_memory_copy_u8
 .text.rr_memory_set_u8
                0x000075b8       0x18 ./Sources/core_layer/drivers/src/rr_memory.o
                0x000075b8                rr_memory_set_u8
 .text.rr_timer_init_u8
                0x000075d0       0xa4 ./Sources/core_layer/drivers/src/rr_timer.o
                0x000075d0                rr_timer_init_u8
 .text.rr_timer_start_base_v
                0x00007674       0x18 ./Sources/core_layer/drivers/src/rr_timer.o
                0x00007674                rr_timer_start_base_v
 .text.main     0x0000768c       0x18 ./Sources/main.o
                0x0000768c                main
 .text.can_rx_comm_callback
                0x000076a4       0x2e ./Sources/middle_layer/communication_stack/src/can_rx_comm.o
 *fill*         0x000076d2        0x2 
 .text.can_rx_comm_init
                0x000076d4       0x14 ./Sources/middle_layer/communication_stack/src/can_rx_comm.o
                0x000076d4                can_rx_comm_init
 .text.isotp_can_message_recvhndlr
                0x000076e8      0x230 ./Sources/middle_layer/communication_stack/src/uds_can_transport.o
                0x000076e8                isotp_can_message_recvhndlr
 .text.isotp_can_receive
                0x00007918       0x24 ./Sources/middle_layer/communication_stack/src/uds_can_transport.o
                0x00007918                isotp_can_receive
 .text.isotp_can_send
                0x0000793c       0xe0 ./Sources/middle_layer/communication_stack/src/uds_can_transport.o
                0x0000793c                isotp_can_send
 .text.isotp_poll
                0x00007a1c      0x188 ./Sources/middle_layer/communication_stack/src/uds_can_transport.o
                0x00007a1c                isotp_poll
 .text.isotp_link_can_initialize
                0x00007ba4       0x38 ./Sources/middle_layer/communication_stack/src/uds_can_transport.o
                0x00007ba4                isotp_link_can_initialize
 .text.TimerLock
                0x00007bdc       0x20 ./Sources/middle_layer/communication_stack/src/uds_timer_lib.o
 .text.TimerUnlock
                0x00007bfc       0x24 ./Sources/middle_layer/communication_stack/src/uds_timer_lib.o
 .text.uds_timer_lib_callback
                0x00007c20       0x6c ./Sources/middle_layer/communication_stack/src/uds_timer_lib.o
 .text.uds_timer_lib_initialize
                0x00007c8c       0x18 ./Sources/middle_layer/communication_stack/src/uds_timer_lib.o
                0x00007c8c                uds_timer_lib_initialize
 .text.uds_timer_lib_start_and_stop_timer
                0x00007ca4       0x50 ./Sources/middle_layer/communication_stack/src/uds_timer_lib.o
                0x00007ca4                uds_timer_lib_start_and_stop_timer
 .text.uds_timer_lib_get_timer_msec
                0x00007cf4       0x1c ./Sources/middle_layer/communication_stack/src/uds_timer_lib.o
                0x00007cf4                uds_timer_lib_get_timer_msec
 .text.service_can_rx_callback
                0x00007d10       0x48 ./Sources/middle_layer/services/src/service_can.o
 .text.service_can_err_callback
                0x00007d58       0x3c ./Sources/middle_layer/services/src/service_can.o
 .text.service_can_init
                0x00007d94       0x38 ./Sources/middle_layer/services/src/service_can.o
                0x00007d94                service_can_init
 .text.service_can_transmit
                0x00007dcc       0x5e ./Sources/middle_layer/services/src/service_can.o
                0x00007dcc                service_can_transmit
 *fill*         0x00007e2a        0x2 
 .text.service_can_register_rx_callback
                0x00007e2c        0xc ./Sources/middle_layer/services/src/service_can.o
                0x00007e2c                service_can_register_rx_callback
 .text.service_iflash_init
                0x00007e38       0x10 ./Sources/middle_layer/services/src/service_iflash.o
                0x00007e38                service_iflash_init
 .text.service_iflash_read
                0x00007e48        0x8 ./Sources/middle_layer/services/src/service_iflash.o
                0x00007e48                service_iflash_read
 .text.service_iflash_erase
                0x00007e50        0x8 ./Sources/middle_layer/services/src/service_iflash.o
                0x00007e50                service_iflash_erase
 .text.service_iflash_program
                0x00007e58        0x8 ./Sources/middle_layer/services/src/service_iflash.o
                0x00007e58                service_iflash_program
 .text.service_timer_hw_tick_cb
                0x00007e60       0x40 ./Sources/middle_layer/services/src/service_timer.o
 .text.service_timer_init
                0x00007ea0       0x58 ./Sources/middle_layer/services/src/service_timer.o
                0x00007ea0                service_timer_init
 .text.service_timer_register
                0x00007ef8       0x5c ./Sources/middle_layer/services/src/service_timer.o
                0x00007ef8                service_timer_register
 .text.service_timer_start
                0x00007f54       0x2c ./Sources/middle_layer/services/src/service_timer.o
                0x00007f54                service_timer_start
 .text.service_timer_stop
                0x00007f80       0x18 ./Sources/middle_layer/services/src/service_timer.o
                0x00007f80                service_timer_stop
 .text.__assert_func
                0x00007f98       0x3c C:/NXP/S32DS_ARM_v2.2/S32DS/build_tools/gcc_v6.3/gcc-6.3-arm32-eabi/arm-none-eabi/newlib/lib/thumb/v7e-m/fpv4-sp/hard\libc_nano.a(lib_a-assert.o)
                0x00007f98                __assert_func
 .text.fprintf  0x00007fd4       0x24 C:/NXP/S32DS_ARM_v2.2/S32DS/build_tools/gcc_v6.3/gcc-6.3-arm32-eabi/arm-none-eabi/newlib/lib/thumb/v7e-m/fpv4-sp/hard\libc_nano.a(lib_a-fprintf.o)
                0x00007fd4                fiprintf
                0x00007fd4                fprintf
 .text.memset   0x00007ff8       0x10 C:/NXP/S32DS_ARM_v2.2/S32DS/build_tools/gcc_v6.3/gcc-6.3-arm32-eabi/arm-none-eabi/newlib/lib/thumb/v7e-m/fpv4-sp/hard\libc_nano.a(lib_a-memset.o)
                0x00007ff8                memset
 .text.__sfputc_r
                0x00008008       0x30 C:/NXP/S32DS_ARM_v2.2/S32DS/build_tools/gcc_v6.3/gcc-6.3-arm32-eabi/arm-none-eabi/newlib/lib/thumb/v7e-m/fpv4-sp/hard\libc_nano.a(lib_a-nano-vfprintf.o)
 .text.__sfputs_r
                0x00008038       0x24 C:/NXP/S32DS_ARM_v2.2/S32DS/build_tools/gcc_v6.3/gcc-6.3-arm32-eabi/arm-none-eabi/newlib/lib/thumb/v7e-m/fpv4-sp/hard\libc_nano.a(lib_a-nano-vfprintf.o)
                0x00008038                __sfputs_r
 .text._vfprintf_r
                0x0000805c      0x22c C:/NXP/S32DS_ARM_v2.2/S32DS/build_tools/gcc_v6.3/gcc-6.3-arm32-eabi/arm-none-eabi/newlib/lib/thumb/v7e-m/fpv4-sp/hard\libc_nano.a(lib_a-nano-vfprintf.o)
                0x0000805c                _vfprintf_r
                0x0000805c                _vfiprintf_r
 .text.__swbuf_r
                0x00008288       0xa4 C:/NXP/S32DS_ARM_v2.2/S32DS/build_tools/gcc_v6.3/gcc-6.3-arm32-eabi/arm-none-eabi/newlib/lib/thumb/v7e-m/fpv4-sp/hard\libc_nano.a(lib_a-wbuf.o)
                0x00008288                __swbuf_r
 .text.__swsetup_r
                0x0000832c       0xdc C:/NXP/S32DS_ARM_v2.2/S32DS/build_tools/gcc_v6.3/gcc-6.3-arm32-eabi/arm-none-eabi/newlib/lib/thumb/v7e-m/fpv4-sp/hard\libc_nano.a(lib_a-wsetup.o)
                0x0000832c                __swsetup_r
 .text.abort    0x00008408        0xe C:/NXP/S32DS_ARM_v2.2/S32DS/build_tools/gcc_v6.3/gcc-6.3-arm32-eabi/arm-none-eabi/newlib/lib/thumb/v7e-m/fpv4-sp/hard\libc_nano.a(lib_a-abort.o)
                0x00008408                abort
 *fill*         0x00008416        0x2 
 .text.__sflush_r
                0x00008418      0x110 C:/NXP/S32DS_ARM_v2.2/S32DS/build_tools/gcc_v6.3/gcc-6.3-arm32-eabi/arm-none-eabi/newlib/lib/thumb/v7e-m/fpv4-sp/hard\libc_nano.a(lib_a-fflush.o)
                0x00008418                __sflush_r
 .text._fflush_r
                0x00008528       0x54 C:/NXP/S32DS_ARM_v2.2/S32DS/build_tools/gcc_v6.3/gcc-6.3-arm32-eabi/arm-none-eabi/newlib/lib/thumb/v7e-m/fpv4-sp/hard\libc_nano.a(lib_a-fflush.o)
                0x00008528                _fflush_r
 .text._cleanup_r
                0x0000857c        0xc C:/NXP/S32DS_ARM_v2.2/S32DS/build_tools/gcc_v6.3/gcc-6.3-arm32-eabi/arm-none-eabi/newlib/lib/thumb/v7e-m/fpv4-sp/hard\libc_nano.a(lib_a-findfp.o)
                0x0000857c                _cleanup_r
 .text.std.isra.0
                0x00008588       0x48 C:/NXP/S32DS_ARM_v2.2/S32DS/build_tools/gcc_v6.3/gcc-6.3-arm32-eabi/arm-none-eabi/newlib/lib/thumb/v7e-m/fpv4-sp/hard\libc_nano.a(lib_a-findfp.o)
 .text.__sfmoreglue
                0x000085d0       0x2c C:/NXP/S32DS_ARM_v2.2/S32DS/build_tools/gcc_v6.3/gcc-6.3-arm32-eabi/arm-none-eabi/newlib/lib/thumb/v7e-m/fpv4-sp/hard\libc_nano.a(lib_a-findfp.o)
                0x000085d0                __sfmoreglue
 .text.__sinit  0x000085fc       0x60 C:/NXP/S32DS_ARM_v2.2/S32DS/build_tools/gcc_v6.3/gcc-6.3-arm32-eabi/arm-none-eabi/newlib/lib/thumb/v7e-m/fpv4-sp/hard\libc_nano.a(lib_a-findfp.o)
                0x000085fc                __sinit
 .text.__sfp    0x0000865c       0x78 C:/NXP/S32DS_ARM_v2.2/S32DS/build_tools/gcc_v6.3/gcc-6.3-arm32-eabi/arm-none-eabi/newlib/lib/thumb/v7e-m/fpv4-sp/hard\libc_nano.a(lib_a-findfp.o)
                0x0000865c                __sfp
 .text._fwalk_reent
                0x000086d4       0x3c C:/NXP/S32DS_ARM_v2.2/S32DS/build_tools/gcc_v6.3/gcc-6.3-arm32-eabi/arm-none-eabi/newlib/lib/thumb/v7e-m/fpv4-sp/hard\libc_nano.a(lib_a-fwalk.o)
                0x000086d4                _fwalk_reent
 .text.__swhatbuf_r
                0x00008710       0x48 C:/NXP/S32DS_ARM_v2.2/S32DS/build_tools/gcc_v6.3/gcc-6.3-arm32-eabi/arm-none-eabi/newlib/lib/thumb/v7e-m/fpv4-sp/hard\libc_nano.a(lib_a-makebuf.o)
                0x00008710                __swhatbuf_r
 .text.__smakebuf_r
                0x00008758       0x80 C:/NXP/S32DS_ARM_v2.2/S32DS/build_tools/gcc_v6.3/gcc-6.3-arm32-eabi/arm-none-eabi/newlib/lib/thumb/v7e-m/fpv4-sp/hard\libc_nano.a(lib_a-makebuf.o)
                0x00008758                __smakebuf_r
 .text._free_r  0x000087d8       0x9c C:/NXP/S32DS_ARM_v2.2/S32DS/build_tools/gcc_v6.3/gcc-6.3-arm32-eabi/arm-none-eabi/newlib/lib/thumb/v7e-m/fpv4-sp/hard\libc_nano.a(lib_a-nano-freer.o)
                0x000087d8                _free_r
 .text._malloc_r
                0x00008874       0xbc C:/NXP/S32DS_ARM_v2.2/S32DS/build_tools/gcc_v6.3/gcc-6.3-arm32-eabi/arm-none-eabi/newlib/lib/thumb/v7e-m/fpv4-sp/hard\libc_nano.a(lib_a-nano-mallocr.o)
                0x00008874                _malloc_r
 .text._printf_common
                0x00008930       0xec C:/NXP/S32DS_ARM_v2.2/S32DS/build_tools/gcc_v6.3/gcc-6.3-arm32-eabi/arm-none-eabi/newlib/lib/thumb/v7e-m/fpv4-sp/hard\libc_nano.a(lib_a-nano-vfprintf_i.o)
                0x00008930                _printf_common
 .text._printf_i
                0x00008a1c      0x240 C:/NXP/S32DS_ARM_v2.2/S32DS/build_tools/gcc_v6.3/gcc-6.3-arm32-eabi/arm-none-eabi/newlib/lib/thumb/v7e-m/fpv4-sp/hard\libc_nano.a(lib_a-nano-vfprintf_i.o)
                0x00008a1c                _printf_i
 .text._sbrk_r  0x00008c5c       0x20 C:/NXP/S32DS_ARM_v2.2/S32DS/build_tools/gcc_v6.3/gcc-6.3-arm32-eabi/arm-none-eabi/newlib/lib/thumb/v7e-m/fpv4-sp/hard\libc_nano.a(lib_a-sbrkr.o)
                0x00008c5c                _sbrk_r
 .text._raise_r
                0x00008c7c       0x50 C:/NXP/S32DS_ARM_v2.2/S32DS/build_tools/gcc_v6.3/gcc-6.3-arm32-eabi/arm-none-eabi/newlib/lib/thumb/v7e-m/fpv4-sp/hard\libc_nano.a(lib_a-signal.o)
                0x00008c7c                _raise_r
 .text.raise    0x00008ccc       0x10 C:/NXP/S32DS_ARM_v2.2/S32DS/build_tools/gcc_v6.3/gcc-6.3-arm32-eabi/arm-none-eabi/newlib/lib/thumb/v7e-m/fpv4-sp/hard\libc_nano.a(lib_a-signal.o)
                0x00008ccc                raise
 .text._kill_r  0x00008cdc       0x24 C:/NXP/S32DS_ARM_v2.2/S32DS/build_tools/gcc_v6.3/gcc-6.3-arm32-eabi/arm-none-eabi/newlib/lib/thumb/v7e-m/fpv4-sp/hard\libc_nano.a(lib_a-signalr.o)
                0x00008cdc                _kill_r
 .text._getpid_r
                0x00008d00        0x4 C:/NXP/S32DS_ARM_v2.2/S32DS/build_tools/gcc_v6.3/gcc-6.3-arm32-eabi/arm-none-eabi/newlib/lib/thumb/v7e-m/fpv4-sp/hard\libc_nano.a(lib_a-signalr.o)
                0x00008d00                _getpid_r
 .text.__sread  0x00008d04       0x22 C:/NXP/S32DS_ARM_v2.2/S32DS/build_tools/gcc_v6.3/gcc-6.3-arm32-eabi/arm-none-eabi/newlib/lib/thumb/v7e-m/fpv4-sp/hard\libc_nano.a(lib_a-stdio.o)
                0x00008d04                __sread
 .text.__swrite
                0x00008d26       0x38 C:/NXP/S32DS_ARM_v2.2/S32DS/build_tools/gcc_v6.3/gcc-6.3-arm32-eabi/arm-none-eabi/newlib/lib/thumb/v7e-m/fpv4-sp/hard\libc_nano.a(lib_a-stdio.o)
                0x00008d26                __swrite
 .text.__sseek  0x00008d5e       0x24 C:/NXP/S32DS_ARM_v2.2/S32DS/build_tools/gcc_v6.3/gcc-6.3-arm32-eabi/arm-none-eabi/newlib/lib/thumb/v7e-m/fpv4-sp/hard\libc_nano.a(lib_a-stdio.o)
                0x00008d5e                __sseek
 .text.__sclose
                0x00008d82        0x8 C:/NXP/S32DS_ARM_v2.2/S32DS/build_tools/gcc_v6.3/gcc-6.3-arm32-eabi/arm-none-eabi/newlib/lib/thumb/v7e-m/fpv4-sp/hard\libc_nano.a(lib_a-stdio.o)
                0x00008d82                __sclose
 *fill*         0x00008d8a        0x2 
 .text._write_r
                0x00008d8c       0x24 C:/NXP/S32DS_ARM_v2.2/S32DS/build_tools/gcc_v6.3/gcc-6.3-arm32-eabi/arm-none-eabi/newlib/lib/thumb/v7e-m/fpv4-sp/hard\libc_nano.a(lib_a-writer.o)
                0x00008d8c                _write_r
 .text._close_r
                0x00008db0       0x20 C:/NXP/S32DS_ARM_v2.2/S32DS/build_tools/gcc_v6.3/gcc-6.3-arm32-eabi/arm-none-eabi/newlib/lib/thumb/v7e-m/fpv4-sp/hard\libc_nano.a(lib_a-closer.o)
                0x00008db0                _close_r
 .text._fstat_r
                0x00008dd0       0x24 C:/NXP/S32DS_ARM_v2.2/S32DS/build_tools/gcc_v6.3/gcc-6.3-arm32-eabi/arm-none-eabi/newlib/lib/thumb/v7e-m/fpv4-sp/hard\libc_nano.a(lib_a-fstatr.o)
                0x00008dd0                _fstat_r
 .text._isatty_r
                0x00008df4       0x20 C:/NXP/S32DS_ARM_v2.2/S32DS/build_tools/gcc_v6.3/gcc-6.3-arm32-eabi/arm-none-eabi/newlib/lib/thumb/v7e-m/fpv4-sp/hard\libc_nano.a(lib_a-isattyr.o)
                0x00008df4                _isatty_r
 .text._lseek_r
                0x00008e14       0x24 C:/NXP/S32DS_ARM_v2.2/S32DS/build_tools/gcc_v6.3/gcc-6.3-arm32-eabi/arm-none-eabi/newlib/lib/thumb/v7e-m/fpv4-sp/hard\libc_nano.a(lib_a-lseekr.o)
                0x00008e14                _lseek_r
 .text.__malloc_lock
                0x00008e38        0x2 C:/NXP/S32DS_ARM_v2.2/S32DS/build_tools/gcc_v6.3/gcc-6.3-arm32-eabi/arm-none-eabi/newlib/lib/thumb/v7e-m/fpv4-sp/hard\libc_nano.a(lib_a-mlock.o)
                0x00008e38                __malloc_lock
 .text.__malloc_unlock
                0x00008e3a        0x2 C:/NXP/S32DS_ARM_v2.2/S32DS/build_tools/gcc_v6.3/gcc-6.3-arm32-eabi/arm-none-eabi/newlib/lib/thumb/v7e-m/fpv4-sp/hard\libc_nano.a(lib_a-mlock.o)
                0x00008e3a                __malloc_unlock
 .text._read_r  0x00008e3c       0x24 C:/NXP/S32DS_ARM_v2.2/S32DS/build_tools/gcc_v6.3/gcc-6.3-arm32-eabi/arm-none-eabi/newlib/lib/thumb/v7e-m/fpv4-sp/hard\libc_nano.a(lib_a-readr.o)
                0x00008e3c                _read_r
 .text._close   0x00008e60       0x10 C:/NXP/S32DS_ARM_v2.2/S32DS/build_tools/gcc_v6.3/gcc-6.3-arm32-eabi/arm-none-eabi/newlib/lib/thumb/v7e-m/fpv4-sp/hard\libnosys.a(close.o)
                0x00008e60                _close
 .text._fstat   0x00008e70       0x10 C:/NXP/S32DS_ARM_v2.2/S32DS/build_tools/gcc_v6.3/gcc-6.3-arm32-eabi/arm-none-eabi/newlib/lib/thumb/v7e-m/fpv4-sp/hard\libnosys.a(fstat.o)
                0x00008e70                _fstat
 .text._getpid  0x00008e80       0x10 C:/NXP/S32DS_ARM_v2.2/S32DS/build_tools/gcc_v6.3/gcc-6.3-arm32-eabi/arm-none-eabi/newlib/lib/thumb/v7e-m/fpv4-sp/hard\libnosys.a(getpid.o)
                0x00008e80                _getpid
 .text._isatty  0x00008e90       0x10 C:/NXP/S32DS_ARM_v2.2/S32DS/build_tools/gcc_v6.3/gcc-6.3-arm32-eabi/arm-none-eabi/newlib/lib/thumb/v7e-m/fpv4-sp/hard\libnosys.a(isatty.o)
                0x00008e90                _isatty
 .text._kill    0x00008ea0       0x10 C:/NXP/S32DS_ARM_v2.2/S32DS/build_tools/gcc_v6.3/gcc-6.3-arm32-eabi/arm-none-eabi/newlib/lib/thumb/v7e-m/fpv4-sp/hard\libnosys.a(kill.o)
                0x00008ea0                _kill
 .text._lseek   0x00008eb0       0x10 C:/NXP/S32DS_ARM_v2.2/S32DS/build_tools/gcc_v6.3/gcc-6.3-arm32-eabi/arm-none-eabi/newlib/lib/thumb/v7e-m/fpv4-sp/hard\libnosys.a(lseek.o)
                0x00008eb0                _lseek
 .text._read    0x00008ec0       0x10 C:/NXP/S32DS_ARM_v2.2/S32DS/build_tools/gcc_v6.3/gcc-6.3-arm32-eabi/arm-none-eabi/newlib/lib/thumb/v7e-m/fpv4-sp/hard\libnosys.a(read.o)
                0x00008ec0                _read
 .text._sbrk    0x00008ed0       0x1c C:/NXP/S32DS_ARM_v2.2/S32DS/build_tools/gcc_v6.3/gcc-6.3-arm32-eabi/arm-none-eabi/newlib/lib/thumb/v7e-m/fpv4-sp/hard\libnosys.a(sbrk.o)
                0x00008ed0                _sbrk
 .text._write   0x00008eec       0x10 C:/NXP/S32DS_ARM_v2.2/S32DS/build_tools/gcc_v6.3/gcc-6.3-arm32-eabi/arm-none-eabi/newlib/lib/thumb/v7e-m/fpv4-sp/hard\libnosys.a(write.o)
                0x00008eec                _write
 .text._exit    0x00008efc        0x2 C:/NXP/S32DS_ARM_v2.2/S32DS/build_tools/gcc_v6.3/gcc-6.3-arm32-eabi/arm-none-eabi/newlib/lib/thumb/v7e-m/fpv4-sp/hard\libnosys.a(_exit.o)
                0x00008efc                _exit
 *(.rodata)
 *(.rodata*)
 *fill*         0x00008efe        0x2 
 .rodata.can_pal_0_Config0
                0x00008f00       0x34 ./Generated_Code/can_pal_0.o
                0x00008f00                can_pal_0_Config0
 .rodata.can_pal_0_instance
                0x00008f34        0x8 ./Generated_Code/can_pal_0.o
                0x00008f34                can_pal_0_instance
 .rodata.clockNameMappings
                0x00008f3c       0x9e ./SDK/platform/drivers/src/clock/S32K1xx/clock_S32K1xx.o
                0x00008f3c                clockNameMappings
 *fill*         0x00008fda        0x2 
 .rodata.maxSysClksInHSRUN.7598
                0x00008fdc       0x54 ./SDK/platform/drivers/src/clock/S32K1xx/clock_S32K1xx.o
 .rodata.maxSysClksInRUN.7597
                0x00009030       0x54 ./SDK/platform/drivers/src/clock/S32K1xx/clock_S32K1xx.o
 .rodata.maxSysClksInVLPR.7596
                0x00009084       0x54 ./SDK/platform/drivers/src/clock/S32K1xx/clock_S32K1xx.o
 .rodata.peripheralFeaturesList
                0x000090d8       0x4f ./SDK/platform/drivers/src/clock/S32K1xx/clock_S32K1xx.o
                0x000090d8                peripheralFeaturesList
 *fill*         0x00009127        0x1 
 .rodata.g_flexcanBase
                0x00009128        0xc ./SDK/platform/drivers/src/flexcan/flexcan_driver.o
 .rodata.g_flexcanBusOffIrqId
                0x00009134        0x3 ./SDK/platform/drivers/src/flexcan/flexcan_driver.o
 *fill*         0x00009137        0x1 
 .rodata.g_flexcanErrorIrqId
                0x00009138        0x3 ./SDK/platform/drivers/src/flexcan/flexcan_driver.o
 *fill*         0x0000913b        0x1 
 .rodata.g_flexcanOredMessageBufferIrqId
                0x0000913c        0x6 ./SDK/platform/drivers/src/flexcan/flexcan_driver.o
 *fill*         0x00009142        0x2 
 .rodata.g_flexcanWakeUpIrqId
                0x00009144        0x3 ./SDK/platform/drivers/src/flexcan/flexcan_driver.o
 *fill*         0x00009147        0x1 
 .rodata.payload_code.7337
                0x00009148       0x41 ./SDK/platform/drivers/src/flexcan/flexcan_hw_access.o
 *fill*         0x00009189        0x3 
 .rodata.g_ftmBase
                0x0000918c       0x10 ./SDK/platform/drivers/src/ftm/ftm_common.o
                0x0000918c                g_ftmBase
 .rodata.g_ftmExtClockSel
                0x0000919c        0x8 ./SDK/platform/drivers/src/ftm/ftm_common.o
 .rodata.g_ftmFaultIrqId
                0x000091a4        0x4 ./SDK/platform/drivers/src/ftm/ftm_common.o
                0x000091a4                g_ftmFaultIrqId
 .rodata.g_ftmIrqId
                0x000091a8       0x20 ./SDK/platform/drivers/src/ftm/ftm_common.o
                0x000091a8                g_ftmIrqId
 .rodata.g_ftmOverflowIrqId
                0x000091c8        0x4 ./SDK/platform/drivers/src/ftm/ftm_common.o
                0x000091c8                g_ftmOverflowIrqId
 .rodata.g_ftmReloadIrqId
                0x000091cc        0x4 ./SDK/platform/drivers/src/ftm/ftm_common.o
                0x000091cc                g_ftmReloadIrqId
 .rodata.s_timingOverFtmIsr
                0x000091d0       0x80 ./SDK/platform/pal/src/timing/timing_irq.o
                0x000091d0                s_timingOverFtmIsr
 .rodata.ftmBase
                0x00009250       0x10 ./SDK/platform/pal/src/timing/timing_pal.o
                0x00009250                ftmBase
 .rodata.s_ftmIrq
                0x00009260       0x20 ./SDK/platform/pal/src/timing/timing_pal.o
 .rodata.heartbeatLut
                0x00009280       0x40 ./Sources/application_layer/app_main/src/app_main.o
 .rodata.uds_sw_version
                0x000092c0        0xa ./Sources/application_layer/app_uds/src/uds.o
 *fill*         0x000092ca        0x2 
 .rodata.nxp_can_desc_ast
                0x000092cc       0x14 ./Sources/core_layer/bsp/nxp/src/rr_can_nxp.o
 .rodata.rr_crc_nxp_cfg_st
                0x000092e0       0x10 ./Sources/core_layer/bsp/nxp/src/rr_crc_nxp.o
 .rodata.nxp_timer_pal_inst_ast
                0x000092f0        0x8 ./Sources/core_layer/bsp/nxp/src/rr_timer_nxp.o
 .rodata.__func__.7515
                0x000092f8        0xb ./Sources/middle_layer/communication_stack/src/uds_can_transport.o
 *fill*         0x00009303        0x1 
 .rodata.isotp_poll.str1.4
                0x00009304       0x60 ./Sources/middle_layer/communication_stack/src/uds_can_transport.o
 .rodata.service_iflash_cfg.5378
                0x00009364        0x8 ./Sources/middle_layer/services/src/service_iflash.o
 .rodata.__assert_func.str1.1
                0x0000936c       0x3c C:/NXP/S32DS_ARM_v2.2/S32DS/build_tools/gcc_v6.3/gcc-6.3-arm32-eabi/arm-none-eabi/newlib/lib/thumb/v7e-m/fpv4-sp/hard\libc_nano.a(lib_a-assert.o)
                                 0x3d (size before relaxing)
 .rodata._global_impure_ptr
                0x000093a8        0x4 C:/NXP/S32DS_ARM_v2.2/S32DS/build_tools/gcc_v6.3/gcc-6.3-arm32-eabi/arm-none-eabi/newlib/lib/thumb/v7e-m/fpv4-sp/hard\libc_nano.a(lib_a-impure.o)
                0x000093a8                _global_impure_ptr
 .rodata._vfprintf_r.str1.1
                0x000093ac       0x11 C:/NXP/S32DS_ARM_v2.2/S32DS/build_tools/gcc_v6.3/gcc-6.3-arm32-eabi/arm-none-eabi/newlib/lib/thumb/v7e-m/fpv4-sp/hard\libc_nano.a(lib_a-nano-vfprintf.o)
 *fill*         0x000093bd        0x3 
 .rodata.__sf_fake_stderr
                0x000093c0       0x20 C:/NXP/S32DS_ARM_v2.2/S32DS/build_tools/gcc_v6.3/gcc-6.3-arm32-eabi/arm-none-eabi/newlib/lib/thumb/v7e-m/fpv4-sp/hard\libc_nano.a(lib_a-findfp.o)
                0x000093c0                __sf_fake_stderr
 .rodata.__sf_fake_stdin
                0x000093e0       0x20 C:/NXP/S32DS_ARM_v2.2/S32DS/build_tools/gcc_v6.3/gcc-6.3-arm32-eabi/arm-none-eabi/newlib/lib/thumb/v7e-m/fpv4-sp/hard\libc_nano.a(lib_a-findfp.o)
                0x000093e0                __sf_fake_stdin
 .rodata.__sf_fake_stdout
                0x00009400       0x20 C:/NXP/S32DS_ARM_v2.2/S32DS/build_tools/gcc_v6.3/gcc-6.3-arm32-eabi/arm-none-eabi/newlib/lib/thumb/v7e-m/fpv4-sp/hard\libc_nano.a(lib_a-findfp.o)
                0x00009400                __sf_fake_stdout
 .rodata._printf_i.str1.1
                0x00009420       0x22 C:/NXP/S32DS_ARM_v2.2/S32DS/build_tools/gcc_v6.3/gcc-6.3-arm32-eabi/arm-none-eabi/newlib/lib/thumb/v7e-m/fpv4-sp/hard\libc_nano.a(lib_a-nano-vfprintf_i.o)
 *(.init)
 *fill*         0x00009442        0x2 
 .init          0x00009444        0x4 c:/nxp/s32ds_arm_v2.2/s32ds/build_tools/gcc_v6.3/gcc-6.3-arm32-eabi/bin/../lib/gcc/arm-none-eabi/6.3.1/thumb/v7e-m/fpv4-sp/hard/crti.o
                0x00009444                _init
 *(.fini)
 .fini          0x00009448        0x4 c:/nxp/s32ds_arm_v2.2/s32ds/build_tools/gcc_v6.3/gcc-6.3-arm32-eabi/bin/../lib/gcc/arm-none-eabi/6.3.1/thumb/v7e-m/fpv4-sp/hard/crti.o
                0x00009448                _fini
 *fill*         0x0000944c        0x4 
 .fini.__stub   0x00009450        0x8 linker stubs
 *(.eh_frame)
                0x00009458                . = ALIGN (0x4)

.glue_7         0x00009458        0x0
 .glue_7        0x00009458        0x0 linker stubs

.glue_7t        0x00009458        0x0
 .glue_7t       0x00009458        0x0 linker stubs

.vfp11_veneer   0x00009458        0x0
 .vfp11_veneer  0x00009458        0x0 linker stubs

.v4_bx          0x00009458        0x0
 .v4_bx         0x00009458        0x0 linker stubs

.iplt           0x00009458        0x0
 .iplt          0x00009458        0x0 c:/nxp/s32ds_arm_v2.2/s32ds/build_tools/gcc_v6.3/gcc-6.3-arm32-eabi/bin/../lib/gcc/arm-none-eabi/6.3.1/thumb/v7e-m/fpv4-sp/hard/crtbegin.o

.ARM            0x00009458        0x8
                0x00009458                __exidx_start = .
 *(.ARM.exidx*)
 .ARM.exidx     0x00009458        0x8 c:/nxp/s32ds_arm_v2.2/s32ds/build_tools/gcc_v6.3/gcc-6.3-arm32-eabi/bin/../lib/gcc/arm-none-eabi/6.3.1/thumb/v7e-m/fpv4-sp/hard\libgcc.a(_udivmoddi4.o)
                0x00009460                __exidx_end = .
                0x00009460                __etext = .
                0x00009460                __DATA_ROM = .

.interrupts_ram
                0x1fff8000      0x400
                0x1fff8000                . = ALIGN (0x4)
                0x1fff8000                __VECTOR_RAM__ = .
                0x1fff8000                __RAM_START = .
                0x1fff8000                __interrupts_ram_start__ = .
 *(.m_interrupts_ram)
                0x1fff8400                . = (. + M_VECTOR_RAM_SIZE)
 *fill*         0x1fff8000      0x400 
                0x1fff8400                . = ALIGN (0x4)
                0x1fff8400                __interrupts_ram_end__ = .
                0x1fff8000                __VECTOR_RAM = DEFINED (__flash_vector_table__)?ORIGIN (m_interrupts):__VECTOR_RAM__
                0x00000400                __RAM_VECTOR_TABLE_SIZE = DEFINED (__flash_vector_table__)?0x0:(__interrupts_ram_end__ - __interrupts_ram_start__)

.data           0x1fff8400      0x268 load address 0x00009460
                0x1fff8400                . = ALIGN (0x4)
                0x1fff8400                __DATA_RAM = .
                0x1fff8400                __data_start__ = .
 *(.data)
 *(.data*)
 .data.clockMan1_InitConfig0
                0x1fff8400       0x78 ./Generated_Code/clockMan1.o
                0x1fff8400                clockMan1_InitConfig0
 .data.g_clockManConfigsArr
                0x1fff8478        0x4 ./Generated_Code/clockMan1.o
                0x1fff8478                g_clockManConfigsArr
 .data.peripheralClockConfig0
                0x1fff847c       0x4b ./Generated_Code/clockMan1.o
                0x1fff847c                peripheralClockConfig0
 *fill*         0x1fff84c7        0x1 
 .data.g_pin_mux_InitConfigArr
                0x1fff84c8       0x48 ./Generated_Code/pin_mux.o
                0x1fff84c8                g_pin_mux_InitConfigArr
 .data.powerConfigsArr
                0x1fff8510        0x4 ./Generated_Code/pwrMan1.o
                0x1fff8510                powerConfigsArr
 .data.pwrMan1_InitConfig0
                0x1fff8514        0x2 ./Generated_Code/pwrMan1.o
                0x1fff8514                pwrMan1_InitConfig0
 *fill*         0x1fff8516        0x2 
 .data.SystemCoreClock
                0x1fff8518        0x4 ./SDK/platform/devices/S32K144/startup/system_S32K144.o
                0x1fff8518                SystemCoreClock
 .data.peripheralClockConfig.7360
                0x1fff851c       0xa0 ./SDK/platform/drivers/src/clock/S32K1xx/clock_S32K1xx.o
 .data.app_inst_1_filters_ast
                0x1fff85bc       0x48 ./Sources/middle_layer/services/src/service_can.o
 .data._impure_ptr
                0x1fff8604        0x4 C:/NXP/S32DS_ARM_v2.2/S32DS/build_tools/gcc_v6.3/gcc-6.3-arm32-eabi/arm-none-eabi/newlib/lib/thumb/v7e-m/fpv4-sp/hard\libc_nano.a(lib_a-impure.o)
                0x1fff8604                _impure_ptr
 .data.impure_data
                0x1fff8608       0x60 C:/NXP/S32DS_ARM_v2.2/S32DS/build_tools/gcc_v6.3/gcc-6.3-arm32-eabi/arm-none-eabi/newlib/lib/thumb/v7e-m/fpv4-sp/hard\libc_nano.a(lib_a-impure.o)
                0x1fff8668                . = ALIGN (0x4)
                0x1fff8668                __data_end__ = .
                0x000096c8                __DATA_END = (__DATA_ROM + (__data_end__ - __data_start__))
                0x000096c8                __CODE_ROM = __DATA_END

.igot.plt       0x1fff8668        0x0 load address 0x000096c8
 .igot.plt      0x1fff8668        0x0 c:/nxp/s32ds_arm_v2.2/s32ds/build_tools/gcc_v6.3/gcc-6.3-arm32-eabi/bin/../lib/gcc/arm-none-eabi/6.3.1/thumb/v7e-m/fpv4-sp/hard/crtbegin.o

.code           0x1fff8668       0x38 load address 0x000096c8
                0x1fff8668                . = ALIGN (0x4)
                0x1fff8668                __CODE_RAM = .
                0x1fff8668                __code_start__ = .
                0x1fff8668                __code_ram_start__ = .
 *(.code_ram)
 .code_ram      0x1fff8668       0x38 ./SDK/platform/drivers/src/flash/flash_driver.o
                0x1fff86a0                . = ALIGN (0x4)
                0x1fff86a0                __code_end__ = .
                0x1fff86a0                __code_ram_end__ = .
                0x00009700                __CODE_END = (__CODE_ROM + (__code_end__ - __code_start__))
                0x00009700                __CUSTOM_ROM = __CODE_END

.rel.dyn        0x1fff86a0        0x0 load address 0x00009700
 .rel.iplt      0x1fff86a0        0x0 c:/nxp/s32ds_arm_v2.2/s32ds/build_tools/gcc_v6.3/gcc-6.3-arm32-eabi/bin/../lib/gcc/arm-none-eabi/6.3.1/thumb/v7e-m/fpv4-sp/hard/crtbegin.o

.customSectionBlock
                0x20000000        0x0 load address 0x00009700
                0x20000000                __customSection_start__ = .
 *(.customSection)
                0x20000000                __customSection_end__ = .
                0x00009700                __CUSTOM_END = (__CUSTOM_ROM + (__customSection_end__ - __customSection_start__))

.bss            0x20000000     0x29d0
                0x20000000                . = ALIGN (0x4)
                0x20000000                __BSS_START = .
                0x20000000                __bss_start__ = .
 *(.bss)
 *(.bss*)
 .bss.g_clockManCallbacksArr
                0x20000000        0x4 ./Generated_Code/clockMan1.o
                0x20000000                g_clockManCallbacksArr
 .bss.powerStaticCallbacksConfigsArr
                0x20000004        0x4 ./Generated_Code/pwrMan1.o
                0x20000004                powerStaticCallbacksConfigsArr
 .bss.g_RtcClkInFreq
                0x20000008        0x4 ./SDK/platform/drivers/src/clock/S32K1xx/clock_S32K1xx.o
                0x20000008                g_RtcClkInFreq
 .bss.g_TClkFreq
                0x2000000c        0xc ./SDK/platform/drivers/src/clock/S32K1xx/clock_S32K1xx.o
                0x2000000c                g_TClkFreq
 .bss.g_clockState
                0x20000018       0x10 ./SDK/platform/drivers/src/clock/S32K1xx/clock_S32K1xx.o
 .bss.g_xtal0ClkFreq
                0x20000028        0x4 ./SDK/platform/drivers/src/clock/S32K1xx/clock_S32K1xx.o
                0x20000028                g_xtal0ClkFreq
 .bss.s_virtEdmaState
                0x2000002c        0x4 ./SDK/platform/drivers/src/edma/edma_driver.o
 .bss.g_flexcanStatePtr
                0x20000030        0xc ./SDK/platform/drivers/src/flexcan/flexcan_driver.o
 .bss.ftmStatePtr
                0x2000003c       0x10 ./SDK/platform/drivers/src/ftm/ftm_common.o
                0x2000003c                ftmStatePtr
 .bss.g_interruptDisableCount
                0x2000004c        0x4 ./SDK/platform/drivers/src/interrupt/interrupt_manager.o
 .bss.enableFIRC
                0x20000050        0x1 ./SDK/platform/drivers/src/power/S32K1xx/power_manager_S32K1xx.o
 .bss.enableSOSC
                0x20000051        0x1 ./SDK/platform/drivers/src/power/S32K1xx/power_manager_S32K1xx.o
 .bss.enableSPLL
                0x20000052        0x1 ./SDK/platform/drivers/src/power/S32K1xx/power_manager_S32K1xx.o
 *fill*         0x20000053        0x1 
 .bss.gPowerManagerState
                0x20000054       0x10 ./SDK/platform/drivers/src/power/S32K1xx/power_manager_S32K1xx.o
                0x20000054                gPowerManagerState
 .bss.s_flexcanRxFifoState
                0x20000064        0x2 ./SDK/platform/pal/src/can/can_pal.o
 *fill*         0x20000066        0x2 
 .bss.s_flexcanState
                0x20000068      0x114 ./SDK/platform/pal/src/can/can_pal.o
 .bss.s_flexcanStateInstanceMapping
                0x2000017c        0x4 ./SDK/platform/pal/src/can/can_pal.o
 .bss.s_flexcanStateIsAllocated
                0x20000180        0x1 ./SDK/platform/pal/src/can/can_pal.o
 *fill*         0x20000181        0x3 
 .bss.s_hwObjConfigs
                0x20000184       0x80 ./SDK/platform/pal/src/can/can_pal.o
 .bss.ftmState.7463
                0x20000204      0x180 ./SDK/platform/pal/src/timing/timing_pal.o
 .bss.g_ftmChannelRunning
                0x20000384       0x20 ./SDK/platform/pal/src/timing/timing_pal.o
                0x20000384                g_ftmChannelRunning
 .bss.s_ftmState
                0x200003a4      0x300 ./SDK/platform/pal/src/timing/timing_pal.o
 .bss.s_osif_tick_cnt
                0x200006a4        0x4 ./SDK/rtos/osif/osif_baremetal.o
 .bss.lutIdx.9248
                0x200006a8        0x1 ./Sources/application_layer/app_main/src/app_main.o
 *fill*         0x200006a9        0x3 
 .bss.stepAccumUs.9249
                0x200006ac        0x4 ./Sources/application_layer/app_main/src/app_main.o
 .bss.uds_fingerprint
                0x200006b0       0x10 ./Sources/application_layer/app_uds/src/uds.o
 .bss.uds_srvr  0x200006c0     0x2038 ./Sources/application_layer/app_uds/src/uds.o
 .bss.buff_cfg_st.8898
                0x200026f8        0x5 ./Sources/core_layer/bsp/nxp/src/rr_can_nxp.o
 *fill*         0x200026fd        0x3 
 .bss.nxp_can_state_ast
                0x20002700       0xa0 ./Sources/core_layer/bsp/nxp/src/rr_can_nxp.o
 .bss.rr_crc_hw_ready_u8
                0x200027a0        0x1 ./Sources/core_layer/bsp/nxp/src/rr_crc_nxp.o
 *fill*         0x200027a1        0x3 
 .bss.iflash_nxp_crc_compute32_pf
                0x200027a4        0x4 ./Sources/core_layer/bsp/nxp/src/rr_iflash_nxp.o
 .bss.iflash_ssd_cfg_st
                0x200027a8       0x1c ./Sources/core_layer/bsp/nxp/src/rr_iflash_nxp.o
 .bss.nxp_timer_chan_tag_aast
                0x200027c4       0x10 ./Sources/core_layer/bsp/nxp/src/rr_timer_nxp.o
 .bss.nxp_timer_pal_cfg_ast
                0x200027d4        0xc ./Sources/core_layer/bsp/nxp/src/rr_timer_nxp.o
 .bss.nxp_timer_pal_chan_aast
                0x200027e0       0x60 ./Sources/core_layer/bsp/nxp/src/rr_timer_nxp.o
 .bss.nxp_timer_pal_ext_ast
                0x20002840        0x4 ./Sources/core_layer/bsp/nxp/src/rr_timer_nxp.o
 .bss.nxp_timer_period_ticks_aau32
                0x20002844       0x20 ./Sources/core_layer/bsp/nxp/src/rr_timer_nxp.o
 .bss.can_err_cb_apf
                0x20002864        0x4 ./Sources/core_layer/drivers/src/rr_can.o
 .bss.can_filter_cnt_au8
                0x20002868        0x1 ./Sources/core_layer/drivers/src/rr_can.o
                0x20002868                can_filter_cnt_au8
 *fill*         0x20002869        0x3 
 .bss.can_rx_cb_apf
                0x2000286c        0x4 ./Sources/core_layer/drivers/src/rr_can.o
 .bss.iflash_cfg_pst
                0x20002870        0x4 ./Sources/core_layer/drivers/src/rr_iflash.o
 .bss.timer_cb_aapf
                0x20002874       0x20 ./Sources/core_layer/drivers/src/rr_timer.o
                0x20002874                timer_cb_aapf
 .bss.timer_cfg_pst
                0x20002894        0x4 ./Sources/core_layer/drivers/src/rr_timer.o
                0x20002894                timer_cfg_pst
 .bss.timer_chan_cnt_au8
                0x20002898        0x1 ./Sources/core_layer/drivers/src/rr_timer.o
                0x20002898                timer_chan_cnt_au8
 *fill*         0x20002899        0x3 
 .bss.timer_chan_type_aae
                0x2000289c        0x8 ./Sources/core_layer/drivers/src/rr_timer.o
                0x2000289c                timer_chan_type_aae
 .bss.exit_code
                0x200028a4        0x4 ./Sources/main.o
                0x200028a4                exit_code
 .bss.can_tplink
                0x200028a8       0x48 ./Sources/middle_layer/communication_stack/src/uds_can_transport.o
 .bss.uds_timer_handle
                0x200028f0       0x14 ./Sources/middle_layer/communication_stack/src/uds_timer_lib.o
 .bss.app_err_cb_apf
                0x20002904        0x4 ./Sources/middle_layer/services/src/service_can.o
 .bss.app_rx_cb_apf
                0x20002908        0x4 ./Sources/middle_layer/services/src/service_can.o
 .bss.service_hw_chan_cfg_st
                0x2000290c       0x10 ./Sources/middle_layer/services/src/service_timer.o
 .bss.service_hw_ext_cfg_st
                0x2000291c        0x4 ./Sources/middle_layer/services/src/service_timer.o
 .bss.service_sw_timers_ast
                0x20002920       0xa0 ./Sources/middle_layer/services/src/service_timer.o
 .bss.__malloc_free_list
                0x200029c0        0x4 C:/NXP/S32DS_ARM_v2.2/S32DS/build_tools/gcc_v6.3/gcc-6.3-arm32-eabi/arm-none-eabi/newlib/lib/thumb/v7e-m/fpv4-sp/hard\libc_nano.a(lib_a-nano-mallocr.o)
                0x200029c0                __malloc_free_list
 .bss.__malloc_sbrk_start
                0x200029c4        0x4 C:/NXP/S32DS_ARM_v2.2/S32DS/build_tools/gcc_v6.3/gcc-6.3-arm32-eabi/arm-none-eabi/newlib/lib/thumb/v7e-m/fpv4-sp/hard\libc_nano.a(lib_a-nano-mallocr.o)
                0x200029c4                __malloc_sbrk_start
 .bss.heap_end.5365
                0x200029c8        0x4 C:/NXP/S32DS_ARM_v2.2/S32DS/build_tools/gcc_v6.3/gcc-6.3-arm32-eabi/arm-none-eabi/newlib/lib/thumb/v7e-m/fpv4-sp/hard\libnosys.a(sbrk.o)
 *(COMMON)
 COMMON         0x200029cc        0x4 C:/NXP/S32DS_ARM_v2.2/S32DS/build_tools/gcc_v6.3/gcc-6.3-arm32-eabi/arm-none-eabi/newlib/lib/thumb/v7e-m/fpv4-sp/hard\libc_nano.a(lib_a-reent.o)
                0x200029cc                errno
                0x200029d0                . = ALIGN (0x4)
                0x200029d0                __bss_end__ = .
                0x200029d0                __BSS_END = .

.heap           0x200029d0      0x400
                0x200029d0                . = ALIGN (0x8)
                0x200029d0                __end__ = .
                0x200029d0                __heap_start__ = .
                0x200029d0                PROVIDE (end, .)