Archive member included to satisfy reference by file (symbol)

c:/nxp/s32ds_arm_v2.2/s32ds/build_tools/gcc_v6.3/gcc-6.3-arm32-eabi/bin/../lib/gcc/arm-none-eabi/6.3.1/thumb/v7e-m/fpv4-sp/hard\libgcc.a(_arm_addsubsf3.o)
                              ./Sources/middle_layer/communication_stack/src/can_dbc.o (__aeabi_ul2f)
c:/nxp/s32ds_arm_v2.2/s32ds/build_tools/gcc_v6.3/gcc-6.3-arm32-eabi/bin/../lib/gcc/arm-none-eabi/6.3.1/thumb/v7e-m/fpv4-sp/hard\libgcc.a(_aeabi_uldivmod.o)
                              ./SDK/platform/pal/src/timing/timing_pal.o (__aeabi_uldivmod)
c:/nxp/s32ds_arm_v2.2/s32ds/build_tools/gcc_v6.3/gcc-6.3-arm32-eabi/bin/../lib/gcc/arm-none-eabi/6.3.1/thumb/v7e-m/fpv4-sp/hard\libgcc.a(_udivmoddi4.o)
                              c:/nxp/s32ds_arm_v2.2/s32ds/build_tools/gcc_v6.3/gcc-6.3-arm32-eabi/bin/../lib/gcc/arm-none-eabi/6.3.1/thumb/v7e-m/fpv4-sp/hard\libgcc.a(_aeabi_uldivmod.o) (__udivmoddi4)
c:/nxp/s32ds_arm_v2.2/s32ds/build_tools/gcc_v6.3/gcc-6.3-arm32-eabi/bin/../lib/gcc/arm-none-eabi/6.3.1/thumb/v7e-m/fpv4-sp/hard\libgcc.a(_dvmd_tls.o)
                              c:/nxp/s32ds_arm_v2.2/s32ds/build_tools/gcc_v6.3/gcc-6.3-arm32-eabi/bin/../lib/gcc/arm-none-eabi/6.3.1/thumb/v7e-m/fpv4-sp/hard\libgcc.a(_aeabi_uldivmod.o) (__aeabi_ldiv0)
C:/NXP/S32DS_ARM_v2.2/S32DS/build_tools/gcc_v6.3/gcc-6.3-arm32-eabi/arm-none-eabi/newlib/lib/thumb/v7e-m/fpv4-sp/hard\libc_nano.a(lib_a-assert.o)
                              ./Sources/middle_layer/communication_stack/src/uds_can_transport.o (__assert_func)
C:/NXP/S32DS_ARM_v2.2/S32DS/build_tools/gcc_v6.3/gcc-6.3-arm32-eabi/arm-none-eabi/newlib/lib/thumb/v7e-m/fpv4-sp/hard\libc_nano.a(lib_a-exit.o)
                              C:/NXP/S32DS_ARM_v2.2/S32DS/build_tools/gcc_v6.3/gcc-6.3-arm32-eabi/arm-none-eabi/newlib/lib/thumb/v7e-m/fpv4-sp/hard/crt0.o (exit)
C:/NXP/S32DS_ARM_v2.2/S32DS/build_tools/gcc_v6.3/gcc-6.3-arm32-eabi/arm-none-eabi/newlib/lib/thumb/v7e-m/fpv4-sp/hard\libc_nano.a(lib_a-fprintf.o)
                              C:/NXP/S32DS_ARM_v2.2/S32DS/build_tools/gcc_v6.3/gcc-6.3-arm32-eabi/arm-none-eabi/newlib/lib/thumb/v7e-m/fpv4-sp/hard\libc_nano.a(lib_a-assert.o) (fiprintf)
C:/NXP/S32DS_ARM_v2.2/S32DS/build_tools/gcc_v6.3/gcc-6.3-arm32-eabi/arm-none-eabi/newlib/lib/thumb/v7e-m/fpv4-sp/hard\libc_nano.a(lib_a-impure.o)
                              C:/NXP/S32DS_ARM_v2.2/S32DS/build_tools/gcc_v6.3/gcc-6.3-arm32-eabi/arm-none-eabi/newlib/lib/thumb/v7e-m/fpv4-sp/hard\libc_nano.a(lib_a-exit.o) (_global_impure_ptr)
C:/NXP/S32DS_ARM_v2.2/S32DS/build_tools/gcc_v6.3/gcc-6.3-arm32-eabi/arm-none-eabi/newlib/lib/thumb/v7e-m/fpv4-sp/hard\libc_nano.a(lib_a-init.o)
                              C:/NXP/S32DS_ARM_v2.2/S32DS/build_tools/gcc_v6.3/gcc-6.3-arm32-eabi/arm-none-eabi/newlib/lib/thumb/v7e-m/fpv4-sp/hard/crt0.o (__libc_init_array)
C:/NXP/S32DS_ARM_v2.2/S32DS/build_tools/gcc_v6.3/gcc-6.3-arm32-eabi/arm-none-eabi/newlib/lib/thumb/v7e-m/fpv4-sp/hard\libc_nano.a(lib_a-memset.o)
                              C:/NXP/S32DS_ARM_v2.2/S32DS/build_tools/gcc_v6.3/gcc-6.3-arm32-eabi/arm-none-eabi/newlib/lib/thumb/v7e-m/fpv4-sp/hard/crt0.o (memset)
C:/NXP/S32DS_ARM_v2.2/S32DS/build_tools/gcc_v6.3/gcc-6.3-arm32-eabi/arm-none-eabi/newlib/lib/thumb/v7e-m/fpv4-sp/hard\libc_nano.a(lib_a-nano-vfprintf.o)
                              C:/NXP/S32DS_ARM_v2.2/S32DS/build_tools/gcc_v6.3/gcc-6.3-arm32-eabi/arm-none-eabi/newlib/lib/thumb/v7e-m/fpv4-sp/hard\libc_nano.a(lib_a-fprintf.o) (_vfprintf_r)
C:/NXP/S32DS_ARM_v2.2/S32DS/build_tools/gcc_v6.3/gcc-6.3-arm32-eabi/arm-none-eabi/newlib/lib/thumb/v7e-m/fpv4-sp/hard\libc_nano.a(lib_a-wbuf.o)
                              C:/NXP/S32DS_ARM_v2.2/S32DS/build_tools/gcc_v6.3/gcc-6.3-arm32-eabi/arm-none-eabi/newlib/lib/thumb/v7e-m/fpv4-sp/hard\libc_nano.a(lib_a-nano-vfprintf.o) (__swbuf_r)
C:/NXP/S32DS_ARM_v2.2/S32DS/build_tools/gcc_v6.3/gcc-6.3-arm32-eabi/arm-none-eabi/newlib/lib/thumb/v7e-m/fpv4-sp/hard\libc_nano.a(lib_a-wsetup.o)
                              C:/NXP/S32DS_ARM_v2.2/S32DS/build_tools/gcc_v6.3/gcc-6.3-arm32-eabi/arm-none-eabi/newlib/lib/thumb/v7e-m/fpv4-sp/hard\libc_nano.a(lib_a-nano-vfprintf.o) (__swsetup_r)
C:/NXP/S32DS_ARM_v2.2/S32DS/build_tools/gcc_v6.3/gcc-6.3-arm32-eabi/arm-none-eabi/newlib/lib/thumb/v7e-m/fpv4-sp/hard\libc_nano.a(lib_a-abort.o)
                              C:/NXP/S32DS_ARM_v2.2/S32DS/build_tools/gcc_v6.3/gcc-6.3-arm32-eabi/arm-none-eabi/newlib/lib/thumb/v7e-m/fpv4-sp/hard\libc_nano.a(lib_a-assert.o) (abort)
C:/NXP/S32DS_ARM_v2.2/S32DS/build_tools/gcc_v6.3/gcc-6.3-arm32-eabi/arm-none-eabi/newlib/lib/thumb/v7e-m/fpv4-sp/hard\libc_nano.a(lib_a-fflush.o)
                              C:/NXP/S32DS_ARM_v2.2/S32DS/build_tools/gcc_v6.3/gcc-6.3-arm32-eabi/arm-none-eabi/newlib/lib/thumb/v7e-m/fpv4-sp/hard\libc_nano.a(lib_a-wbuf.o) (_fflush_r)
C:/NXP/S32DS_ARM_v2.2/S32DS/build_tools/gcc_v6.3/gcc-6.3-arm32-eabi/arm-none-eabi/newlib/lib/thumb/v7e-m/fpv4-sp/hard\libc_nano.a(lib_a-findfp.o)
[...]
Memory Configuration

Name             Origin             Length             Attributes
m_interrupts     0x00000000         0x00000400         xr
m_flash_config   0x00000400         0x00000010         xr
m_text           0x00000410         0x0007fbf0         xr
m_data           0x1fff8000         0x00008000         rw
m_data_2         0x20000000         0x00007000         rw
*default*        0x00000000         0xffffffff

Linker script and memory map

LOAD c:/nxp/s32ds_arm_v2.2/s32ds/build_tools/gcc_v6.3/gcc-6.3-arm32-eabi/bin/../lib/gcc/arm-none-eabi/6.3.1/thumb/v7e-m/fpv4-sp/hard/crti.o
LOAD c:/nxp/s32ds_arm_v2.2/s32ds/build_tools/gcc_v6.3/gcc-6.3-arm32-eabi/bin/../lib/gcc/arm-none-eabi/6.3.1/thumb/v7e-m/fpv4-sp/hard/crtbegin.o
LOAD C:/NXP/S32DS_ARM_v2.2/S32DS/build_tools/gcc_v6.3/gcc-6.3-arm32-eabi/arm-none-eabi/newlib/lib/thumb/v7e-m/fpv4-sp/hard/crt0.o
LOAD ./Generated_Code/Cpu.o
LOAD ./Generated_Code/Flash1.o
LOAD ./Generated_Code/can_pal_0.o
LOAD ./Generated_Code/clockMan1.o
LOAD ./Generated_Code/crc1.o
LOAD ./Generated_Code/dmaController1.o
LOAD ./Generated_Code/pin_mux.o
LOAD ./Generated_Code/pwrMan1.o
LOAD ./Generated_Code/timing_pal1.o
LOAD ./Generated_Code/wdg_pal1.o
LOAD ./Project_Settings/Startup_Code/startup_S32K144.o
LOAD ./SDK/platform/devices/S32K144/startup/system_S32K144.o
LOAD ./SDK/platform/devices/startup.o
LOAD ./SDK/platform/drivers/src/clock/S32K1xx/clock_S32K1xx.o
LOAD ./SDK/platform/drivers/src/crc/crc_driver.o
LOAD ./SDK/platform/drivers/src/crc/crc_hw_access.o
LOAD ./SDK/platform/drivers/src/edma/edma_driver.o
LOAD ./SDK/platform/drivers/src/edma/edma_hw_access.o
LOAD ./SDK/platform/drivers/src/edma/edma_irq.o
LOAD ./SDK/platform/drivers/src/ewm/ewm_driver.o
LOAD ./SDK/platform/drivers/src/flash/flash_driver.o
LOAD ./SDK/platform/drivers/src/flexcan/flexcan_driver.o
LOAD ./SDK/platform/drivers/src/flexcan/flexcan_hw_access.o
LOAD ./SDK/platform/drivers/src/flexcan/flexcan_irq.o
LOAD ./SDK/platform/drivers/src/ftm/ftm_common.o
LOAD ./SDK/platform/drivers/src/ftm/ftm_hw_access.o
LOAD ./SDK/platform/drivers/src/ftm/ftm_mc_driver.o
LOAD ./SDK/platform/drivers/src/ftm/ftm_oc_driver.o
LOAD ./SDK/platform/drivers/src/interrupt/interrupt_manager.o
LOAD ./SDK/platform/drivers/src/pins/pins_driver.o
LOAD ./SDK/platform/drivers/src/pins/pins_port_hw_access.o
LOAD ./SDK/platform/drivers/src/power/S32K1xx/power_manager_S32K1xx.o
LOAD ./SDK/platform/drivers/src/power/S32K1xx/power_smc_hw_access.o
LOAD ./SDK/platform/drivers/src/power/power_manager.o
LOAD ./SDK/platform/pal/src/can/can_pal.o
LOAD ./SDK/platform/pal/src/timing/timing_irq.o
LOAD ./SDK/platform/pal/src/timing/timing_pal.o
LOAD ./SDK/platform/pal/src/wdg/wdg_pal.o
LOAD ./SDK/rtos/osif/osif_baremetal.o
LOAD ./Sources/application_layer/app_main/src/app_main.o
LOAD ./Sources/application_layer/app_uds/src/boot_metadata.o
LOAD ./Sources/application_layer/app_uds/src/uds.o
LOAD ./Sources/core_layer/bsp/nxp/src/rr_can_nxp.o
LOAD ./Sources/core_layer/bsp/nxp/src/rr_crc_nxp.o
LOAD ./Sources/core_layer/bsp/nxp/src/rr_gpio_nxp.o
LOAD ./Sources/core_layer/bsp/nxp/src/rr_iflash_nxp.o
LOAD ./Sources/core_layer/bsp/nxp/src/rr_timer_nxp.o
LOAD ./Sources/core_layer/bsp/nxp/src/rr_watchdog_nxp.o
LOAD ./Sources/core_layer/drivers/src/rr_can.o
LOAD ./Sources/core_layer/drivers/src/rr_crc.o
LOAD ./Sources/core_layer/drivers/src/rr_gpio.o
LOAD ./Sources/core_layer/drivers/src/rr_iflash.o
LOAD ./Sources/core_layer/drivers/src/rr_memory.o
LOAD ./Sources/core_layer/drivers/src/rr_timer.o
LOAD ./Sources/core_layer/drivers/src/rr_watchdog.o
LOAD ./Sources/main.o
LOAD ./Sources/middle_layer/communication_stack/src/can_dbc.o
LOAD ./Sources/middle_layer/communication_stack/src/can_rx_comm.o
LOAD ./Sources/middle_layer/communication_stack/src/uds_can_transport.o
LOAD ./Sources/middle_layer/communication_stack/src/uds_timer_lib.o
LOAD ./Sources/middle_layer/services/src/service_can.o
LOAD ./Sources/middle_layer/services/src/service_iflash.o
LOAD ./Sources/middle_layer/services/src/service_timer.o
LOAD ./Sources/middle_layer/services/src/service_wdog.o
START GROUP
LOAD c:/nxp/s32ds_arm_v2.2/s32ds/build_tools/gcc_v6.3/gcc-6.3-arm32-eabi/bin/../lib/gcc/arm-none-eabi/6.3.1/thumb/v7e-m/fpv4-sp/hard\libgcc.a
LOAD C:/NXP/S32DS_ARM_v2.2/S32DS/build_tools/gcc_v6.3/gcc-6.3-arm32-eabi/arm-none-eabi/newlib/lib/thumb/v7e-m/fpv4-sp/hard\libc_nano.a
END GROUP
START GROUP
LOAD c:/nxp/s32ds_arm_v2.2/s32ds/build_tools/gcc_v6.3/gcc-6.3-arm32-eabi/bin/../lib/gcc/arm-none-eabi/6.3.1/thumb/v7e-m/fpv4-sp/hard\libgcc.a
LOAD C:/NXP/S32DS_ARM_v2.2/S32DS/build_tools/gcc_v6.3/gcc-6.3-arm32-eabi/arm-none-eabi/newlib/lib/thumb/v7e-m/fpv4-sp/hard\libc_nano.a
LOAD C:/NXP/S32DS_ARM_v2.2/S32DS/build_tools/gcc_v6.3/gcc-6.3-arm32-eabi/arm-none-eabi/newlib/lib/thumb/v7e-m/fpv4-sp/hard\libnosys.a
END GROUP
START GROUP
LOAD c:/nxp/s32ds_arm_v2.2/s32ds/build_tools/gcc_v6.3/gcc-6.3-arm32-eabi/bin/../lib/gcc/arm-none-eabi/6.3.1/thumb/v7e-m/fpv4-sp/hard\libgcc.a
LOAD C:/NXP/S32DS_ARM_v2.2/S32DS/build_tools/gcc_v6.3/gcc-6.3-arm32-eabi/arm-none-eabi/newlib/lib/thumb/v7e-m/fpv4-sp/hard\libc_nano.a
LOAD C:/NXP/S32DS_ARM_v2.2/S32DS/build_tools/gcc_v6.3/gcc-6.3-arm32-eabi/arm-none-eabi/newlib/lib/thumb/v7e-m/fpv4-sp/hard\libnosys.a
END GROUP
LOAD c:/nxp/s32ds_arm_v2.2/s32ds/build_tools/gcc_v6.3/gcc-6.3-arm32-eabi/bin/../lib/gcc/arm-none-eabi/6.3.1/thumb/v7e-m/fpv4-sp/hard/crtend.o
LOAD c:/nxp/s32ds_arm_v2.2/s32ds/build_tools/gcc_v6.3/gcc-6.3-arm32-eabi/bin/../lib/gcc/arm-none-eabi/6.3.1/thumb/v7e-m/fpv4-sp/hard/crtn.o
                0x00000400                HEAP_SIZE = DEFINED (__heap_size__)?__heap_size__:0x400
                0x00000400                STACK_SIZE = DEFINED (__stack_size__)?__stack_size__:0x400
                0x00000400                M_VECTOR_RAM_SIZE = DEFINED (__flash_vector_table__)?0x0:0x400

.interrupts     0x00000000      0x400
                0x00000000                __VECTOR_TABLE = .
                0x00000000                __interrupts_start__ = .
                0x00000000                . = ALIGN (0x4)
 *(.isr_vector)
 .isr_vector    0x00000000      0x400 ./Project_Settings/Startup_Code/startup_S32K144.o
                0x00000000                __isr_vector
                0x00000400                __interrupts_end__ = .
                0x00000400                . = ALIGN (0x4)

.flash_config   0x00000400       0x10
                0x00000400                . = ALIGN (0x4)
 *(.FlashConfig)
 .FlashConfig   0x00000400       0x10 ./Project_Settings/Startup_Code/startup_S32K144.o
                0x00000410                . = ALIGN (0x4)

.text           0x00000410     0x9430
                0x00000410                . = ALIGN (0x4)
 *(.text)
 .text          0x00000410       0x4c ./Project_Settings/Startup_Code/startup_S32K144.o
                0x00000410                Reset_Handler
                0x00000458                DebugMon_Handler
                0x00000458                Reserved88_IRQHandler
                0x00000458                HardFault_Handler
                0x00000458                Reserved86_IRQHandler
                0x00000458                Reserved103_IRQHandler
                0x00000458                FTM2_Ovf_Reload_IRQHandler
                0x00000458                Reserved50_IRQHandler
                0x00000458                FTFC_Fault_IRQHandler
                0x00000458                FTM0_Ch6_Ch7_IRQHandler
                0x00000458                Reserved114_IRQHandler
                0x00000458                PendSV_Handler
                0x00000458                NMI_Handler
                0x00000458                Reserved89_IRQHandler
                0x00000458                ERM_double_fault_IRQHandler
                0x00000458                Reserved59_IRQHandler
                0x00000458                LPIT0_Ch0_IRQHandler
                0x00000458                Reserved99_IRQHandler
                0x00000458                FTM3_Ch6_Ch7_IRQHandler
                0x00000458                LPIT0_Ch3_IRQHandler
                0x00000458                Reserved92_IRQHandler
                0x00000458                FTM0_Ch4_Ch5_IRQHandler
                0x00000458                FTM3_Ch0_Ch1_IRQHandler
                0x00000458                SWI_IRQHandler
                0x00000458                ADC0_IRQHandler
                0x00000458                FTM2_Ch4_Ch5_IRQHandler
                0x00000458                UsageFault_Handler
                0x00000458                FTM0_Ovf_Reload_IRQHandler
                0x00000458                DefaultISR
                0x00000458                Reserved58_IRQHandler
                0x00000458                FTM1_Ch2_Ch3_IRQHandler
                0x00000458                Reserved82_IRQHandler
                0x00000458                LPI2C0_Slave_IRQHandler
                0x00000458                Reserved71_IRQHandler
                0x00000458                PORTD_IRQHandler
                0x00000458                Reserved69_IRQHandler
                0x00000458                PORTB_IRQHandler
                0x00000458                Reserved70_IRQHandler
                0x00000458                ADC1_IRQHandler
                0x00000458                FTM2_Ch2_Ch3_IRQHandler
                0x00000458                Reserved53_IRQHandler
                0x00000458                RTC_IRQHandler
                0x00000458                PDB0_IRQHandler
                0x00000458                Reserved54_IRQHandler
                0x00000458                FTM2_Ch6_Ch7_IRQHandler
                0x00000458                FTM3_Ch2_Ch3_IRQHandler
                0x00000458                FTM2_Ch0_Ch1_IRQHandler
                0x00000458                LPSPI1_IRQHandler
                0x00000458                LPUART1_RxTx_IRQHandler
                0x00000458                RTC_Seconds_IRQHandler
                0x00000458                Reserved72_IRQHandler
                0x00000458                Reserved110_IRQHandler
                0x00000458                Reserved107_IRQHandler
                0x00000458                Read_Collision_IRQHandler
                0x00000458                FTFC_IRQHandler
                0x00000458                FTM1_Ch6_Ch7_IRQHandler
                0x00000458                Reserved105_IRQHandler
                0x00000458                LPIT0_Ch1_IRQHandler
                0x00000458                FTM1_Ch4_Ch5_IRQHandler
                0x00000458                FTM3_Ovf_Reload_IRQHandler
                0x00000458                LPUART2_RxTx_IRQHandler
                0x00000458                LPSPI0_IRQHandler
                0x00000458                WDOG_EWM_IRQHandler
                0x00000458                MemManage_Handler
                0x00000458                Reserved90_IRQHandler
                0x00000458                Reserved83_IRQHandler
                0x00000458                FTM0_Fault_IRQHandler
                0x00000458                Reserved48_IRQHandler
                0x00000458                SVC_Handler
                0x00000458                ERM_single_fault_IRQHandler
                0x00000458                FTM2_Fault_IRQHandler
                0x00000458                FTM0_Ch2_Ch3_IRQHandler
                0x00000458                FTM0_Ch0_Ch1_IRQHandler
                0x00000458                FTM3_Fault_IRQHandler
                0x00000458                RCM_IRQHandler
                0x00000458                Reserved100_IRQHandler
                0x00000458                Reserved91_IRQHandler
                0x00000458                SCG_IRQHandler
                0x00000458                PDB1_IRQHandler
                0x00000458                Reserved81_IRQHandler
                0x00000458                Reserved46_IRQHandler
                0x00000458                Reserved45_IRQHandler
                0x00000458                Reserved112_IRQHandler
                0x00000458                LPI2C0_Master_IRQHandler
                0x00000458                FTM1_Fault_IRQHandler
                0x00000458                Reserved106_IRQHandler
                0x00000458                LVD_LVW_IRQHandler
                0x00000458                LPIT0_Ch2_IRQHandler
                0x00000458                PORTA_IRQHandler
                0x00000458                MCM_IRQHandler
                0x00000458                LPSPI2_IRQHandler
                0x00000458                FTM3_Ch4_Ch5_IRQHandler
                0x00000458                PORTE_IRQHandler
                0x00000458                LPUART0_RxTx_IRQHandler
                0x00000458                LPTMR0_IRQHandler
                0x00000458                BusFault_Handler
                0x00000458                Reserved87_IRQHandler
                0x00000458                FTM1_Ovf_Reload_IRQHandler
                0x00000458                Reserved93_IRQHandler
                0x00000458                CMP0_IRQHandler
                0x00000458                Reserved52_IRQHandler
                0x00000458                PORTC_IRQHandler
                0x00000458                FTM1_Ch0_Ch1_IRQHandler
                0x00000458                FLEXIO_IRQHandler
                0x00000458                Reserved113_IRQHandler
 .text          0x0000045c       0x30 c:/nxp/s32ds_arm_v2.2/s32ds/build_tools/gcc_v6.3/gcc-6.3-arm32-eabi/bin/../lib/gcc/arm-none-eabi/6.3.1/thumb/v7e-m/fpv4-sp/hard\libgcc.a(_aeabi_uldivmod.o)
                0x0000045c                __aeabi_uldivmod
 .text          0x0000048c      0x2e4 c:/nxp/s32ds_arm_v2.2/s32ds/build_tools/gcc_v6.3/gcc-6.3-arm32-eabi/bin/../lib/gcc/arm-none-eabi/6.3.1/thumb/v7e-m/fpv4-sp/hard\libgcc.a(_udivmoddi4.o)
                0x0000048c                __udivmoddi4
 .text          0x00000770        0x4 c:/nxp/s32ds_arm_v2.2/s32ds/build_tools/gcc_v6.3/gcc-6.3-arm32-eabi/bin/../lib/gcc/arm-none-eabi/6.3.1/thumb/v7e-m/fpv4-sp/hard\libgcc.a(_dvmd_tls.o)
                0x00000770                __aeabi_idiv0
                0x00000770                __aeabi_ldiv0
 *fill*         0x00000774        0xc 
 .text          0x00000780       0xa0 C:/NXP/S32DS_ARM_v2.2/S32DS/build_tools/gcc_v6.3/gcc-6.3-arm32-eabi/arm-none-eabi/newlib/lib/thumb/v7e-m/fpv4-sp/hard\libc_nano.a(lib_a-memchr.o)
                0x00000780                memchr
 *(.text*)
 .text.SystemInit
                0x00000820       0x3c ./SDK/platform/devices/S32K144/startup/system_S32K144.o
                0x00000820                SystemInit
 .text.SystemCoreClockUpdate
                0x0000085c       0x80 ./SDK/platform/devices/S32K144/startup/system_S32K144.o
                0x0000085c                SystemCoreClockUpdate
 .text.SystemSoftwareReset
                0x000008dc       0x18 ./SDK/platform/devices/S32K144/startup/system_S32K144.o
                0x000008dc                SystemSoftwareReset
 .text.init_data_bss
                0x000008f4       0xd8 ./SDK/platform/devices/startup.o
                0x000008f4                init_data_bss
 .text.CLOCK_SYS_GetCurrentRunMode
                0x000009cc       0x24 ./SDK/platform/drivers/src/clock/S32K1xx/clock_S32K1xx.o
 .text.CLOCK_SYS_GetSysOscFreq
                0x000009f0       0x1c ./SDK/platform/drivers/src/clock/S32K1xx/clock_S32K1xx.o
 .text.CLOCK_SYS_ConfigureSOSC
                0x00000a0c      0x12c ./SDK/platform/drivers/src/clock/S32K1xx/clock_S32K1xx.o
 .text.CLOCK_SYS_GetSircFreq
                0x00000b38       0x2c ./SDK/platform/drivers/src/clock/S32K1xx/clock_S32K1xx.o
 .text.CLOCK_SYS_ConfigureSIRC
                0x00000b64       0xc4 ./SDK/platform/drivers/src/clock/S32K1xx/clock_S32K1xx.o
 .text.CLOCK_SYS_GetFircFreq
                0x00000c28       0x20 ./SDK/platform/drivers/src/clock/S32K1xx/clock_S32K1xx.o
 .text.CLOCK_SYS_ConfigureFIRC
                0x00000c48       0xb4 ./SDK/platform/drivers/src/clock/S32K1xx/clock_S32K1xx.o
 .text.CLOCK_SYS_GetSysPllFreq
                0x00000cfc       0x44 ./SDK/platform/drivers/src/clock/S32K1xx/clock_S32K1xx.o
 .text.CLOCK_SYS_ConfigureSPLL
                0x00000d40      0x104 ./SDK/platform/drivers/src/clock/S32K1xx/clock_S32K1xx.o
 .text.CLOCK_SYS_SetSystemClockConfig
                0x00000e44      0x1e4 ./SDK/platform/drivers/src/clock/S32K1xx/clock_S32K1xx.o
 .text.CLOCK_SYS_TransitionSystemClock
                0x00001028       0x3c ./SDK/platform/drivers/src/clock/S32K1xx/clock_S32K1xx.o
 .text.CLOCK_SYS_GetSystemClockFreq
                0x00001064       0x78 ./SDK/platform/drivers/src/clock/S32K1xx/clock_S32K1xx.o
 .text.CLOCK_SYS_GetScgClkOutFreq
                0x000010dc       0x44 ./SDK/platform/drivers/src/clock/S32K1xx/clock_S32K1xx.o
 .text.CLOCK_SYS_GetSysAsyncFreq
                0x00001120       0xd4 ./SDK/platform/drivers/src/clock/S32K1xx/clock_S32K1xx.o
 .text.CLOCK_SYS_GetSimRtcClkFreq
                0x000011f4       0x50 ./SDK/platform/drivers/src/clock/S32K1xx/clock_S32K1xx.o
 .text.CLOCK_SYS_GetPeripheralClock
                0x00001244       0x78 ./SDK/platform/drivers/src/clock/S32K1xx/clock_S32K1xx.o
 .text.CLOCK_SYS_GetLpoFreq
                0x000012bc       0x44 ./SDK/platform/drivers/src/clock/S32K1xx/clock_S32K1xx.o
 .text.CLOCK_SYS_GetSimClkOutFreq
                0x00001300       0x98 ./SDK/platform/drivers/src/clock/S32K1xx/clock_S32K1xx.o
 .text.CLOCK_DRV_Init
                0x00001398      0x598 ./SDK/platform/drivers/src/clock/S32K1xx/clock_S32K1xx.o
                0x00001398                CLOCK_DRV_Init
 .text.CLOCK_DRV_GetFreq
                0x00001930      0x3a0 ./SDK/platform/drivers/src/clock/S32K1xx/clock_S32K1xx.o
                0x00001930                CLOCK_DRV_GetFreq
 .text.CLOCK_SYS_Init
                0x00001cd0       0x1c ./SDK/platform/drivers/src/clock/S32K1xx/clock_S32K1xx.o
                0x00001cd0                CLOCK_SYS_Init
 .text.CLOCK_SYS_UpdateConfiguration
                0x00001cec       0xe8 ./SDK/platform/drivers/src/clock/S32K1xx/clock_S32K1xx.o
                0x00001cec                CLOCK_SYS_UpdateConfiguration
 .text.CLOCK_SYS_GetFreq
                0x00001dd4        0x8 ./SDK/platform/drivers/src/clock/S32K1xx/clock_S32K1xx.o
                0x00001dd4                CLOCK_SYS_GetFreq
 .text.CRC_DRV_WriteData
                0x00001ddc       0x18 ./SDK/platform/drivers/src/crc/crc_driver.o
                0x00001ddc                CRC_DRV_WriteData
 .text.CRC_DRV_GetCrcResult
                0x00001df4       0x10 ./SDK/platform/drivers/src/crc/crc_driver.o
                0x00001df4                CRC_DRV_GetCrcResult
 .text.CRC_DRV_Configure
                0x00001e04       0x60 ./SDK/platform/drivers/src/crc/crc_driver.o
                0x00001e04                CRC_DRV_Configure
 .text.CRC_SetSeedReg
                0x00001e64       0x14 ./SDK/platform/drivers/src/crc/crc_hw_access.o
                0x00001e64                CRC_SetSeedReg
 .text.CRC_GetCrcResult
                0x00001e78       0x24 ./SDK/platform/drivers/src/crc/crc_hw_access.o
                0x00001e78                CRC_GetCrcResult
 .text.EDMA_DRV_InstallCallback
                0x00001e9c       0x20 ./SDK/platform/drivers/src/edma/edma_driver.o
                0x00001e9c                EDMA_DRV_InstallCallback
 .text.EDMA_DRV_IRQHandler
                0x00001ebc       0x2c ./SDK/platform/drivers/src/edma/edma_driver.o
                0x00001ebc                EDMA_DRV_IRQHandler
 .text.EDMA_DRV_ErrorIRQHandler
                0x00001ee8       0x3c ./SDK/platform/drivers/src/edma/edma_driver.o
                0x00001ee8                EDMA_DRV_ErrorIRQHandler
 .text.EDMA_DRV_ConfigSingleBlockTransfer
                0x00001f24      0x148 ./SDK/platform/drivers/src/edma/edma_driver.o
                0x00001f24                EDMA_DRV_ConfigSingleBlockTransfer
 .text.EDMA_DRV_StartChannel
                0x0000206c       0x18 ./SDK/platform/drivers/src/edma/edma_driver.o
                0x0000206c                EDMA_DRV_StartChannel
 .text.EDMA_DRV_StopChannel
                0x00002084       0x18 ./SDK/platform/drivers/src/edma/edma_driver.o
                0x00002084                EDMA_DRV_StopChannel
 .text.EDMA_DRV_DisableRequestsOnTransferComplete
                0x0000209c       0x38 ./SDK/platform/drivers/src/edma/edma_driver.o
                0x0000209c                EDMA_DRV_DisableRequestsOnTransferComplete
 .text.EDMA_DRV_GetDmaRegBaseAddr
                0x000020d4        0x8 ./SDK/platform/drivers/src/edma/edma_driver.o
                0x000020d4                EDMA_DRV_GetDmaRegBaseAddr
 .text.EDMA_SetDmaRequestCmd
                0x000020dc        0xa ./SDK/platform/drivers/src/edma/edma_hw_access.o
                0x000020dc                EDMA_SetDmaRequestCmd
 .text.EDMA_TCDClearReg
                0x000020e6       0x4a ./SDK/platform/drivers/src/edma/edma_hw_access.o
                0x000020e6                EDMA_TCDClearReg
 .text.EDMA_TCDSetAttribute
                0x00002130       0x30 ./SDK/platform/drivers/src/edma/edma_hw_access.o
                0x00002130                EDMA_TCDSetAttribute
 .text.EDMA_TCDSetNbytes
                0x00002160       0x5c ./SDK/platform/drivers/src/edma/edma_hw_access.o
                0x00002160                EDMA_TCDSetNbytes
 .text.EDMA_TCDSetMajorCount
                0x000021bc       0x5e ./SDK/platform/drivers/src/edma/edma_hw_access.o
                0x000021bc                EDMA_TCDSetMajorCount
 .text.DMA0_IRQHandler
                0x0000221a        0xa ./SDK/platform/drivers/src/edma/edma_irq.o
                0x0000221a                DMA0_IRQHandler
 .text.DMA1_IRQHandler
                0x00002224        0xa ./SDK/platform/drivers/src/edma/edma_irq.o
                0x00002224                DMA1_IRQHandler
 .text.DMA2_IRQHandler
                0x0000222e        0xa ./SDK/platform/drivers/src/edma/edma_irq.o
                0x0000222e                DMA2_IRQHandler
 .text.DMA3_IRQHandler
                0x00002238        0xa ./SDK/platform/drivers/src/edma/edma_irq.o
                0x00002238                DMA3_IRQHandler
 .text.DMA4_IRQHandler
                0x00002242        0xa ./SDK/platform/drivers/src/edma/edma_irq.o
                0x00002242                DMA4_IRQHandler
 .text.DMA5_IRQHandler
                0x0000224c        0xa ./SDK/platform/drivers/src/edma/edma_irq.o
                0x0000224c                DMA5_IRQHandler
 .text.DMA6_IRQHandler
                0x00002256        0xa ./SDK/platform/drivers/src/edma/edma_irq.o
                0x00002256                DMA6_IRQHandler
 .text.DMA7_IRQHandler
                0x00002260        0xa ./SDK/platform/drivers/src/edma/edma_irq.o
                0x00002260                DMA7_IRQHandler
 .text.DMA8_IRQHandler
                0x0000226a        0xa ./SDK/platform/drivers/src/edma/edma_irq.o
                0x0000226a                DMA8_IRQHandler
 .text.DMA9_IRQHandler
                0x00002274        0xa ./SDK/platform/drivers/src/edma/edma_irq.o
                0x00002274                DMA9_IRQHandler
 .text.DMA10_IRQHandler
                0x0000227e        0xa ./SDK/platform/drivers/src/edma/edma_irq.o
                0x0000227e                DMA10_IRQHandler
 .text.DMA11_IRQHandler
                0x00002288        0xa ./SDK/platform/drivers/src/edma/edma_irq.o
                0x00002288                DMA11_IRQHandler
 .text.DMA12_IRQHandler
                0x00002292        0xa ./SDK/platform/drivers/src/edma/edma_irq.o
                0x00002292                DMA12_IRQHandler
 .text.DMA13_IRQHandler
                0x0000229c        0xa ./SDK/platform/drivers/src/edma/edma_irq.o
                0x0000229c                DMA13_IRQHandler
 .text.DMA14_IRQHandler
                0x000022a6        0xa ./SDK/platform/drivers/src/edma/edma_irq.o
                0x000022a6                DMA14_IRQHandler
 .text.DMA15_IRQHandler
                0x000022b0        0xa ./SDK/platform/drivers/src/edma/edma_irq.o
                0x000022b0                DMA15_IRQHandler
 .text.DMA_Error_IRQHandler
                0x000022ba       0x28 ./SDK/platform/drivers/src/edma/edma_irq.o
                0x000022ba                DMA_Error_IRQHandler
 *fill*         0x000022e2        0x2 
 .text.EWM_DRV_Init
                0x000022e4       0x5c ./SDK/platform/drivers/src/ewm/ewm_driver.o
                0x000022e4                EWM_DRV_Init
 .text.EWM_DRV_Refresh
                0x00002340       0x1c ./SDK/platform/drivers/src/ewm/ewm_driver.o
                0x00002340                EWM_DRV_Refresh
 .text.FLASH_DRV_Init
                0x0000235c       0xcc ./SDK/platform/drivers/src/flash/flash_driver.o
                0x0000235c                FLASH_DRV_Init
 .text.FLASH_DRV_EraseSector
                0x00002428       0x98 ./SDK/platform/drivers/src/flash/flash_driver.o
                0x00002428                FLASH_DRV_EraseSector
 .text.FLASH_DRV_Program
                0x000024c0       0xb8 ./SDK/platform/drivers/src/flash/flash_driver.o
                0x000024c0                FLASH_DRV_Program
 .text.FLASH_DRV_SetFlexRamFunction
                0x00002578       0x68 ./SDK/platform/drivers/src/flash/flash_driver.o
                0x00002578                FLASH_DRV_SetFlexRamFunction
 .text.FLASH_DRV_EEEWrite
                0x000025e0       0xdc ./SDK/platform/drivers/src/flash/flash_driver.o
                0x000025e0                FLASH_DRV_EEEWrite
 .text.FLEXCAN_StartSendData
                0x000026bc       0xa4 ./SDK/platform/drivers/src/flexcan/flexcan_driver.o
 .text.FLEXCAN_StartRxMessageBufferData
                0x00002760       0x80 ./SDK/platform/drivers/src/flexcan/flexcan_driver.o
 .text.FLEXCAN_StartRxMessageFifoData
                0x000027e0      0x110 ./SDK/platform/drivers/src/flexcan/flexcan_driver.o
 .text.FLEXCAN_CompleteRxMessageFifoData
                0x000028f0       0xa0 ./SDK/platform/drivers/src/flexcan/flexcan_driver.o
 .text.FLEXCAN_CompleteRxFifoDataDMA
                0x00002990       0x30 ./SDK/platform/drivers/src/flexcan/flexcan_driver.o
 .text.FLEXCAN_CompleteTransfer
                0x000029c0       0x38 ./SDK/platform/drivers/src/flexcan/flexcan_driver.o
 .text.FLEXCAN_DRV_SetRxMaskType
                0x000029f8       0x30 ./SDK/platform/drivers/src/flexcan/flexcan_driver.o
                0x000029f8                FLEXCAN_DRV_SetRxMaskType
 .text.FLEXCAN_DRV_SetRxIndividualMask
                0x00002a28      0x118 ./SDK/platform/drivers/src/flexcan/flexcan_driver.o
                0x00002a28                FLEXCAN_DRV_SetRxIndividualMask
 .text.FLEXCAN_DRV_Init
                0x00002b40      0x2c4 ./SDK/platform/drivers/src/flexcan/flexcan_driver.o
                0x00002b40                FLEXCAN_DRV_Init
 .text.FLEXCAN_DRV_ConfigTxMb
                0x00002e04       0x40 ./SDK/platform/drivers/src/flexcan/flexcan_driver.o
                0x00002e04                FLEXCAN_DRV_ConfigTxMb
 .text.FLEXCAN_DRV_SendBlocking
                0x00002e44       0xbc ./SDK/platform/drivers/src/flexcan/flexcan_driver.o
                0x00002e44                FLEXCAN_DRV_SendBlocking
 .text.FLEXCAN_DRV_Send
                0x00002f00       0x34 ./SDK/platform/drivers/src/flexcan/flexcan_driver.o
                0x00002f00                FLEXCAN_DRV_Send
 .text.FLEXCAN_DRV_ConfigRxMb
                0x00002f34       0x68 ./SDK/platform/drivers/src/flexcan/flexcan_driver.o
                0x00002f34                FLEXCAN_DRV_ConfigRxMb
 .text.FLEXCAN_DRV_ConfigRxFifo
                0x00002f9c       0x28 ./SDK/platform/drivers/src/flexcan/flexcan_driver.o
                0x00002f9c                FLEXCAN_DRV_ConfigRxFifo
 .text.FLEXCAN_DRV_Receive
                0x00002fc4        0xa ./SDK/platform/drivers/src/flexcan/flexcan_driver.o
                0x00002fc4                FLEXCAN_DRV_Receive
 .text.FLEXCAN_DRV_RxFifo
                0x00002fce        0xa ./SDK/platform/drivers/src/flexcan/flexcan_driver.o
                0x00002fce                FLEXCAN_DRV_RxFifo
 .text.FLEXCAN_Error_IRQHandler
                0x00002fd8       0x28 ./SDK/platform/drivers/src/flexcan/flexcan_driver.o
                0x00002fd8                FLEXCAN_Error_IRQHandler
 .text.FLEXCAN_WakeUpHandler
                0x00003000       0x6c ./SDK/platform/drivers/src/flexcan/flexcan_driver.o
                0x00003000                FLEXCAN_WakeUpHandler
 .text.FLEXCAN_IRQHandler
                0x0000306c      0x1b8 ./SDK/platform/drivers/src/flexcan/flexcan_driver.o
                0x0000306c                FLEXCAN_IRQHandler
 .text.FLEXCAN_DRV_GetErrorStatus
                0x00003224       0x10 ./SDK/platform/drivers/src/flexcan/flexcan_driver.o
                0x00003224                FLEXCAN_DRV_GetErrorStatus
 .text.FLEXCAN_DRV_AbortTransfer
                0x00003234      0x154 ./SDK/platform/drivers/src/flexcan/flexcan_driver.o
                0x00003234                FLEXCAN_DRV_AbortTransfer
 .text.FLEXCAN_DRV_InstallEventCallback
                0x00003388       0x14 ./SDK/platform/drivers/src/flexcan/flexcan_driver.o
                0x00003388                FLEXCAN_DRV_InstallEventCallback
 .text.FLEXCAN_DRV_InstallErrorCallback
                0x0000339c       0x94 ./SDK/platform/drivers/src/flexcan/flexcan_driver.o
                0x0000339c                FLEXCAN_DRV_InstallErrorCallback
 .text.FLEXCAN_ComputePayloadSize
                0x00003430       0x36 ./SDK/platform/drivers/src/flexcan/flexcan_hw_access.o
 *fill*         0x00003466        0x2 
 .text.FLEXCAN_GetRxFifoMask
                0x00003468       0x60 ./SDK/platform/drivers/src/flexcan/flexcan_hw_access.o
                0x00003468                FLEXCAN_GetRxFifoMask
 .text.FLEXCAN_GetMaxMbNum
                0x000034c8       0x2c ./SDK/platform/drivers/src/flexcan/flexcan_hw_access.o
                0x000034c8                FLEXCAN_GetMaxMbNum
 .text.FLEXCAN_Enable
                0x000034f4       0x2a ./SDK/platform/drivers/src/flexcan/flexcan_hw_access.o
                0x000034f4                FLEXCAN_Enable
 .text.FLEXCAN_Disable
                0x0000351e       0x18 ./SDK/platform/drivers/src/flexcan/flexcan_hw_access.o
                0x0000351e                FLEXCAN_Disable
 *fill*         0x00003536        0x2 
 .text.FLEXCAN_Init
                0x00003538       0x68 ./SDK/platform/drivers/src/flexcan/flexcan_hw_access.o
                0x00003538                FLEXCAN_Init
 .text.FLEXCAN_EnableRxFifo
                0x000035a0       0x54 ./SDK/platform/drivers/src/flexcan/flexcan_hw_access.o
                0x000035a0                FLEXCAN_EnableRxFifo
 .text.FLEXCAN_SetRxFifoFilter
                0x000035f4      0x1d8 ./SDK/platform/drivers/src/flexcan/flexcan_hw_access.o
                0x000035f4                FLEXCAN_SetRxFifoFilter
 .text.FLEXCAN_SetMsgBuffIntCmd
                0x000037cc       0x3c ./SDK/platform/drivers/src/flexcan/flexcan_hw_access.o
                0x000037cc                FLEXCAN_SetMsgBuffIntCmd
 .text.FLEXCAN_SetErrIntCmd
                0x00003808       0x5a ./SDK/platform/drivers/src/flexcan/flexcan_hw_access.o
                0x00003808                FLEXCAN_SetErrIntCmd
 .text.FLEXCAN_ExitFreezeMode
                0x00003862       0x1a ./SDK/platform/drivers/src/flexcan/flexcan_hw_access.o
                0x00003862                FLEXCAN_ExitFreezeMode
 .text.FLEXCAN_EnterFreezeMode
                0x0000387c       0x40 ./SDK/platform/drivers/src/flexcan/flexcan_hw_access.o
                0x0000387c                FLEXCAN_EnterFreezeMode
 .text.FLEXCAN_ClearErrIntStatusFlag
                0x000038bc       0x14 ./SDK/platform/drivers/src/flexcan/flexcan_hw_access.o
                0x000038bc                FLEXCAN_ClearErrIntStatusFlag
 .text.FLEXCAN_ReadRxFifo
                0x000038d0       0x56 ./SDK/platform/drivers/src/flexcan/flexcan_hw_access.o
                0x000038d0                FLEXCAN_ReadRxFifo
 .text.FLEXCAN_SetOperationMode
                0x00003926       0x5e ./SDK/platform/drivers/src/flexcan/flexcan_hw_access.o
                0x00003926                FLEXCAN_SetOperationMode
 .text.FLEXCAN_SetPayloadSize
                0x00003984       0x1a ./SDK/platform/drivers/src/flexcan/flexcan_hw_access.o
                0x00003984                FLEXCAN_SetPayloadSize
 .text.FLEXCAN_GetPayloadSize
                0x0000399e       0x20 ./SDK/platform/drivers/src/flexcan/flexcan_hw_access.o
                0x0000399e                FLEXCAN_GetPayloadSize
 .text.FLEXCAN_GetMsgBuffRegion
                0x000039be       0x30 ./SDK/platform/drivers/src/flexcan/flexcan_hw_access.o
                0x000039be                FLEXCAN_GetMsgBuffRegion
 *fill*         0x000039ee        0x2 
 .text.FLEXCAN_SetTxMsgBuff
                0x000039f0      0x180 ./SDK/platform/drivers/src/flexcan/flexcan_hw_access.o
                0x000039f0                FLEXCAN_SetTxMsgBuff
 .text.FLEXCAN_AbortTxMsgBuff
                0x00003b70       0x14 ./SDK/platform/drivers/src/flexcan/flexcan_hw_access.o
                0x00003b70                FLEXCAN_AbortTxMsgBuff
 .text.FLEXCAN_ResetRxMsgBuff
                0x00003b84       0x16 ./SDK/platform/drivers/src/flexcan/flexcan_hw_access.o
                0x00003b84                FLEXCAN_ResetRxMsgBuff
 *fill*         0x00003b9a        0x2 
 .text.FLEXCAN_SetRxMsgBuff
                0x00003b9c       0xc8 ./SDK/platform/drivers/src/flexcan/flexcan_hw_access.o
                0x00003b9c                FLEXCAN_SetRxMsgBuff
 .text.FLEXCAN_GetMsgBuff
                0x00003c64       0x96 ./SDK/platform/drivers/src/flexcan/flexcan_hw_access.o
                0x00003c64                FLEXCAN_GetMsgBuff
 .text.FLEXCAN_LockRxMsgBuff
                0x00003cfa        0xa ./SDK/platform/drivers/src/flexcan/flexcan_hw_access.o
                0x00003cfa                FLEXCAN_LockRxMsgBuff
 .text.FLEXCAN_SetMaxMsgBuffNum
                0x00003d04       0x9c ./SDK/platform/drivers/src/flexcan/flexcan_hw_access.o
                0x00003d04                FLEXCAN_SetMaxMsgBuffNum
 .text.CAN0_ORed_IRQHandler
                0x00003da0        0xa ./SDK/platform/drivers/src/flexcan/flexcan_irq.o
                0x00003da0                CAN0_ORed_IRQHandler
 .text.CAN0_Error_IRQHandler
                0x00003daa        0xa ./SDK/platform/drivers/src/flexcan/flexcan_irq.o
                0x00003daa                CAN0_Error_IRQHandler
 .text.CAN0_Wake_Up_IRQHandler
                0x00003db4        0xa ./SDK/platform/drivers/src/flexcan/flexcan_irq.o
                0x00003db4                CAN0_Wake_Up_IRQHandler
 .text.CAN0_ORed_0_15_MB_IRQHandler
                0x00003dbe        0xa ./SDK/platform/drivers/src/flexcan/flexcan_irq.o
                0x00003dbe                CAN0_ORed_0_15_MB_IRQHandler
 .text.CAN0_ORed_16_31_MB_IRQHandler
                0x00003dc8        0xa ./SDK/platform/drivers/src/flexcan/flexcan_irq.o
                0x00003dc8                CAN0_ORed_16_31_MB_IRQHandler
 .text.CAN1_ORed_IRQHandler
                0x00003dd2        0xa ./SDK/platform/drivers/src/flexcan/flexcan_irq.o
                0x00003dd2                CAN1_ORed_IRQHandler
 .text.CAN1_Error_IRQHandler
                0x00003ddc        0xa ./SDK/platform/drivers/src/flexcan/flexcan_irq.o
                0x00003ddc                CAN1_Error_IRQHandler
 .text.CAN1_ORed_0_15_MB_IRQHandler
                0x00003de6        0xa ./SDK/platform/drivers/src/flexcan/flexcan_irq.o
                0x00003de6                CAN1_ORed_0_15_MB_IRQHandler
 .text.CAN2_ORed_IRQHandler
                0x00003df0        0xa ./SDK/platform/drivers/src/flexcan/flexcan_irq.o
                0x00003df0                CAN2_ORed_IRQHandler
 .text.CAN2_Error_IRQHandler
                0x00003dfa        0xa ./SDK/platform/drivers/src/flexcan/flexcan_irq.o
                0x00003dfa                CAN2_Error_IRQHandler
 .text.CAN2_ORed_0_15_MB_IRQHandler
                0x00003e04        0xa ./SDK/platform/drivers/src/flexcan/flexcan_irq.o
                0x00003e04                CAN2_ORed_0_15_MB_IRQHandler
 *fill*         0x00003e0e        0x2 
 .text.FTM_DRV_SetSync
                0x00003e10      0x1bc ./SDK/platform/drivers/src/ftm/ftm_common.o
                0x00003e10                FTM_DRV_SetSync
 .text.FTM_DRV_EnableInterrupts
                0x00003fcc       0xa8 ./SDK/platform/drivers/src/ftm/ftm_common.o
                0x00003fcc                FTM_DRV_EnableInterrupts
 .text.FTM_DRV_DisableInterrupts
                0x00004074       0xa4 ./SDK/platform/drivers/src/ftm/ftm_common.o
                0x00004074                FTM_DRV_DisableInterrupts
 .text.FTM_DRV_GetFrequency
                0x00004118       0x80 ./SDK/platform/drivers/src/ftm/ftm_common.o
                0x00004118                FTM_DRV_GetFrequency
 .text.FTM_DRV_Init
                0x00004198       0xdc ./SDK/platform/drivers/src/ftm/ftm_common.o
                0x00004198                FTM_DRV_Init
 .text.FTM_DRV_InitModule
                0x00004274       0x18 ./SDK/platform/drivers/src/ftm/ftm_hw_access.o
                0x00004274                FTM_DRV_InitModule
 .text.FTM_DRV_Reset
                0x0000428c       0x66 ./SDK/platform/drivers/src/ftm/ftm_hw_access.o
                0x0000428c                FTM_DRV_Reset
 .text.FTM_DRV_SetChnTriggerCmd
                0x000042f2       0x32 ./SDK/platform/drivers/src/ftm/ftm_hw_access.o
                0x000042f2                FTM_DRV_SetChnTriggerCmd
 .text.FTM_DRV_InitOutputCompare
                0x00004324      0x15c ./SDK/platform/drivers/src/ftm/ftm_oc_driver.o
                0x00004324                FTM_DRV_InitOutputCompare
 .text.FTM_DRV_UpdateOutputCompareChannel
                0x00004480       0x44 ./SDK/platform/drivers/src/ftm/ftm_oc_driver.o
                0x00004480                FTM_DRV_UpdateOutputCompareChannel
 .text.INT_SYS_InstallHandler
                0x000044c4       0x30 ./SDK/platform/drivers/src/interrupt/interrupt_manager.o
                0x000044c4                INT_SYS_InstallHandler
 .text.INT_SYS_EnableIRQ
                0x000044f4       0x18 ./SDK/platform/drivers/src/interrupt/interrupt_manager.o
                0x000044f4                INT_SYS_EnableIRQ
 .text.INT_SYS_DisableIRQ
                0x0000450c       0x1c ./SDK/platform/drivers/src/interrupt/interrupt_manager.o
                0x0000450c                INT_SYS_DisableIRQ
 .text.INT_SYS_EnableIRQGlobal
                0x00004528       0x1c ./SDK/platform/drivers/src/interrupt/interrupt_manager.o
                0x00004528                INT_SYS_EnableIRQGlobal
 .text.INT_SYS_DisableIRQGlobal
                0x00004544       0x10 ./SDK/platform/drivers/src/interrupt/interrupt_manager.o
                0x00004544                INT_SYS_DisableIRQGlobal
 .text.INT_SYS_SetPriority
                0x00004554       0x58 ./SDK/platform/drivers/src/interrupt/interrupt_manager.o
                0x00004554                INT_SYS_SetPriority
 .text.PINS_DRV_Init
                0x000045ac       0x20 ./SDK/platform/drivers/src/pins/pins_driver.o
                0x000045ac                PINS_DRV_Init
 .text.PINS_DRV_SetPins
                0x000045cc        0x4 ./SDK/platform/drivers/src/pins/pins_driver.o
                0x000045cc                PINS_DRV_SetPins
 .text.PINS_DRV_ClearPins
                0x000045d0        0x4 ./SDK/platform/drivers/src/pins/pins_driver.o
                0x000045d0                PINS_DRV_ClearPins
 .text.PINS_GetAdcInterleaveVal
                0x000045d4       0x70 ./SDK/platform/drivers/src/pins/pins_port_hw_access.o
 .text.PINS_Init
                0x00004644      0x114 ./SDK/platform/drivers/src/pins/pins_port_hw_access.o
                0x00004644                PINS_Init
 .text.POWER_SYS_DoInit
                0x00004758       0x94 ./SDK/platform/drivers/src/power/S32K1xx/power_manager_S32K1xx.o
                0x00004758                POWER_SYS_DoInit
 .text.SMC_SetProtectionMode
                0x000047ec       0x16 ./SDK/platform/drivers/src/power/S32K1xx/power_smc_hw_access.o
                0x000047ec                SMC_SetProtectionMode
 *fill*         0x00004802        0x2 
 .text.POWER_SYS_Init
                0x00004804       0x2c ./SDK/platform/drivers/src/power/power_manager.o
                0x00004804                POWER_SYS_Init
 .text.CAN_FindFlexCANState
                0x00004830        0x4 ./SDK/platform/pal/src/can/can_pal.o
 .text.CAN_Init
                0x00004834       0xe8 ./SDK/platform/pal/src/can/can_pal.o
                0x00004834                CAN_Init
 .text.CAN_ConfigTxBuff
                0x0000491c       0x74 ./SDK/platform/pal/src/can/can_pal.o
                0x0000491c                CAN_ConfigTxBuff
 .text.CAN_ConfigRxBuff
                0x00004990       0x7c ./SDK/platform/pal/src/can/can_pal.o
                0x00004990                CAN_ConfigRxBuff
 .text.CAN_Send
                0x00004a0c       0x78 ./SDK/platform/pal/src/can/can_pal.o
                0x00004a0c                CAN_Send
 .text.CAN_SendBlocking
                0x00004a84       0x7c ./SDK/platform/pal/src/can/can_pal.o
                0x00004a84                CAN_SendBlocking
 .text.CAN_Receive
                0x00004b00       0x48 ./SDK/platform/pal/src/can/can_pal.o
                0x00004b00                CAN_Receive
 .text.CAN_SetRxFilter
                0x00004b48       0x28 ./SDK/platform/pal/src/can/can_pal.o
                0x00004b48                CAN_SetRxFilter
 .text.FTM0_Ch0_Ch1_IrqHandler
                0x00004b70       0x40 ./SDK/platform/pal/src/timing/timing_irq.o
                0x00004b70                FTM0_Ch0_Ch1_IrqHandler
 .text.FTM0_Ch2_Ch3_IrqHandler
                0x00004bb0       0x40 ./SDK/platform/pal/src/timing/timing_irq.o
                0x00004bb0                FTM0_Ch2_Ch3_IrqHandler
 .text.FTM0_Ch4_Ch5_IrqHandler
                0x00004bf0       0x40 ./SDK/platform/pal/src/timing/timing_irq.o
                0x00004bf0                FTM0_Ch4_Ch5_IrqHandler
 .text.FTM0_Ch6_Ch7_IrqHandler
                0x00004c30       0x40 ./SDK/platform/pal/src/timing/timing_irq.o
                0x00004c30                FTM0_Ch6_Ch7_IrqHandler
 .text.FTM1_Ch0_Ch1_IrqHandler
                0x00004c70       0x40 ./SDK/platform/pal/src/timing/timing_irq.o
                0x00004c70                FTM1_Ch0_Ch1_IrqHandler
 .text.FTM1_Ch2_Ch3_IrqHandler
                0x00004cb0       0x40 ./SDK/platform/pal/src/timing/timing_irq.o
                0x00004cb0                FTM1_Ch2_Ch3_IrqHandler
 .text.FTM1_Ch4_Ch5_IrqHandler
                0x00004cf0       0x40 ./SDK/platform/pal/src/timing/timing_irq.o
                0x00004cf0                FTM1_Ch4_Ch5_IrqHandler
 .text.FTM1_Ch6_Ch7_IrqHandler
                0x00004d30       0x40 ./SDK/platform/pal/src/timing/timing_irq.o
                0x00004d30                FTM1_Ch6_Ch7_IrqHandler
 .text.FTM2_Ch0_Ch1_IrqHandler
                0x00004d70       0x40 ./SDK/platform/pal/src/timing/timing_irq.o
                0x00004d70                FTM2_Ch0_Ch1_IrqHandler
 .text.FTM2_Ch2_Ch3_IrqHandler
                0x00004db0       0x40 ./SDK/platform/pal/src/timing/timing_irq.o
                0x00004db0                FTM2_Ch2_Ch3_IrqHandler
 .text.FTM2_Ch4_Ch5_IrqHandler
                0x00004df0       0x40 ./SDK/platform/pal/src/timing/timing_irq.o
                0x00004df0                FTM2_Ch4_Ch5_IrqHandler
 .text.FTM2_Ch6_Ch7_IrqHandler
                0x00004e30       0x40 ./SDK/platform/pal/src/timing/timing_irq.o
                0x00004e30                FTM2_Ch6_Ch7_IrqHandler
 .text.FTM3_Ch0_Ch1_IrqHandler
                0x00004e70       0x40 ./SDK/platform/pal/src/timing/timing_irq.o
                0x00004e70                FTM3_Ch0_Ch1_IrqHandler
 .text.FTM3_Ch2_Ch3_IrqHandler
                0x00004eb0       0x40 ./SDK/platform/pal/src/timing/timing_irq.o
                0x00004eb0                FTM3_Ch2_Ch3_IrqHandler
 .text.FTM3_Ch4_Ch5_IrqHandler
                0x00004ef0       0x40 ./SDK/platform/pal/src/timing/timing_irq.o
                0x00004ef0                FTM3_Ch4_Ch5_IrqHandler
 .text.FTM3_Ch6_Ch7_IrqHandler
                0x00004f30       0x40 ./SDK/platform/pal/src/timing/timing_irq.o
                0x00004f30                FTM3_Ch6_Ch7_IrqHandler
 .text.TIMING_Init
                0x00004f70      0x17c ./SDK/platform/pal/src/timing/timing_pal.o
                0x00004f70                TIMING_Init
 .text.TIMING_StartChannel
                0x000050ec       0x84 ./SDK/platform/pal/src/timing/timing_pal.o
                0x000050ec                TIMING_StartChannel
 .text.TIMING_GetResolution
                0x00005170       0x84 ./SDK/platform/pal/src/timing/timing_pal.o
                0x00005170                TIMING_GetResolution
 .text.TIMING_Ftm_IrqHandler
                0x000051f4       0xf0 ./SDK/platform/pal/src/timing/timing_pal.o
                0x000051f4                TIMING_Ftm_IrqHandler
 .text.WDG_Init
                0x000052e4       0x7a ./SDK/platform/pal/src/wdg/wdg_pal.o
                0x000052e4                WDG_Init
 .text.WDG_Refresh
                0x0000535e       0x12 ./SDK/platform/pal/src/wdg/wdg_pal.o
                0x0000535e                WDG_Refresh
 .text.SysTick_Handler
                0x00005370       0x10 ./SDK/rtos/osif/osif_baremetal.o
                0x00005370                SysTick_Handler
 .text.OSIF_SemaWait
                0x00005380       0x74 ./SDK/rtos/osif/osif_baremetal.o
                0x00005380                OSIF_SemaWait
 .text.OSIF_SemaPost
                0x000053f4       0x26 ./SDK/rtos/osif/osif_baremetal.o
                0x000053f4                OSIF_SemaPost
 .text.OSIF_SemaCreate
                0x0000541a       0x14 ./SDK/rtos/osif/osif_baremetal.o
                0x0000541a                OSIF_SemaCreate
 .text.OSIF_SemaDestroy
                0x0000542e        0x4 ./SDK/rtos/osif/osif_baremetal.o
                0x0000542e                OSIF_SemaDestroy
 .text.peripheral_init_error_handler
                0x00005432       0x12 ./Sources/application_layer/app_main/src/app_main.o
 .text.app_main_v
                0x00005444      0x204 ./Sources/application_layer/app_main/src/app_main.o
                0x00005444                app_main_v
 .text.crc32_running
                0x00005648       0x38 ./Sources/application_layer/app_uds/src/boot_metadata.o
                0x00005648                crc32_running
 .text.crc32_compute
                0x00005680       0x12 ./Sources/application_layer/app_uds/src/boot_metadata.o
                0x00005680                crc32_compute
 *fill*         0x00005692        0x2 
 .text.boot_metadata_read
                0x00005694       0x3c ./Sources/application_layer/app_uds/src/boot_metadata.o
                0x00005694                boot_metadata_read
 .text.boot_metadata_write
                0x000056d0       0x5a ./Sources/application_layer/app_uds/src/boot_metadata.o
                0x000056d0                boot_metadata_write
 *fill*         0x0000572a        0x2 
 .text.boot_metadata_init
                0x0000572c       0x44 ./Sources/application_layer/app_uds/src/boot_metadata.o
                0x0000572c                boot_metadata_init
 .text.PersistBootState
                0x00005770       0x4c ./Sources/application_layer/app_uds/src/boot_metadata.o
                0x00005770                PersistBootState
 .text.Read_Reboot_Reason
                0x000057bc       0x1c ./Sources/application_layer/app_uds/src/boot_metadata.o
                0x000057bc                Read_Reboot_Reason
 .text.Read_ActiveSlotForApplication
                0x000057d8       0x1e ./Sources/application_layer/app_uds/src/boot_metadata.o
                0x000057d8                Read_ActiveSlotForApplication
 .text.EraseFlashMemory
                0x000057f6       0x22 ./Sources/application_layer/app_uds/src/boot_metadata.o
                0x000057f6                EraseFlashMemory
 .text.check_AddressRangeValid
                0x00005818       0x1e ./Sources/application_layer/app_uds/src/boot_metadata.o
                0x00005818                check_AddressRangeValid
 .text.verify_bank_crc
                0x00005836       0x32 ./Sources/application_layer/app_uds/src/boot_metadata.o
                0x00005836                verify_bank_crc
 .text.jump_to_bank
                0x00005868       0x42 ./Sources/application_layer/app_uds/src/boot_metadata.o
                0x00005868                jump_to_bank
 .text.try_boot_bank
                0x000058aa       0x44 ./Sources/application_layer/app_uds/src/boot_metadata.o
                0x000058aa                try_boot_bank
 *fill*         0x000058ee        0x2 
 .text.boot_metadata_swap_active_bank
                0x000058f0       0x3c ./Sources/application_layer/app_uds/src/boot_metadata.o
                0x000058f0                boot_metadata_swap_active_bank
 .text.ResetTransfer
                0x0000592c       0x20 ./Sources/application_layer/app_uds/src/uds.o
 .text._0x27_SecurityAccess
                0x0000594c      0x1dc ./Sources/application_layer/app_uds/src/uds.o
 .text._0x31_RoutineControl
                0x00005b28      0x294 ./Sources/application_layer/app_uds/src/uds.o
 .text._0x36_TransferData
                0x00005dbc      0x1bc ./Sources/application_layer/app_uds/src/uds.o
 .text._0x23_ReadMemoryByAddress
                0x00005f78      0x1ac ./Sources/application_layer/app_uds/src/uds.o
 .text._0x37_RequestTransferExit
                0x00006124       0xfc ./Sources/application_layer/app_uds/src/uds.o
 .text._0x22_ReadDataByIdentifier
                0x00006220      0x118 ./Sources/application_layer/app_uds/src/uds.o
 .text.evaluateServiceResponse
                0x00006338      0x1e4 ./Sources/application_layer/app_uds/src/uds.o
 .text._0x10_DiagnosticSessionControl
                0x0000651c       0xc4 ./Sources/application_layer/app_uds/src/uds.o
 .text._0x11_ECUReset
                0x000065e0       0x80 ./Sources/application_layer/app_uds/src/uds.o
 .text._0x3E_TesterPresent
                0x00006660       0x82 ./Sources/application_layer/app_uds/src/uds.o
 *fill*         0x000066e2        0x2 
 .text._0x35_RequestUpload
                0x000066e4      0x20c ./Sources/application_layer/app_uds/src/uds.o
 .text._0x85_ControlDTCSetting
                0x000068f0       0x4e ./Sources/application_layer/app_uds/src/uds.o
 *fill*         0x0000693e        0x2 
 .text._0x34_RequestDownload
                0x00006940      0x168 ./Sources/application_layer/app_uds/src/uds.o
 .text._0x28_CommunicationControl
                0x00006aa8       0x60 ./Sources/application_layer/app_uds/src/uds.o
 .text._0x2E_WriteDataByIdentifier
                0x00006b08       0xcc ./Sources/application_layer/app_uds/src/uds.o
 .text.UDS_Bootloader_state_machine
                0x00006bd4       0xf4 ./Sources/application_layer/app_uds/src/uds.o
                0x00006bd4                UDS_Bootloader_state_machine
 .text.UDS_Bootloader_Initialize
                0x00006cc8       0x44 ./Sources/application_layer/app_uds/src/uds.o
                0x00006cc8                UDS_Bootloader_Initialize
 .text.can_0_callback_error_v
                0x00006d0c       0x20 ./Sources/core_layer/bsp/nxp/src/rr_can_nxp.o
 .text.can_0_callback_event_v
                0x00006d2c       0x10 ./Sources/core_layer/bsp/nxp/src/rr_can_nxp.o
 .text.rr_can_nxp_initialize
                0x00006d3c       0xac ./Sources/core_layer/bsp/nxp/src/rr_can_nxp.o
                0x00006d3c                rr_can_nxp_initialize
 .text.rr_can_nxp_configMailbox
                0x00006de8       0xec ./Sources/core_layer/bsp/nxp/src/rr_can_nxp.o
                0x00006de8                rr_can_nxp_configMailbox
 .text.rr_can_nxp_start
                0x00006ed4       0x5c ./Sources/core_layer/bsp/nxp/src/rr_can_nxp.o
                0x00006ed4                rr_can_nxp_start
 .text.rr_can_nxp_stop
                0x00006f30       0x60 ./Sources/core_layer/bsp/nxp/src/rr_can_nxp.o
                0x00006f30                rr_can_nxp_stop
 .text.rr_can_nxp_transmit
                0x00006f90      0x108 ./Sources/core_layer/bsp/nxp/src/rr_can_nxp.o
                0x00006f90                rr_can_nxp_transmit
 .text.rr_can_nxp_receive
                0x00007098       0x74 ./Sources/core_layer/bsp/nxp/src/rr_can_nxp.o
                0x00007098                rr_can_nxp_receive
 .text.rr_can_nxp_abortTx
                0x0000710c       0x5c ./Sources/core_layer/bsp/nxp/src/rr_can_nxp.o
                0x0000710c                rr_can_nxp_abortTx
 .text.rr_can_nxp_error_decode
                0x00007168       0x1c ./Sources/core_layer/bsp/nxp/src/rr_can_nxp.o
                0x00007168                rr_can_nxp_error_decode
 .text.rr_crc_nxp_hw_ready
                0x00007184        0xc ./Sources/core_layer/bsp/nxp/src/rr_crc_nxp.o
                0x00007184                rr_crc_nxp_hw_ready
 .text.rr_crc_nxp_compute32
                0x00007190       0x24 ./Sources/core_layer/bsp/nxp/src/rr_crc_nxp.o
                0x00007190                rr_crc_nxp_compute32
 .text.rr_iflash_nxp_check
                0x000071b4       0xb8 ./Sources/core_layer/bsp/nxp/src/rr_iflash_nxp.o
 .text.rr_iflash_nxp_initialize
                0x0000726c       0x64 ./Sources/core_layer/bsp/nxp/src/rr_iflash_nxp.o
                0x0000726c                rr_iflash_nxp_initialize
 .text.rr_iflash_nxp_read
                0x000072d0       0x3e ./Sources/core_layer/bsp/nxp/src/rr_iflash_nxp.o
                0x000072d0                rr_iflash_nxp_read
 *fill*         0x0000730e        0x2 
 .text.rr_iflash_nxp_erase
                0x00007310       0x40 ./Sources/core_layer/bsp/nxp/src/rr_iflash_nxp.o
                0x00007310                rr_iflash_nxp_erase
 .text.rr_iflash_nxp_program
                0x00007350       0x5c ./Sources/core_layer/bsp/nxp/src/rr_iflash_nxp.o
                0x00007350                rr_iflash_nxp_program
 .text.rr_timer_nxp_pal_cb
                0x000073ac       0x20 ./Sources/core_layer/bsp/nxp/src/rr_timer_nxp.o
 .text.rr_timer_nxp_initialize
                0x000073cc      0x1f0 ./Sources/core_layer/bsp/nxp/src/rr_timer_nxp.o
                0x000073cc                rr_timer_nxp_initialize
 .text.rr_timer_nxp_start_base_v
                0x000075bc       0x58 ./Sources/core_layer/bsp/nxp/src/rr_timer_nxp.o
                0x000075bc                rr_timer_nxp_start_base_v
 *fill*         0x00007614        0x4 
 .text.rr_watchdog_nxp_initialize
                0x00007618       0xdc ./Sources/core_layer/bsp/nxp/src/rr_watchdog_nxp.o
                0x00007618                rr_watchdog_nxp_initialize
 .text.rr_watchdog_nxp_refresh
                0x000076f4       0x14 ./Sources/core_layer/bsp/nxp/src/rr_watchdog_nxp.o
                0x000076f4                rr_watchdog_nxp_refresh
 .text.rr_can_initialize
                0x00007708       0x34 ./Sources/core_layer/drivers/src/rr_can.o
                0x00007708                rr_can_initialize
 .text.rr_can_configMailbox
                0x0000773c       0x14 ./Sources/core_layer/drivers/src/rr_can.o
                0x0000773c                rr_can_configMailbox
 .text.rr_can_start
                0x00007750        0xe ./Sources/core_layer/drivers/src/rr_can.o
                0x00007750                rr_can_start
 .text.rr_can_stop
                0x0000775e        0xe ./Sources/core_layer/drivers/src/rr_can.o
                0x0000775e                rr_can_stop
 .text.rr_can_transmit
                0x0000776c       0x1c ./Sources/core_layer/drivers/src/rr_can.o
                0x0000776c                rr_can_transmit
 .text.rr_can_receive
                0x00007788       0x2c ./Sources/core_layer/drivers/src/rr_can.o
                0x00007788                rr_can_receive
 .text.rr_can_error_callback
                0x000077b4       0x44 ./Sources/core_layer/drivers/src/rr_can.o
                0x000077b4                rr_can_error_callback
 .text.rr_crc_compute32
                0x000077f8       0x60 ./Sources/core_layer/drivers/src/rr_crc.o
                0x000077f8                rr_crc_compute32
 .text.rr_iflash_initialize
                0x00007858       0x28 ./Sources/core_layer/drivers/src/rr_iflash.o
                0x00007858                rr_iflash_initialize
 .text.rr_iflash_read
                0x00007880       0x2c ./Sources/core_layer/drivers/src/rr_iflash.o
                0x00007880                rr_iflash_read
 .text.rr_iflash_erase
                0x000078ac       0x24 ./Sources/core_layer/drivers/src/rr_iflash.o
                0x000078ac                rr_iflash_erase
 .text.rr_iflash_program
                0x000078d0       0x2c ./Sources/core_layer/drivers/src/rr_iflash.o
                0x000078d0                rr_iflash_program
 .text.rr_memory_copy_u8
                0x000078fc       0x20 ./Sources/core_layer/drivers/src/rr_memory.o
                0x000078fc                rr_memory_copy_u8
 .text.rr_memory_set_u8
                0x0000791c       0x18 ./Sources/core_layer/drivers/src/rr_memory.o
                0x0000791c                rr_memory_set_u8
 .text.rr_timer_init_u8
                0x00007934       0xa4 ./Sources/core_layer/drivers/src/rr_timer.o
                0x00007934                rr_timer_init_u8
 .text.rr_timer_start_base_v
                0x000079d8       0x18 ./Sources/core_layer/drivers/src/rr_timer.o
                0x000079d8                rr_timer_start_base_v
 .text.rr_watchdog_initialize
                0x000079f0       0x38 ./Sources/core_layer/drivers/src/rr_watchdog.o
                0x000079f0                rr_watchdog_initialize
 .text.rr_watchdog_refresh
                0x00007a28       0x18 ./Sources/core_layer/drivers/src/rr_watchdog.o
                0x00007a28                rr_watchdog_refresh
 .text.main     0x00007a40       0x18 ./Sources/main.o
                0x00007a40                main
 .text.can_rx_comm_callback
                0x00007a58       0x2e ./Sources/middle_layer/communication_stack/src/can_rx_comm.o
 *fill*         0x00007a86        0x2 
 .text.can_rx_comm_init
                0x00007a88       0x14 ./Sources/middle_layer/communication_stack/src/can_rx_comm.o
                0x00007a88                can_rx_comm_init
 .text.isotp_can_message_recvhndlr
                0x00007a9c      0x230 ./Sources/middle_layer/communication_stack/src/uds_can_transport.o
                0x00007a9c                isotp_can_message_recvhndlr
 .text.isotp_can_receive
                0x00007ccc       0x24 ./Sources/middle_layer/communication_stack/src/uds_can_transport.o
                0x00007ccc                isotp_can_receive
 .text.isotp_can_send
                0x00007cf0       0xe0 ./Sources/middle_layer/communication_stack/src/uds_can_transport.o
                0x00007cf0                isotp_can_send
 .text.isotp_poll
                0x00007dd0      0x188 ./Sources/middle_layer/communication_stack/src/uds_can_transport.o
                0x00007dd0                isotp_poll
 .text.isotp_link_can_initialize
                0x00007f58       0x38 ./Sources/middle_layer/communication_stack/src/uds_can_transport.o
                0x00007f58                isotp_link_can_initialize
 .text.TimerLock
                0x00007f90       0x20 ./Sources/middle_layer/communication_stack/src/uds_timer_lib.o
 .text.TimerUnlock
                0x00007fb0       0x24 ./Sources/middle_layer/communication_stack/src/uds_timer_lib.o
 .text.uds_timer_lib_callback
                0x00007fd4       0x6c ./Sources/middle_layer/communication_stack/src/uds_timer_lib.o
 .text.uds_timer_lib_initialize
                0x00008040       0x18 ./Sources/middle_layer/communication_stack/src/uds_timer_lib.o
                0x00008040                uds_timer_lib_initialize
 .text.uds_timer_lib_start_and_stop_timer
                0x00008058       0x50 ./Sources/middle_layer/communication_stack/src/uds_timer_lib.o
                0x00008058                uds_timer_lib_start_and_stop_timer
 .text.uds_timer_lib_get_timer_msec
                0x000080a8       0x1c ./Sources/middle_layer/communication_stack/src/uds_timer_lib.o
                0x000080a8                uds_timer_lib_get_timer_msec
 .text.service_can_rx_callback
                0x000080c4       0x48 ./Sources/middle_layer/services/src/service_can.o
 .text.service_can_err_callback
                0x0000810c       0x3c ./Sources/middle_layer/services/src/service_can.o
 .text.service_can_init
                0x00008148       0x38 ./Sources/middle_layer/services/src/service_can.o
                0x00008148                service_can_init
 .text.service_can_transmit
                0x00008180       0x5e ./Sources/middle_layer/services/src/service_can.o
                0x00008180                service_can_transmit
 *fill*         0x000081de        0x2 
 .text.service_can_register_rx_callback
                0x000081e0        0xc ./Sources/middle_layer/services/src/service_can.o
                0x000081e0                service_can_register_rx_callback
 .text.service_iflash_init
                0x000081ec       0x10 ./Sources/middle_layer/services/src/service_iflash.o
                0x000081ec                service_iflash_init
 .text.service_iflash_read
                0x000081fc        0x8 ./Sources/middle_layer/services/src/service_iflash.o
                0x000081fc                service_iflash_read
 .text.service_iflash_erase
                0x00008204        0x8 ./Sources/middle_layer/services/src/service_iflash.o
                0x00008204                service_iflash_erase
 .text.service_iflash_program
                0x0000820c        0x8 ./Sources/middle_layer/services/src/service_iflash.o
                0x0000820c                service_iflash_program
 .text.service_timer_hw_tick_cb
                0x00008214       0x40 ./Sources/middle_layer/services/src/service_timer.o
 .text.service_timer_init
                0x00008254       0x58 ./Sources/middle_layer/services/src/service_timer.o
                0x00008254                service_timer_init
 .text.service_timer_register
                0x000082ac       0x5c ./Sources/middle_layer/services/src/service_timer.o
                0x000082ac                service_timer_register
 .text.service_timer_start
                0x00008308       0x2c ./Sources/middle_layer/services/src/service_timer.o
                0x00008308                service_timer_start
 .text.service_timer_stop
                0x00008334       0x18 ./Sources/middle_layer/services/src/service_timer.o
                0x00008334                service_timer_stop
 .text.srv_watchdog_init
                0x0000834c       0x10 ./Sources/middle_layer/services/src/service_wdog.o
                0x0000834c                srv_watchdog_init
 .text.srv_watchdog_refresh
                0x0000835c        0xa ./Sources/middle_layer/services/src/service_wdog.o
                0x0000835c                srv_watchdog_refresh
 *fill*         0x00008366        0x2 
 .text.__assert_func
                0x00008368       0x3c C:/NXP/S32DS_ARM_v2.2/S32DS/build_tools/gcc_v6.3/gcc-6.3-arm32-eabi/arm-none-eabi/newlib/lib/thumb/v7e-m/fpv4-sp/hard\libc_nano.a(lib_a-assert.o)
                0x00008368                __assert_func
 .text.fprintf  0x000083a4       0x24 C:/NXP/S32DS_ARM_v2.2/S32DS/build_tools/gcc_v6.3/gcc-6.3-arm32-eabi/arm-none-eabi/newlib/lib/thumb/v7e-m/fpv4-sp/hard\libc_nano.a(lib_a-fprintf.o)
                0x000083a4                fiprintf
                0x000083a4                fprintf
 .text.memset   0x000083c8       0x10 C:/NXP/S32DS_ARM_v2.2/S32DS/build_tools/gcc_v6.3/gcc-6.3-arm32-eabi/arm-none-eabi/newlib/lib/thumb/v7e-m/fpv4-sp/hard\libc_nano.a(lib_a-memset.o)
                0x000083c8                memset
 .text.__sfputc_r
                0x000083d8       0x30 C:/NXP/S32DS_ARM_v2.2/S32DS/build_tools/gcc_v6.3/gcc-6.3-arm32-eabi/arm-none-eabi/newlib/lib/thumb/v7e-m/fpv4-sp/hard\libc_nano.a(lib_a-nano-vfprintf.o)
 .text.__sfputs_r
                0x00008408       0x24 C:/NXP/S32DS_ARM_v2.2/S32DS/build_tools/gcc_v6.3/gcc-6.3-arm32-eabi/arm-none-eabi/newlib/lib/thumb/v7e-m/fpv4-sp/hard\libc_nano.a(lib_a-nano-vfprintf.o)
                0x00008408                __sfputs_r
 .text._vfprintf_r
                0x0000842c      0x22c C:/NXP/S32DS_ARM_v2.2/S32DS/build_tools/gcc_v6.3/gcc-6.3-arm32-eabi/arm-none-eabi/newlib/lib/thumb/v7e-m/fpv4-sp/hard\libc_nano.a(lib_a-nano-vfprintf.o)
                0x0000842c                _vfprintf_r
                0x0000842c                _vfiprintf_r
 .text.__swbuf_r
                0x00008658       0xa4 C:/NXP/S32DS_ARM_v2.2/S32DS/build_tools/gcc_v6.3/gcc-6.3-arm32-eabi/arm-none-eabi/newlib/lib/thumb/v7e-m/fpv4-sp/hard\libc_nano.a(lib_a-wbuf.o)
                0x00008658                __swbuf_r
 .text.__swsetup_r
                0x000086fc       0xdc C:/NXP/S32DS_ARM_v2.2/S32DS/build_tools/gcc_v6.3/gcc-6.3-arm32-eabi/arm-none-eabi/newlib/lib/thumb/v7e-m/fpv4-sp/hard\libc_nano.a(lib_a-wsetup.o)
                0x000086fc                __swsetup_r
 .text.abort    0x000087d8        0xe C:/NXP/S32DS_ARM_v2.2/S32DS/build_tools/gcc_v6.3/gcc-6.3-arm32-eabi/arm-none-eabi/newlib/lib/thumb/v7e-m/fpv4-sp/hard\libc_nano.a(lib_a-abort.o)
                0x000087d8                abort
 *fill*         0x000087e6        0x2 
 .text.__sflush_r
                0x000087e8      0x110 C:/NXP/S32DS_ARM_v2.2/S32DS/build_tools/gcc_v6.3/gcc-6.3-arm32-eabi/arm-none-eabi/newlib/lib/thumb/v7e-m/fpv4-sp/hard\libc_nano.a(lib_a-fflush.o)
                0x000087e8                __sflush_r
 .text._fflush_r
                0x000088f8       0x54 C:/NXP/S32DS_ARM_v2.2/S32DS/build_tools/gcc_v6.3/gcc-6.3-arm32-eabi/arm-none-eabi/newlib/lib/thumb/v7e-m/fpv4-sp/hard\libc_nano.a(lib_a-fflush.o)
                0x000088f8                _fflush_r
 .text._cleanup_r
                0x0000894c        0xc C:/NXP/S32DS_ARM_v2.2/S32DS/build_tools/gcc_v6.3/gcc-6.3-arm32-eabi/arm-none-eabi/newlib/lib/thumb/v7e-m/fpv4-sp/hard\libc_nano.a(lib_a-findfp.o)
                0x0000894c                _cleanup_r
 .text.std.isra.0
                0x00008958       0x48 C:/NXP/S32DS_ARM_v2.2/S32DS/build_tools/gcc_v6.3/gcc-6.3-arm32-eabi/arm-none-eabi/newlib/lib/thumb/v7e-m/fpv4-sp/hard\libc_nano.a(lib_a-findfp.o)
 .text.__sfmoreglue
                0x000089a0       0x2c C:/NXP/S32DS_ARM_v2.2/S32DS/build_tools/gcc_v6.3/gcc-6.3-arm32-eabi/arm-none-eabi/newlib/lib/thumb/v7e-m/fpv4-sp/hard\libc_nano.a(lib_a-findfp.o)
                0x000089a0                __sfmoreglue
 .text.__sinit  0x000089cc       0x60 C:/NXP/S32DS_ARM_v2.2/S32DS/build_tools/gcc_v6.3/gcc-6.3-arm32-eabi/arm-none-eabi/newlib/lib/thumb/v7e-m/fpv4-sp/hard\libc_nano.a(lib_a-findfp.o)
                0x000089cc                __sinit
 .text.__sfp    0x00008a2c       0x78 C:/NXP/S32DS_ARM_v2.2/S32DS/build_tools/gcc_v6.3/gcc-6.3-arm32-eabi/arm-none-eabi/newlib/lib/thumb/v7e-m/fpv4-sp/hard\libc_nano.a(lib_a-findfp.o)
                0x00008a2c                __sfp
 .text._fwalk_reent
                0x00008aa4       0x3c C:/NXP/S32DS_ARM_v2.2/S32DS/build_tools/gcc_v6.3/gcc-6.3-arm32-eabi/arm-none-eabi/newlib/lib/thumb/v7e-m/fpv4-sp/hard\libc_nano.a(lib_a-fwalk.o)
                0x00008aa4                _fwalk_reent
 .text.__swhatbuf_r
                0x00008ae0       0x48 C:/NXP/S32DS_ARM_v2.2/S32DS/build_tools/gcc_v6.3/gcc-6.3-arm32-eabi/arm-none-eabi/newlib/lib/thumb/v7e-m/fpv4-sp/hard\libc_nano.a(lib_a-makebuf.o)
                0x00008ae0                __swhatbuf_r
 .text.__smakebuf_r
                0x00008b28       0x80 C:/NXP/S32DS_ARM_v2.2/S32DS/build_tools/gcc_v6.3/gcc-6.3-arm32-eabi/arm-none-eabi/newlib/lib/thumb/v7e-m/fpv4-sp/hard\libc_nano.a(lib_a-makebuf.o)
                0x00008b28                __smakebuf_r
 .text._free_r  0x00008ba8       0x9c C:/NXP/S32DS_ARM_v2.2/S32DS/build_tools/gcc_v6.3/gcc-6.3-arm32-eabi/arm-none-eabi/newlib/lib/thumb/v7e-m/fpv4-sp/hard\libc_nano.a(lib_a-nano-freer.o)
                0x00008ba8                _free_r
 .text._malloc_r
                0x00008c44       0xbc C:/NXP/S32DS_ARM_v2.2/S32DS/build_tools/gcc_v6.3/gcc-6.3-arm32-eabi/arm-none-eabi/newlib/lib/thumb/v7e-m/fpv4-sp/hard\libc_nano.a(lib_a-nano-mallocr.o)
                0x00008c44                _malloc_r
 .text._printf_common
                0x00008d00       0xec C:/NXP/S32DS_ARM_v2.2/S32DS/build_tools/gcc_v6.3/gcc-6.3-arm32-eabi/arm-none-eabi/newlib/lib/thumb/v7e-m/fpv4-sp/hard\libc_nano.a(lib_a-nano-vfprintf_i.o)
                0x00008d00                _printf_common
 .text._printf_i
                0x00008dec      0x240 C:/NXP/S32DS_ARM_v2.2/S32DS/build_tools/gcc_v6.3/gcc-6.3-arm32-eabi/arm-none-eabi/newlib/lib/thumb/v7e-m/fpv4-sp/hard\libc_nano.a(lib_a-nano-vfprintf_i.o)
                0x00008dec                _printf_i
 .text._sbrk_r  0x0000902c       0x20 C:/NXP/S32DS_ARM_v2.2/S32DS/build_tools/gcc_v6.3/gcc-6.3-arm32-eabi/arm-none-eabi/newlib/lib/thumb/v7e-m/fpv4-sp/hard\libc_nano.a(lib_a-sbrkr.o)
                0x0000902c                _sbrk_r
 .text._raise_r
                0x0000904c       0x50 C:/NXP/S32DS_ARM_v2.2/S32DS/build_tools/gcc_v6.3/gcc-6.3-arm32-eabi/arm-none-eabi/newlib/lib/thumb/v7e-m/fpv4-sp/hard\libc_nano.a(lib_a-signal.o)
                0x0000904c                _raise_r
 .text.raise    0x0000909c       0x10 C:/NXP/S32DS_ARM_v2.2/S32DS/build_tools/gcc_v6.3/gcc-6.3-arm32-eabi/arm-none-eabi/newlib/lib/thumb/v7e-m/fpv4-sp/hard\libc_nano.a(lib_a-signal.o)
                0x0000909c                raise
 .text._kill_r  0x000090ac       0x24 C:/NXP/S32DS_ARM_v2.2/S32DS/build_tools/gcc_v6.3/gcc-6.3-arm32-eabi/arm-none-eabi/newlib/lib/thumb/v7e-m/fpv4-sp/hard\libc_nano.a(lib_a-signalr.o)
                0x000090ac                _kill_r
 .text._getpid_r
                0x000090d0        0x4 C:/NXP/S32DS_ARM_v2.2/S32DS/build_tools/gcc_v6.3/gcc-6.3-arm32-eabi/arm-none-eabi/newlib/lib/thumb/v7e-m/fpv4-sp/hard\libc_nano.a(lib_a-signalr.o)
                0x000090d0                _getpid_r
 .text.__sread  0x000090d4       0x22 C:/NXP/S32DS_ARM_v2.2/S32DS/build_tools/gcc_v6.3/gcc-6.3-arm32-eabi/arm-none-eabi/newlib/lib/thumb/v7e-m/fpv4-sp/hard\libc_nano.a(lib_a-stdio.o)
                0x000090d4                __sread
 .text.__swrite
                0x000090f6       0x38 C:/NXP/S32DS_ARM_v2.2/S32DS/build_tools/gcc_v6.3/gcc-6.3-arm32-eabi/arm-none-eabi/newlib/lib/thumb/v7e-m/fpv4-sp/hard\libc_nano.a(lib_a-stdio.o)
                0x000090f6                __swrite
 .text.__sseek  0x0000912e       0x24 C:/NXP/S32DS_ARM_v2.2/S32DS/build_tools/gcc_v6.3/gcc-6.3-arm32-eabi/arm-none-eabi/newlib/lib/thumb/v7e-m/fpv4-sp/hard\libc_nano.a(lib_a-stdio.o)
                0x0000912e                __sseek
 .text.__sclose
                0x00009152        0x8 C:/NXP/S32DS_ARM_v2.2/S32DS/build_tools/gcc_v6.3/gcc-6.3-arm32-eabi/arm-none-eabi/newlib/lib/thumb/v7e-m/fpv4-sp/hard\libc_nano.a(lib_a-stdio.o)
                0x00009152                __sclose
 *fill*         0x0000915a        0x2 
 .text._write_r
                0x0000915c       0x24 C:/NXP/S32DS_ARM_v2.2/S32DS/build_tools/gcc_v6.3/gcc-6.3-arm32-eabi/arm-none-eabi/newlib/lib/thumb/v7e-m/fpv4-sp/hard\libc_nano.a(lib_a-writer.o)
                0x0000915c                _write_r
 .text._close_r
                0x00009180       0x20 C:/NXP/S32DS_ARM_v2.2/S32DS/build_tools/gcc_v6.3/gcc-6.3-arm32-eabi/arm-none-eabi/newlib/lib/thumb/v7e-m/fpv4-sp/hard\libc_nano.a(lib_a-closer.o)
                0x00009180                _close_r
 .text._fstat_r
                0x000091a0       0x24 C:/NXP/S32DS_ARM_v2.2/S32DS/build_tools/gcc_v6.3/gcc-6.3-arm32-eabi/arm-none-eabi/newlib/lib/thumb/v7e-m/fpv4-sp/hard\libc_nano.a(lib_a-fstatr.o)
                0x000091a0                _fstat_r
 .text._isatty_r
                0x000091c4       0x20 C:/NXP/S32DS_ARM_v2.2/S32DS/build_tools/gcc_v6.3/gcc-6.3-arm32-eabi/arm-none-eabi/newlib/lib/thumb/v7e-m/fpv4-sp/hard\libc_nano.a(lib_a-isattyr.o)
                0x000091c4                _isatty_r
 .text._lseek_r
                0x000091e4       0x24 C:/NXP/S32DS_ARM_v2.2/S32DS/build_tools/gcc_v6.3/gcc-6.3-arm32-eabi/arm-none-eabi/newlib/lib/thumb/v7e-m/fpv4-sp/hard\libc_nano.a(lib_a-lseekr.o)
                0x000091e4                _lseek_r
 .text.__malloc_lock
                0x00009208        0x2 C:/NXP/S32DS_ARM_v2.2/S32DS/build_tools/gcc_v6.3/gcc-6.3-arm32-eabi/arm-none-eabi/newlib/lib/thumb/v7e-m/fpv4-sp/hard\libc_nano.a(lib_a-mlock.o)
                0x00009208                __malloc_lock
 .text.__malloc_unlock
                0x0000920a        0x2 C:/NXP/S32DS_ARM_v2.2/S32DS/build_tools/gcc_v6.3/gcc-6.3-arm32-eabi/arm-none-eabi/newlib/lib/thumb/v7e-m/fpv4-sp/hard\libc_nano.a(lib_a-mlock.o)
                0x0000920a                __malloc_unlock
 .text._read_r  0x0000920c       0x24 C:/NXP/S32DS_ARM_v2.2/S32DS/build_tools/gcc_v6.3/gcc-6.3-arm32-eabi/arm-none-eabi/newlib/lib/thumb/v7e-m/fpv4-sp/hard\libc_nano.a(lib_a-readr.o)
                0x0000920c                _read_r
 .text._close   0x00009230       0x10 C:/NXP/S32DS_ARM_v2.2/S32DS/build_tools/gcc_v6.3/gcc-6.3-arm32-eabi/arm-none-eabi/newlib/lib/thumb/v7e-m/fpv4-sp/hard\libnosys.a(close.o)
                0x00009230                _close
 .text._fstat   0x00009240       0x10 C:/NXP/S32DS_ARM_v2.2/S32DS/build_tools/gcc_v6.3/gcc-6.3-arm32-eabi/arm-none-eabi/newlib/lib/thumb/v7e-m/fpv4-sp/hard\libnosys.a(fstat.o)
                0x00009240                _fstat
 .text._getpid  0x00009250       0x10 C:/NXP/S32DS_ARM_v2.2/S32DS/build_tools/gcc_v6.3/gcc-6.3-arm32-eabi/arm-none-eabi/newlib/lib/thumb/v7e-m/fpv4-sp/hard\libnosys.a(getpid.o)
                0x00009250                _getpid
 .text._isatty  0x00009260       0x10 C:/NXP/S32DS_ARM_v2.2/S32DS/build_tools/gcc_v6.3/gcc-6.3-arm32-eabi/arm-none-eabi/newlib/lib/thumb/v7e-m/fpv4-sp/hard\libnosys.a(isatty.o)
                0x00009260                _isatty
 .text._kill    0x00009270       0x10 C:/NXP/S32DS_ARM_v2.2/S32DS/build_tools/gcc_v6.3/gcc-6.3-arm32-eabi/arm-none-eabi/newlib/lib/thumb/v7e-m/fpv4-sp/hard\libnosys.a(kill.o)
                0x00009270                _kill
 .text._lseek   0x00009280       0x10 C:/NXP/S32DS_ARM_v2.2/S32DS/build_tools/gcc_v6.3/gcc-6.3-arm32-eabi/arm-none-eabi/newlib/lib/thumb/v7e-m/fpv4-sp/hard\libnosys.a(lseek.o)
                0x00009280                _lseek
 .text._read    0x00009290       0x10 C:/NXP/S32DS_ARM_v2.2/S32DS/build_tools/gcc_v6.3/gcc-6.3-arm32-eabi/arm-none-eabi/newlib/lib/thumb/v7e-m/fpv4-sp/hard\libnosys.a(read.o)
                0x00009290                _read
 .text._sbrk    0x000092a0       0x1c C:/NXP/S32DS_ARM_v2.2/S32DS/build_tools/gcc_v6.3/gcc-6.3-arm32-eabi/arm-none-eabi/newlib/lib/thumb/v7e-m/fpv4-sp/hard\libnosys.a(sbrk.o)
                0x000092a0                _sbrk
 .text._write   0x000092bc       0x10 C:/NXP/S32DS_ARM_v2.2/S32DS/build_tools/gcc_v6.3/gcc-6.3-arm32-eabi/arm-none-eabi/newlib/lib/thumb/v7e-m/fpv4-sp/hard\libnosys.a(write.o)
                0x000092bc                _write
 .text._exit    0x000092cc        0x2 C:/NXP/S32DS_ARM_v2.2/S32DS/build_tools/gcc_v6.3/gcc-6.3-arm32-eabi/arm-none-eabi/newlib/lib/thumb/v7e-m/fpv4-sp/hard\libnosys.a(_exit.o)
                0x000092cc                _exit
 *(.rodata)
 *(.rodata*)
 *fill*         0x000092ce        0x2 
 .rodata.can_pal_0_Config0
                0x000092d0       0x34 ./Generated_Code/can_pal_0.o
                0x000092d0                can_pal_0_Config0
 .rodata.can_pal_0_instance
                0x00009304        0x8 ./Generated_Code/can_pal_0.o
                0x00009304                can_pal_0_instance
 .rodata.clockNameMappings
                0x0000930c       0x9e ./SDK/platform/drivers/src/clock/S32K1xx/clock_S32K1xx.o
                0x0000930c                clockNameMappings
 *fill*         0x000093aa        0x2 
 .rodata.maxSysClksInHSRUN.7598
                0x000093ac       0x54 ./SDK/platform/drivers/src/clock/S32K1xx/clock_S32K1xx.o
 .rodata.maxSysClksInRUN.7597
                0x00009400       0x54 ./SDK/platform/drivers/src/clock/S32K1xx/clock_S32K1xx.o
 .rodata.maxSysClksInVLPR.7596
                0x00009454       0x54 ./SDK/platform/drivers/src/clock/S32K1xx/clock_S32K1xx.o
 .rodata.peripheralFeaturesList
                0x000094a8       0x4f ./SDK/platform/drivers/src/clock/S32K1xx/clock_S32K1xx.o
                0x000094a8                peripheralFeaturesList
 *fill*         0x000094f7        0x1 
 .rodata.g_flexcanBase
                0x000094f8        0xc ./SDK/platform/drivers/src/flexcan/flexcan_driver.o
 .rodata.g_flexcanBusOffIrqId
                0x00009504        0x3 ./SDK/platform/drivers/src/flexcan/flexcan_driver.o
 *fill*         0x00009507        0x1 
 .rodata.g_flexcanErrorIrqId
                0x00009508        0x3 ./SDK/platform/drivers/src/flexcan/flexcan_driver.o
 *fill*         0x0000950b        0x1 
 .rodata.g_flexcanOredMessageBufferIrqId
                0x0000950c        0x6 ./SDK/platform/drivers/src/flexcan/flexcan_driver.o
 *fill*         0x00009512        0x2 
 .rodata.g_flexcanWakeUpIrqId
                0x00009514        0x3 ./SDK/platform/drivers/src/flexcan/flexcan_driver.o
 *fill*         0x00009517        0x1 
 .rodata.payload_code.7337
                0x00009518       0x41 ./SDK/platform/drivers/src/flexcan/flexcan_hw_access.o
 *fill*         0x00009559        0x3 
 .rodata.g_ftmBase
                0x0000955c       0x10 ./SDK/platform/drivers/src/ftm/ftm_common.o
                0x0000955c                g_ftmBase
 .rodata.g_ftmExtClockSel
                0x0000956c        0x8 ./SDK/platform/drivers/src/ftm/ftm_common.o
 .rodata.g_ftmFaultIrqId
                0x00009574        0x4 ./SDK/platform/drivers/src/ftm/ftm_common.o
                0x00009574                g_ftmFaultIrqId
 .rodata.g_ftmIrqId
                0x00009578       0x20 ./SDK/platform/drivers/src/ftm/ftm_common.o
                0x00009578                g_ftmIrqId
 .rodata.g_ftmOverflowIrqId
                0x00009598        0x4 ./SDK/platform/drivers/src/ftm/ftm_common.o
                0x00009598                g_ftmOverflowIrqId
 .rodata.g_ftmReloadIrqId
                0x0000959c        0x4 ./SDK/platform/drivers/src/ftm/ftm_common.o
                0x0000959c                g_ftmReloadIrqId
 .rodata.s_timingOverFtmIsr
                0x000095a0       0x80 ./SDK/platform/pal/src/timing/timing_irq.o
                0x000095a0                s_timingOverFtmIsr
 .rodata.ftmBase
                0x00009620       0x10 ./SDK/platform/pal/src/timing/timing_pal.o
                0x00009620                ftmBase
 .rodata.s_ftmIrq
                0x00009630       0x20 ./SDK/platform/pal/src/timing/timing_pal.o
 .rodata.heartbeatLut
                0x00009650       0x40 ./Sources/application_layer/app_main/src/app_main.o
 .rodata.uds_sw_version
                0x00009690        0xa ./Sources/application_layer/app_uds/src/uds.o
 *fill*         0x0000969a        0x2 
 .rodata.nxp_can_desc_ast
                0x0000969c       0x14 ./Sources/core_layer/bsp/nxp/src/rr_can_nxp.o
 .rodata.rr_crc_nxp_cfg_st
                0x000096b0       0x10 ./Sources/core_layer/bsp/nxp/src/rr_crc_nxp.o
 .rodata.nxp_timer_pal_inst_ast
                0x000096c0        0x8 ./Sources/core_layer/bsp/nxp/src/rr_timer_nxp.o
 .rodata.wdog_nxp_inst_ast
                0x000096c8        0x8 ./Sources/core_layer/bsp/nxp/src/rr_watchdog_nxp.o
 .rodata.__func__.7515
                0x000096d0        0xb ./Sources/middle_layer/communication_stack/src/uds_can_transport.o
 *fill*         0x000096db        0x1 
 .rodata.isotp_poll.str1.4
                0x000096dc       0x60 ./Sources/middle_layer/communication_stack/src/uds_can_transport.o
 .rodata.service_iflash_cfg.5378
                0x0000973c        0x8 ./Sources/middle_layer/services/src/service_iflash.o
 .rodata.srv_wdog_config
                0x00009744       0x14 ./Sources/middle_layer/services/src/service_wdog.o
 .rodata.__assert_func.str1.1
                0x00009758       0x3c C:/NXP/S32DS_ARM_v2.2/S32DS/build_tools/gcc_v6.3/gcc-6.3-arm32-eabi/arm-none-eabi/newlib/lib/thumb/v7e-m/fpv4-sp/hard\libc_nano.a(lib_a-assert.o)
                                 0x3d (size before relaxing)
 .rodata._global_impure_ptr
                0x00009794        0x4 C:/NXP/S32DS_ARM_v2.2/S32DS/build_tools/gcc_v6.3/gcc-6.3-arm32-eabi/arm-none-eabi/newlib/lib/thumb/v7e-m/fpv4-sp/hard\libc_nano.a(lib_a-impure.o)
                0x00009794                _global_impure_ptr
 .rodata._vfprintf_r.str1.1
                0x00009798       0x11 C:/NXP/S32DS_ARM_v2.2/S32DS/build_tools/gcc_v6.3/gcc-6.3-arm32-eabi/arm-none-eabi/newlib/lib/thumb/v7e-m/fpv4-sp/hard\libc_nano.a(lib_a-nano-vfprintf.o)
 *fill*         0x000097a9        0x3 
 .rodata.__sf_fake_stderr
                0x000097ac       0x20 C:/NXP/S32DS_ARM_v2.2/S32DS/build_tools/gcc_v6.3/gcc-6.3-arm32-eabi/arm-none-eabi/newlib/lib/thumb/v7e-m/fpv4-sp/hard\libc_nano.a(lib_a-findfp.o)
                0x000097ac                __sf_fake_stderr
 .rodata.__sf_fake_stdin
                0x000097cc       0x20 C:/NXP/S32DS_ARM_v2.2/S32DS/build_tools/gcc_v6.3/gcc-6.3-arm32-eabi/arm-none-eabi/newlib/lib/thumb/v7e-m/fpv4-sp/hard\libc_nano.a(lib_a-findfp.o)
                0x000097cc                __sf_fake_stdin
 .rodata.__sf_fake_stdout
                0x000097ec       0x20 C:/NXP/S32DS_ARM_v2.2/S32DS/build_tools/gcc_v6.3/gcc-6.3-arm32-eabi/arm-none-eabi/newlib/lib/thumb/v7e-m/fpv4-sp/hard\libc_nano.a(lib_a-findfp.o)
                0x000097ec                __sf_fake_stdout
 .rodata._printf_i.str1.1
                0x0000980c       0x22 C:/NXP/S32DS_ARM_v2.2/S32DS/build_tools/gcc_v6.3/gcc-6.3-arm32-eabi/arm-none-eabi/newlib/lib/thumb/v7e-m/fpv4-sp/hard\libc_nano.a(lib_a-nano-vfprintf_i.o)
 *(.init)
 *fill*         0x0000982e        0x2 
 .init          0x00009830        0x4 c:/nxp/s32ds_arm_v2.2/s32ds/build_tools/gcc_v6.3/gcc-6.3-arm32-eabi/bin/../lib/gcc/arm-none-eabi/6.3.1/thumb/v7e-m/fpv4-sp/hard/crti.o
                0x00009830                _init
 *(.fini)
 .fini          0x00009834        0x4 c:/nxp/s32ds_arm_v2.2/s32ds/build_tools/gcc_v6.3/gcc-6.3-arm32-eabi/bin/../lib/gcc/arm-none-eabi/6.3.1/thumb/v7e-m/fpv4-sp/hard/crti.o
                0x00009834                _fini
 .fini.__stub   0x00009838        0x8 linker stubs
 *(.eh_frame)
                0x00009840                . = ALIGN (0x4)

.glue_7         0x00009840        0x0
 .glue_7        0x00009840        0x0 linker stubs

.glue_7t        0x00009840        0x0
 .glue_7t       0x00009840        0x0 linker stubs

.vfp11_veneer   0x00009840        0x0
 .vfp11_veneer  0x00009840        0x0 linker stubs

.v4_bx          0x00009840        0x0
 .v4_bx         0x00009840        0x0 linker stubs

.iplt           0x00009840        0x0
 .iplt          0x00009840        0x0 c:/nxp/s32ds_arm_v2.2/s32ds/build_tools/gcc_v6.3/gcc-6.3-arm32-eabi/bin/../lib/gcc/arm-none-eabi/6.3.1/thumb/v7e-m/fpv4-sp/hard/crtbegin.o

.ARM            0x00009840        0x8
                0x00009840                __exidx_start = .
 *(.ARM.exidx*)
 .ARM.exidx     0x00009840        0x8 c:/nxp/s32ds_arm_v2.2/s32ds/build_tools/gcc_v6.3/gcc-6.3-arm32-eabi/bin/../lib/gcc/arm-none-eabi/6.3.1/thumb/v7e-m/fpv4-sp/hard\libgcc.a(_udivmoddi4.o)
                0x00009848                __exidx_end = .
                0x00009848                __etext = .
                0x00009848                __DATA_ROM = .

.interrupts_ram
                0x1fff8000      0x400
                0x1fff8000                . = ALIGN (0x4)
                0x1fff8000                __VECTOR_RAM__ = .
                0x1fff8000                __RAM_START = .
                0x1fff8000                __interrupts_ram_start__ = .
 *(.m_interrupts_ram)
                0x1fff8400                . = (. + M_VECTOR_RAM_SIZE)
 *fill*         0x1fff8000      0x400 
                0x1fff8400                . = ALIGN (0x4)
                0x1fff8400                __interrupts_ram_end__ = .
                0x1fff8000                __VECTOR_RAM = DEFINED (__flash_vector_table__)?ORIGIN (m_interrupts):__VECTOR_RAM__
                0x00000400                __RAM_VECTOR_TABLE_SIZE = DEFINED (__flash_vector_table__)?0x0:(__interrupts_ram_end__ - __interrupts_ram_start__)

.data           0x1fff8400      0x250 load address 0x00009848
                0x1fff8400                . = ALIGN (0x4)
                0x1fff8400                __DATA_RAM = .
                0x1fff8400                __data_start__ = .
 *(.data)
 *(.data*)
 .data.clockMan1_InitConfig0
                0x1fff8400       0x78 ./Generated_Code/clockMan1.o
                0x1fff8400                clockMan1_InitConfig0
 .data.g_clockManConfigsArr
                0x1fff8478        0x4 ./Generated_Code/clockMan1.o
                0x1fff8478                g_clockManConfigsArr
 .data.peripheralClockConfig0
                0x1fff847c       0x4b ./Generated_Code/clockMan1.o
                0x1fff847c                peripheralClockConfig0
 *fill*         0x1fff84c7        0x1 
 .data.g_pin_mux_InitConfigArr
                0x1fff84c8       0x30 ./Generated_Code/pin_mux.o
                0x1fff84c8                g_pin_mux_InitConfigArr
 .data.powerConfigsArr
                0x1fff84f8        0x4 ./Generated_Code/pwrMan1.o
                0x1fff84f8                powerConfigsArr
 .data.pwrMan1_InitConfig0
                0x1fff84fc        0x2 ./Generated_Code/pwrMan1.o
                0x1fff84fc                pwrMan1_InitConfig0
 *fill*         0x1fff84fe        0x2 
 .data.SystemCoreClock
                0x1fff8500        0x4 ./SDK/platform/devices/S32K144/startup/system_S32K144.o
                0x1fff8500                SystemCoreClock
 .data.peripheralClockConfig.7360
                0x1fff8504       0xa0 ./SDK/platform/drivers/src/clock/S32K1xx/clock_S32K1xx.o
 .data.app_inst_1_filters_ast
                0x1fff85a4       0x48 ./Sources/middle_layer/services/src/service_can.o
 .data._impure_ptr
                0x1fff85ec        0x4 C:/NXP/S32DS_ARM_v2.2/S32DS/build_tools/gcc_v6.3/gcc-6.3-arm32-eabi/arm-none-eabi/newlib/lib/thumb/v7e-m/fpv4-sp/hard\libc_nano.a(lib_a-impure.o)
                0x1fff85ec                _impure_ptr
 .data.impure_data
                0x1fff85f0       0x60 C:/NXP/S32DS_ARM_v2.2/S32DS/build_tools/gcc_v6.3/gcc-6.3-arm32-eabi/arm-none-eabi/newlib/lib/thumb/v7e-m/fpv4-sp/hard\libc_nano.a(lib_a-impure.o)
                0x1fff8650                . = ALIGN (0x4)
                0x1fff8650                __data_end__ = .
                0x00009a98                __DATA_END = (__DATA_ROM + (__data_end__ - __data_start__))
                0x00009a98                __CODE_ROM = __DATA_END

.igot.plt       0x1fff8650        0x0 load address 0x00009a98
 .igot.plt      0x1fff8650        0x0 c:/nxp/s32ds_arm_v2.2/s32ds/build_tools/gcc_v6.3/gcc-6.3-arm32-eabi/bin/../lib/gcc/arm-none-eabi/6.3.1/thumb/v7e-m/fpv4-sp/hard/crtbegin.o

.code           0x1fff8650       0x38 load address 0x00009a98
                0x1fff8650                . = ALIGN (0x4)
                0x1fff8650                __CODE_RAM = .
                0x1fff8650                __code_start__ = .
                0x1fff8650                __code_ram_start__ = .
 *(.code_ram)
 .code_ram      0x1fff8650       0x38 ./SDK/platform/drivers/src/flash/flash_driver.o
                0x1fff8688                . = ALIGN (0x4)
                0x1fff8688                __code_end__ = .
                0x1fff8688                __code_ram_end__ = .
                0x00009ad0                __CODE_END = (__CODE_ROM + (__code_end__ - __code_start__))
                0x00009ad0                __CUSTOM_ROM = __CODE_END

.rel.dyn        0x1fff8688        0x0 load address 0x00009ad0
 .rel.iplt      0x1fff8688        0x0 c:/nxp/s32ds_arm_v2.2/s32ds/build_tools/gcc_v6.3/gcc-6.3-arm32-eabi/bin/../lib/gcc/arm-none-eabi/6.3.1/thumb/v7e-m/fpv4-sp/hard/crtbegin.o

.customSectionBlock
                0x20000000        0x0 load address 0x00009ad0
                0x20000000                __customSection_start__ = .
 *(.customSection)
                0x20000000                __customSection_end__ = .
                0x00009ad0                __CUSTOM_END = (__CUSTOM_ROM + (__customSection_end__ - __customSection_start__))

.bss            0x20000000     0x29e8
                0x20000000                . = ALIGN (0x4)
                0x20000000                __BSS_START = .
                0x20000000                __bss_start__ = .
 *(.bss)
 *(.bss*)
 .bss.g_clockManCallbacksArr
                0x20000000        0x4 ./Generated_Code/clockMan1.o
                0x20000000                g_clockManCallbacksArr
 .bss.powerStaticCallbacksConfigsArr
                0x20000004        0x4 ./Generated_Code/pwrMan1.o
                0x20000004                powerStaticCallbacksConfigsArr
 .bss.g_RtcClkInFreq
                0x20000008        0x4 ./SDK/platform/drivers/src/clock/S32K1xx/clock_S32K1xx.o
                0x20000008                g_RtcClkInFreq
 .bss.g_TClkFreq
                0x2000000c        0xc ./SDK/platform/drivers/src/clock/S32K1xx/clock_S32K1xx.o
                0x2000000c                g_TClkFreq
 .bss.g_clockState
                0x20000018       0x10 ./SDK/platform/drivers/src/clock/S32K1xx/clock_S32K1xx.o
 .bss.g_xtal0ClkFreq
                0x20000028        0x4 ./SDK/platform/drivers/src/clock/S32K1xx/clock_S32K1xx.o
                0x20000028                g_xtal0ClkFreq
 .bss.s_virtEdmaState
                0x2000002c        0x4 ./SDK/platform/drivers/src/edma/edma_driver.o
 .bss.g_flexcanStatePtr
                0x20000030        0xc ./SDK/platform/drivers/src/flexcan/flexcan_driver.o
 .bss.ftmStatePtr
                0x2000003c       0x10 ./SDK/platform/drivers/src/ftm/ftm_common.o
                0x2000003c                ftmStatePtr
 .bss.g_interruptDisableCount
                0x2000004c        0x4 ./SDK/platform/drivers/src/interrupt/interrupt_manager.o
 .bss.enableFIRC
                0x20000050        0x1 ./SDK/platform/drivers/src/power/S32K1xx/power_manager_S32K1xx.o
 .bss.enableSOSC
                0x20000051        0x1 ./SDK/platform/drivers/src/power/S32K1xx/power_manager_S32K1xx.o
 .bss.enableSPLL
                0x20000052        0x1 ./SDK/platform/drivers/src/power/S32K1xx/power_manager_S32K1xx.o
 *fill*         0x20000053        0x1 
 .bss.gPowerManagerState
                0x20000054       0x10 ./SDK/platform/drivers/src/power/S32K1xx/power_manager_S32K1xx.o
                0x20000054                gPowerManagerState
 .bss.s_flexcanRxFifoState
                0x20000064        0x2 ./SDK/platform/pal/src/can/can_pal.o
 *fill*         0x20000066        0x2 
 .bss.s_flexcanState
                0x20000068      0x114 ./SDK/platform/pal/src/can/can_pal.o
 .bss.s_flexcanStateInstanceMapping
                0x2000017c        0x4 ./SDK/platform/pal/src/can/can_pal.o
 .bss.s_flexcanStateIsAllocated
                0x20000180        0x1 ./SDK/platform/pal/src/can/can_pal.o
 *fill*         0x20000181        0x3 
 .bss.s_hwObjConfigs
                0x20000184       0x80 ./SDK/platform/pal/src/can/can_pal.o
 .bss.ftmState.7463
                0x20000204      0x180 ./SDK/platform/pal/src/timing/timing_pal.o
 .bss.g_ftmChannelRunning
                0x20000384       0x20 ./SDK/platform/pal/src/timing/timing_pal.o
                0x20000384                g_ftmChannelRunning
 .bss.s_ftmState
                0x200003a4      0x300 ./SDK/platform/pal/src/timing/timing_pal.o
 .bss.s_osif_tick_cnt
                0x200006a4        0x4 ./SDK/rtos/osif/osif_baremetal.o
 .bss.lutIdx.9259
                0x200006a8        0x1 ./Sources/application_layer/app_main/src/app_main.o
 *fill*         0x200006a9        0x3 
 .bss.stepAccumUs.9260
                0x200006ac        0x4 ./Sources/application_layer/app_main/src/app_main.o
 .bss.uds_fingerprint
                0x200006b0       0x10 ./Sources/application_layer/app_uds/src/uds.o
 .bss.uds_srvr  0x200006c0     0x2038 ./Sources/application_layer/app_uds/src/uds.o
 .bss.buff_cfg_st.8898
                0x200026f8        0x5 ./Sources/core_layer/bsp/nxp/src/rr_can_nxp.o
 *fill*         0x200026fd        0x3 
 .bss.nxp_can_state_ast
                0x20002700       0xa0 ./Sources/core_layer/bsp/nxp/src/rr_can_nxp.o
 .bss.rr_crc_hw_ready_u8
                0x200027a0        0x1 ./Sources/core_layer/bsp/nxp/src/rr_crc_nxp.o
 *fill*         0x200027a1        0x3 
 .bss.iflash_nxp_crc_compute32_pf
                0x200027a4        0x4 ./Sources/core_layer/bsp/nxp/src/rr_iflash_nxp.o
 .bss.iflash_ssd_cfg_st
                0x200027a8       0x1c ./Sources/core_layer/bsp/nxp/src/rr_iflash_nxp.o
 .bss.nxp_timer_chan_tag_aast
                0x200027c4       0x10 ./Sources/core_layer/bsp/nxp/src/rr_timer_nxp.o
 .bss.nxp_timer_pal_cfg_ast
                0x200027d4        0xc ./Sources/core_layer/bsp/nxp/src/rr_timer_nxp.o
 .bss.nxp_timer_pal_chan_aast
                0x200027e0       0x60 ./Sources/core_layer/bsp/nxp/src/rr_timer_nxp.o
 .bss.nxp_timer_pal_ext_ast
                0x20002840        0x4 ./Sources/core_layer/bsp/nxp/src/rr_timer_nxp.o
 .bss.nxp_timer_period_ticks_aau32
                0x20002844       0x20 ./Sources/core_layer/bsp/nxp/src/rr_timer_nxp.o
 .bss.wdog_nxp_cfg_ast
                0x20002864       0x10 ./Sources/core_layer/bsp/nxp/src/rr_watchdog_nxp.o
 .bss.can_err_cb_apf
                0x20002874        0x4 ./Sources/core_layer/drivers/src/rr_can.o
 .bss.can_filter_cnt_au8
                0x20002878        0x1 ./Sources/core_layer/drivers/src/rr_can.o
                0x20002878                can_filter_cnt_au8
 *fill*         0x20002879        0x3 
 .bss.can_rx_cb_apf
                0x2000287c        0x4 ./Sources/core_layer/drivers/src/rr_can.o
 .bss.iflash_cfg_pst
                0x20002880        0x4 ./Sources/core_layer/drivers/src/rr_iflash.o
 .bss.timer_cb_aapf
                0x20002884       0x20 ./Sources/core_layer/drivers/src/rr_timer.o
                0x20002884                timer_cb_aapf
 .bss.timer_cfg_pst
                0x200028a4        0x4 ./Sources/core_layer/drivers/src/rr_timer.o
                0x200028a4                timer_cfg_pst
 .bss.timer_chan_cnt_au8
                0x200028a8        0x1 ./Sources/core_layer/drivers/src/rr_timer.o